Archive member included because of file (symbol)

/Users/arigita/Development/gcc-arm-none-eabi-4_9-2015q3/bin/../lib/gcc/arm-none-eabi/4.9.3/../../../../arm-none-eabi/lib/armv7-m/libm.a(lib_a-s_floor.o)
                              ./src/Project_Files/System/Modules/RF/hw_hoperf.o (floor)
/Users/arigita/Development/gcc-arm-none-eabi-4_9-2015q3/bin/../lib/gcc/arm-none-eabi/4.9.3/armv7-m/libgcc.a(_arm_addsubdf3.o)
                              /Users/arigita/Development/gcc-arm-none-eabi-4_9-2015q3/bin/../lib/gcc/arm-none-eabi/4.9.3/../../../../arm-none-eabi/lib/armv7-m/libm.a(lib_a-s_floor.o) (__aeabi_dadd)
/Users/arigita/Development/gcc-arm-none-eabi-4_9-2015q3/bin/../lib/gcc/arm-none-eabi/4.9.3/armv7-m/libgcc.a(_arm_muldivdf3.o)
                              ./src/Project_Files/System/Modules/RF/hw_hoperf.o (__aeabi_dmul)
/Users/arigita/Development/gcc-arm-none-eabi-4_9-2015q3/bin/../lib/gcc/arm-none-eabi/4.9.3/armv7-m/libgcc.a(_arm_cmpdf2.o)
                              ./src/Project_Files/System/Modules/RF/hw_hoperf.o (__aeabi_dcmpgt)
/Users/arigita/Development/gcc-arm-none-eabi-4_9-2015q3/bin/../lib/gcc/arm-none-eabi/4.9.3/armv7-m/libgcc.a(_arm_fixunsdfsi.o)
                              ./src/Project_Files/System/Modules/RF/hw_hoperf.o (__aeabi_d2uiz)
/Users/arigita/Development/gcc-arm-none-eabi-4_9-2015q3/bin/../lib/gcc/arm-none-eabi/4.9.3/armv7-m/libgcc.a(_arm_truncdfsf2.o)
                              ./src/Project_Files/System/Modules/RF/hw_hoperf.o (__aeabi_d2f)
/Users/arigita/Development/gcc-arm-none-eabi-4_9-2015q3/bin/../lib/gcc/arm-none-eabi/4.9.3/armv7-m/libgcc.a(_arm_addsubsf3.o)
                              ./src/Project_Files/System/Modules/RF/hw_hoperf.o (__aeabi_fsub)
/Users/arigita/Development/gcc-arm-none-eabi-4_9-2015q3/bin/../lib/gcc/arm-none-eabi/4.9.3/armv7-m/libgcc.a(_arm_muldivsf3.o)
                              ./src/Project_Files/System/Modules/RF/hw_hoperf.o (__aeabi_fmul)
/Users/arigita/Development/gcc-arm-none-eabi-4_9-2015q3/bin/../lib/gcc/arm-none-eabi/4.9.3/armv7-m/libgcc.a(_arm_cmpsf2.o)
                              ./src/Project_Files/Application/State_Machines/Telemetry_HUB/telemetryHUB_sm.o (__aeabi_fcmpeq)
/Users/arigita/Development/gcc-arm-none-eabi-4_9-2015q3/bin/../lib/gcc/arm-none-eabi/4.9.3/armv7-m/libgcc.a(_arm_fixsfsi.o)
                              ./src/Project_Files/Application/State_Machines/Telemetry_HUB/telemetryHUB_sm.o (__aeabi_f2iz)
/Users/arigita/Development/gcc-arm-none-eabi-4_9-2015q3/bin/../lib/gcc/arm-none-eabi/4.9.3/armv7-m/libgcc.a(_arm_fixunssfsi.o)
                              ./src/Project_Files/System/Modules/RF/hw_hoperf.o (__aeabi_f2uiz)
/Users/arigita/Development/gcc-arm-none-eabi-4_9-2015q3/bin/../lib/gcc/arm-none-eabi/4.9.3/../../../../arm-none-eabi/lib/armv7-m/libg_nano.a(lib_a-atoi.o)
                              ./src/Project_Files/Application/State_Machines/Telemetry_HUB/telemetryHUB_sm.o (atoi)
/Users/arigita/Development/gcc-arm-none-eabi-4_9-2015q3/bin/../lib/gcc/arm-none-eabi/4.9.3/../../../../arm-none-eabi/lib/armv7-m/libg_nano.a(lib_a-errno.o)
                              ./system/src/newlib/_sbrk.o (__errno)
/Users/arigita/Development/gcc-arm-none-eabi-4_9-2015q3/bin/../lib/gcc/arm-none-eabi/4.9.3/../../../../arm-none-eabi/lib/armv7-m/libg_nano.a(lib_a-impure.o)
                              /Users/arigita/Development/gcc-arm-none-eabi-4_9-2015q3/bin/../lib/gcc/arm-none-eabi/4.9.3/../../../../arm-none-eabi/lib/armv7-m/libg_nano.a(lib_a-errno.o) (_impure_ptr)
/Users/arigita/Development/gcc-arm-none-eabi-4_9-2015q3/bin/../lib/gcc/arm-none-eabi/4.9.3/../../../../arm-none-eabi/lib/armv7-m/libg_nano.a(lib_a-memcpy.o)
                              ./src/Project_Files/System/Modules/RF/hw_hoperf.o (memcpy)
/Users/arigita/Development/gcc-arm-none-eabi-4_9-2015q3/bin/../lib/gcc/arm-none-eabi/4.9.3/../../../../arm-none-eabi/lib/armv7-m/libg_nano.a(lib_a-strlen.o)
                              ./system/src/diag/Trace.o (strlen)
/Users/arigita/Development/gcc-arm-none-eabi-4_9-2015q3/bin/../lib/gcc/arm-none-eabi/4.9.3/../../../../arm-none-eabi/lib/armv7-m/libg_nano.a(lib_a-strtol.o)
                              /Users/arigita/Development/gcc-arm-none-eabi-4_9-2015q3/bin/../lib/gcc/arm-none-eabi/4.9.3/../../../../arm-none-eabi/lib/armv7-m/libg_nano.a(lib_a-atoi.o) (_strtol_r)
/Users/arigita/Development/gcc-arm-none-eabi-4_9-2015q3/bin/../lib/gcc/arm-none-eabi/4.9.3/../../../../arm-none-eabi/lib/armv7-m/libg_nano.a(lib_a-vsnprintf.o)
                              ./system/src/diag/Trace.o (vsnprintf)
/Users/arigita/Development/gcc-arm-none-eabi-4_9-2015q3/bin/../lib/gcc/arm-none-eabi/4.9.3/../../../../arm-none-eabi/lib/armv7-m/libg_nano.a(lib_a-ctype_.o)
                              /Users/arigita/Development/gcc-arm-none-eabi-4_9-2015q3/bin/../lib/gcc/arm-none-eabi/4.9.3/../../../../arm-none-eabi/lib/armv7-m/libg_nano.a(lib_a-strtol.o) (__ctype_ptr__)
[...]
Memory Configuration

Name             Origin             Length             Attributes
RAM              0x0000000020000000 0x0000000000010000 xrw
CCMRAM           0x0000000000000000 0x0000000000000000 xrw
FLASH            0x0000000008000000 0x0000000000080000 xr
FLASHB1          0x0000000000000000 0x0000000000000000 xr
EXTMEMB0         0x0000000000000000 0x0000000000000000 xr
EXTMEMB1         0x0000000000000000 0x0000000000000000 xr
EXTMEMB2         0x0000000000000000 0x0000000000000000 xr
EXTMEMB3         0x0000000000000000 0x0000000000000000 xr
MEMORY_ARRAY     0x0000000000000000 0x0000000000000000 xrw
*default*        0x0000000000000000 0xffffffffffffffff

Linker script and memory map

LOAD ./system/src/stm32f1-stdperiph/misc.o
LOAD ./system/src/stm32f1-stdperiph/stm32f10x_adc.o
LOAD ./system/src/stm32f1-stdperiph/stm32f10x_bkp.o
LOAD ./system/src/stm32f1-stdperiph/stm32f10x_can.o
LOAD ./system/src/stm32f1-stdperiph/stm32f10x_cec.o
LOAD ./system/src/stm32f1-stdperiph/stm32f10x_crc.o
LOAD ./system/src/stm32f1-stdperiph/stm32f10x_dac.o
LOAD ./system/src/stm32f1-stdperiph/stm32f10x_dbgmcu.o
LOAD ./system/src/stm32f1-stdperiph/stm32f10x_dma.o
LOAD ./system/src/stm32f1-stdperiph/stm32f10x_exti.o
LOAD ./system/src/stm32f1-stdperiph/stm32f10x_flash.o
LOAD ./system/src/stm32f1-stdperiph/stm32f10x_fsmc.o
LOAD ./system/src/stm32f1-stdperiph/stm32f10x_gpio.o
LOAD ./system/src/stm32f1-stdperiph/stm32f10x_i2c.o
LOAD ./system/src/stm32f1-stdperiph/stm32f10x_iwdg.o
LOAD ./system/src/stm32f1-stdperiph/stm32f10x_pwr.o
LOAD ./system/src/stm32f1-stdperiph/stm32f10x_rcc.o
LOAD ./system/src/stm32f1-stdperiph/stm32f10x_rtc.o
LOAD ./system/src/stm32f1-stdperiph/stm32f10x_sdio.o
LOAD ./system/src/stm32f1-stdperiph/stm32f10x_spi.o
LOAD ./system/src/stm32f1-stdperiph/stm32f10x_tim.o
LOAD ./system/src/stm32f1-stdperiph/stm32f10x_usart.o
LOAD ./system/src/stm32f1-stdperiph/stm32f10x_wwdg.o
LOAD ./system/src/newlib/_cxx.o
LOAD ./system/src/newlib/_exit.o
LOAD ./system/src/newlib/_sbrk.o
LOAD ./system/src/newlib/_startup.o
LOAD ./system/src/newlib/_syscalls.o
LOAD ./system/src/newlib/assert.o
LOAD ./system/src/diag/Trace.o
LOAD ./system/src/diag/trace_impl.o
LOAD ./system/src/cortexm/_initialize_hardware.o
LOAD ./system/src/cortexm/_reset_hardware.o
LOAD ./system/src/cortexm/exception_handlers.o
LOAD ./system/src/cmsis/system_stm32f10x.o
LOAD ./system/src/cmsis/vectors_stm32f10x.o
LOAD ./src/Project_Files/System/Modules/RF/hw_commonrf.o
LOAD ./src/Project_Files/System/Modules/RF/hw_hoperf.o
LOAD ./src/Project_Files/System/Modules/RF/hw_nRF24L01.o
LOAD ./src/Project_Files/System/Modules/MPU6050/hw_MPU6050.o
LOAD ./src/Project_Files/System/Modules/MCU/hw_ADC.o
LOAD ./src/Project_Files/System/Modules/MCU/hw_eeprom.o
LOAD ./src/Project_Files/System/Modules/MCU/hw_interr.o
LOAD ./src/Project_Files/System/Modules/MCU/hw_mcu.o
LOAD ./src/Project_Files/System/Modules/MCU/hw_ports.o
LOAD ./src/Project_Files/System/Modules/MCU/hw_spi.o
LOAD ./src/Project_Files/System/Modules/MCU/hw_timers.o
LOAD ./src/Project_Files/System/Modules/MCU/hw_usart.o
LOAD ./src/Project_Files/System/Low_Level_State_Machines/SafeLink_Handler/SafeLink_Handler_LLSM.o
LOAD ./src/Project_Files/System/Low_Level_State_Machines/RF_Handler/RF_Handler_LLSM.o
LOAD ./src/Project_Files/System/Low_Level_State_Machines/Error_Handler/Error_Handler_LLSM.o
LOAD ./src/Project_Files/System/Low_Level_State_Machines/CH_Generation/CHGeneration_llsm.o
LOAD ./src/Project_Files/System/HAL/hw_general.o
LOAD ./src/Project_Files/Lib/sw_filter.o
LOAD ./src/Project_Files/Event_Manager/event_manager.o
LOAD ./src/Project_Files/Event_Manager/state_machine_fw.o
LOAD ./src/Project_Files/Application/State_Machines/Telemetry_HUB/telemetryHUB_sm.o
LOAD ./src/Project_Files/Application/State_Machines/Safety/safety_sm.o
LOAD ./src/Project_Files/Application/State_Machines/Control_CH/controlCH_sm.o
LOAD ./src/Project_Files/Application/State_Machines/Communications/communications_sm.o
LOAD ./src/Project_Files/Application/State_Machines/CmdInput/cmdInput_sm.o
LOAD ./src/Project_Files/main.o
LOAD ./src/Project_Files/stm32f10x_it.o
LOAD /Users/arigita/Development/gcc-arm-none-eabi-4_9-2015q3/bin/../lib/gcc/arm-none-eabi/4.9.3/../../../../arm-none-eabi/lib/armv7-m/libstdc++_nano.a
LOAD /Users/arigita/Development/gcc-arm-none-eabi-4_9-2015q3/bin/../lib/gcc/arm-none-eabi/4.9.3/../../../../arm-none-eabi/lib/armv7-m/libm.a
START GROUP
LOAD /Users/arigita/Development/gcc-arm-none-eabi-4_9-2015q3/bin/../lib/gcc/arm-none-eabi/4.9.3/armv7-m/libgcc.a
LOAD /Users/arigita/Development/gcc-arm-none-eabi-4_9-2015q3/bin/../lib/gcc/arm-none-eabi/4.9.3/../../../../arm-none-eabi/lib/armv7-m/libg_nano.a
LOAD /Users/arigita/Development/gcc-arm-none-eabi-4_9-2015q3/bin/../lib/gcc/arm-none-eabi/4.9.3/../../../../arm-none-eabi/lib/armv7-m/libc_nano.a
END GROUP
START GROUP
LOAD /Users/arigita/Development/gcc-arm-none-eabi-4_9-2015q3/bin/../lib/gcc/arm-none-eabi/4.9.3/armv7-m/libgcc.a
LOAD /Users/arigita/Development/gcc-arm-none-eabi-4_9-2015q3/bin/../lib/gcc/arm-none-eabi/4.9.3/../../../../arm-none-eabi/lib/armv7-m/libc_nano.a
END GROUP
                0x0000000020010000                __stack = (ORIGIN (RAM) + 0x10000)
                0x0000000020010000                _estack = __stack
                0x0000000000000400                __Main_Stack_Size = 0x400
                0x0000000000000400                PROVIDE (_Main_Stack_Size, __Main_Stack_Size)
                0x000000002000fc00                __Main_Stack_Limit = (__stack - __Main_Stack_Size)
                0x000000002000fc00                PROVIDE (_Main_Stack_Limit, __Main_Stack_Limit)
                0x0000000000000100                _Minimum_Stack_Size = 0x100
                0x0000000020000ce8                PROVIDE (_Heap_Begin, _end_noinit)
                0x000000002000fc00                PROVIDE (_Heap_Limit, (__stack - __Main_Stack_Size))

.isr_vector     0x0000000008000000      0x4dc
 FILL mask 0xff
                0x0000000008000000                __vectors_start = ABSOLUTE (.)
                0x0000000008000000                __vectors_start__ = ABSOLUTE (.)
 *(.isr_vector)
 .isr_vector    0x0000000008000000      0x1e4 ./system/src/cmsis/vectors_stm32f10x.o
                0x0000000008000000                __isr_vectors
 *(.cfmconfig)
 *(.after_vectors .after_vectors.*)
 .after_vectors
                0x00000000080001e4      0x178 ./system/src/newlib/_startup.o
                0x00000000080001e4                _start
 .after_vectors
                0x000000000800035c      0x178 ./system/src/cortexm/exception_handlers.o
                0x000000000800035c                Reset_Handler
                0x0000000008000380                HardFault_Handler_C
                0x0000000008000410                BusFault_Handler_C
                0x0000000008000464                UsageFault_Handler_C
 .after_vectors
                0x00000000080004d4        0x8 ./system/src/cmsis/vectors_stm32f10x.o
                0x00000000080004d4                TIM1_BRK_TIM15_IRQHandler
                0x00000000080004d4                TIM8_TRG_COM_IRQHandler
                0x00000000080004d4                TIM8_CC_IRQHandler
                0x00000000080004d4                TIM1_CC_IRQHandler
                0x00000000080004d4                TIM6_IRQHandler
                0x00000000080004d4                PVD_IRQHandler
                0x00000000080004d4                SDIO_IRQHandler
                0x00000000080004d4                CAN2_RX1_IRQHandler
                0x00000000080004d4                TIM8_TRG_COM_TIM14_IRQHandler
                0x00000000080004d4                TIM1_UP_TIM10_IRQHandler
                0x00000000080004d4                TIM8_UP_TIM13_IRQHandler
                0x00000000080004d4                EXTI0_IRQHandler
                0x00000000080004d4                I2C2_EV_IRQHandler
                0x00000000080004d4                CAN1_RX0_IRQHandler
                0x00000000080004d4                TIM1_UP_TIM16_IRQHandler
                0x00000000080004d4                CAN2_SCE_IRQHandler
                0x00000000080004d4                ADC1_2_IRQHandler
                0x00000000080004d4                SPI1_IRQHandler
                0x00000000080004d4                TAMPER_IRQHandler
                0x00000000080004d4                TIM6_DAC_IRQHandler
                0x00000000080004d4                TIM1_BRK_TIM9_IRQHandler
                0x00000000080004d4                CAN2_RX0_IRQHandler
                0x00000000080004d4                TIM8_UP_IRQHandler
                0x00000000080004d4                DMA2_Channel2_IRQHandler
                0x00000000080004d4                DMA1_Channel4_IRQHandler
                0x00000000080004d4                USART3_IRQHandler
                0x00000000080004d4                RTC_IRQHandler
                0x00000000080004d4                DMA1_Channel7_IRQHandler
                0x00000000080004d4                CAN1_RX1_IRQHandler
                0x00000000080004d4                UART5_IRQHandler
                0x00000000080004d4                ADC3_IRQHandler
                0x00000000080004d4                TIM4_IRQHandler
                0x00000000080004d4                DMA2_Channel1_IRQHandler
                0x00000000080004d4                I2C1_EV_IRQHandler
                0x00000000080004d4                DMA1_Channel6_IRQHandler
                0x00000000080004d4                UART4_IRQHandler
                0x00000000080004d4                DMA2_Channel4_IRQHandler
                0x00000000080004d4                RCC_IRQHandler
                0x00000000080004d4                TIM8_BRK_TIM12_IRQHandler
                0x00000000080004d4                TIM1_TRG_COM_IRQHandler
                0x00000000080004d4                DMA1_Channel1_IRQHandler
                0x00000000080004d4                Default_Handler
                0x00000000080004d4                CEC_IRQHandler
                0x00000000080004d4                EXTI15_10_IRQHandler
                0x00000000080004d4                TIM14_IRQHandler
                0x00000000080004d4                TIM13_IRQHandler
                0x00000000080004d4                TIM12_IRQHandler
                0x00000000080004d4                TIM7_IRQHandler
                0x00000000080004d4                CAN2_TX_IRQHandler
                0x00000000080004d4                TIM5_IRQHandler
                0x00000000080004d4                ETH_WKUP_IRQHandler
                0x00000000080004d4                SPI2_IRQHandler
                0x00000000080004d4                CAN1_TX_IRQHandler
                0x00000000080004d4                DMA2_Channel5_IRQHandler
                0x00000000080004d4                DMA1_Channel5_IRQHandler
                0x00000000080004d4                EXTI4_IRQHandler
                0x00000000080004d4                USB_LP_CAN1_RX0_IRQHandler
                0x00000000080004d4                TIM1_TRG_COM_TIM17_IRQHandler
                0x00000000080004d4                USB_HP_CAN1_TX_IRQHandler
                0x00000000080004d4                DMA1_Channel3_IRQHandler
                0x00000000080004d4                FSMC_IRQHandler
                0x00000000080004d4                ETH_IRQHandler
                0x00000000080004d4                TIM1_UP_IRQHandler
                0x00000000080004d4                WWDG_IRQHandler
                0x00000000080004d4                OTG_FS_WKUP_IRQHandler
                0x00000000080004d4                TIM1_TRG_COM_TIM11_IRQHandler
                0x00000000080004d4                TIM1_BRK_IRQHandler
                0x00000000080004d4                EXTI1_IRQHandler
                0x00000000080004d4                RTCAlarm_IRQHandler
                0x00000000080004d4                DMA2_Channel4_5_IRQHandler
                0x00000000080004d4                USART2_IRQHandler
                0x00000000080004d4                I2C2_ER_IRQHandler
                0x00000000080004d4                DMA1_Channel2_IRQHandler
                0x00000000080004d4                TIM8_BRK_IRQHandler
                0x00000000080004d4                CAN1_SCE_IRQHandler
                0x00000000080004d4                FLASH_IRQHandler
                0x00000000080004d4                USART1_IRQHandler
                0x00000000080004d4                OTG_FS_IRQHandler
                0x00000000080004d4                SPI3_IRQHandler
                0x00000000080004d4                I2C1_ER_IRQHandler
                0x00000000080004d4                USBWakeUp_IRQHandler
                0x00000000080004d4                DMA2_Channel3_IRQHandler
                0x00000000080004d4                EXTI2_IRQHandler

.inits          0x00000000080004dc       0x28
                0x00000000080004dc                __data_regions_array_start = .
                0x00000000080004dc        0x4 LONG 0x8007f38 LOADADDR (.data)
                0x00000000080004e0        0x4 LONG 0x20000000 ADDR (.data)
                0x00000000080004e4        0x4 LONG 0x200002a0 (ADDR (.data) + SIZEOF (.data))
                0x00000000080004e8        0x4 LONG 0x8007f38 LOADADDR (.data_CCMRAM)
                0x00000000080004ec        0x4 LONG 0x0 ADDR (.data_CCMRAM)
                0x00000000080004f0        0x4 LONG 0x0 (ADDR (.data_CCMRAM) + SIZEOF (.data_CCMRAM))
                0x00000000080004f4                __data_regions_array_end = .
                0x00000000080004f4                __bss_regions_array_start = .
                0x00000000080004f4        0x4 LONG 0x200002a0 ADDR (.bss)
                0x00000000080004f8        0x4 LONG 0x20000ce8 (ADDR (.bss) + SIZEOF (.bss))
                0x00000000080004fc        0x4 LONG 0x0 ADDR (.bss_CCMRAM)
                0x0000000008000500        0x4 LONG 0x0 (ADDR (.bss_CCMRAM) + SIZEOF (.bss_CCMRAM))
                0x0000000008000504                __bss_regions_array_end = .
 *(.init)
 *(.fini)
                0x0000000008000504                . = ALIGN (0x4)
                0x0000000008000504                PROVIDE (__preinit_array_start, .)
 *(.preinit_array_sysinit .preinit_array_sysinit.*)
 *(.preinit_array_platform .preinit_array_platform.*)
 *(.preinit_array .preinit_array.*)
                0x0000000008000504                PROVIDE (__preinit_array_end, .)
                0x0000000008000504                . = ALIGN (0x4)
                0x0000000008000504                PROVIDE (__init_array_start, .)
 *(SORT(.init_array.*))
 *(.init_array)
                0x0000000008000504                PROVIDE (__init_array_end, .)
                0x0000000008000504                . = ALIGN (0x4)
                0x0000000008000504                PROVIDE (__fini_array_start, .)
 *(SORT(.fini_array.*))
 *(.fini_array)
                0x0000000008000504                PROVIDE (__fini_array_end, .)

.flashtext
 *(.flashtext .flashtext.*)

.text           0x0000000008000508     0x7a2f
 *(.text .text.*)
 .text.NVIC_Init
                0x0000000008000508       0xfc ./system/src/stm32f1-stdperiph/misc.o
                0x0000000008000508                NVIC_Init
 .text.ADC_DeInit
                0x0000000008000604       0x98 ./system/src/stm32f1-stdperiph/stm32f10x_adc.o
                0x0000000008000604                ADC_DeInit
 .text.EXTI_Init
                0x000000000800069c      0x150 ./system/src/stm32f1-stdperiph/stm32f10x_exti.o
                0x000000000800069c                EXTI_Init
 .text.EXTI_GetITStatus
                0x00000000080007ec       0xe0 ./system/src/stm32f1-stdperiph/stm32f10x_exti.o
                0x00000000080007ec                EXTI_GetITStatus
 .text.EXTI_ClearITPendingBit
                0x00000000080008cc       0x34 ./system/src/stm32f1-stdperiph/stm32f10x_exti.o
                0x00000000080008cc                EXTI_ClearITPendingBit
 .text.FLASH_SetLatency
                0x0000000008000900       0x54 ./system/src/stm32f1-stdperiph/stm32f10x_flash.o
                0x0000000008000900                FLASH_SetLatency
 .text.FLASH_PrefetchBufferCmd
                0x0000000008000954       0x44 ./system/src/stm32f1-stdperiph/stm32f10x_flash.o
                0x0000000008000954                FLASH_PrefetchBufferCmd
 .text.FLASH_Unlock
                0x0000000008000998       0x24 ./system/src/stm32f1-stdperiph/stm32f10x_flash.o
                0x0000000008000998                FLASH_Unlock
 .text.FLASH_ErasePage
                0x00000000080009bc       0x88 ./system/src/stm32f1-stdperiph/stm32f10x_flash.o
                0x00000000080009bc                FLASH_ErasePage
 .text.FLASH_ProgramHalfWord
                0x0000000008000a44       0x80 ./system/src/stm32f1-stdperiph/stm32f10x_flash.o
                0x0000000008000a44                FLASH_ProgramHalfWord
 .text.FLASH_GetBank1Status
                0x0000000008000ac4       0x58 ./system/src/stm32f1-stdperiph/stm32f10x_flash.o
                0x0000000008000ac4                FLASH_GetBank1Status
 .text.FLASH_WaitForLastOperation
                0x0000000008000b1c       0x44 ./system/src/stm32f1-stdperiph/stm32f10x_flash.o
                0x0000000008000b1c                FLASH_WaitForLastOperation
 .text.GPIO_Init
                0x0000000008000b60      0x254 ./system/src/stm32f1-stdperiph/stm32f10x_gpio.o
                0x0000000008000b60                GPIO_Init
 .text.GPIO_EXTILineConfig
                0x0000000008000db4      0x124 ./system/src/stm32f1-stdperiph/stm32f10x_gpio.o
                0x0000000008000db4                GPIO_EXTILineConfig
 .text.RCC_DeInit
                0x0000000008000ed8       0x5c ./system/src/stm32f1-stdperiph/stm32f10x_rcc.o
                0x0000000008000ed8                RCC_DeInit
 .text.RCC_HSEConfig
                0x0000000008000f34       0x7c ./system/src/stm32f1-stdperiph/stm32f10x_rcc.o
                0x0000000008000f34                RCC_HSEConfig
 .text.RCC_WaitForHSEStartUp
                0x0000000008000fb0       0x50 ./system/src/stm32f1-stdperiph/stm32f10x_rcc.o
                0x0000000008000fb0                RCC_WaitForHSEStartUp
 .text.RCC_PLLConfig
                0x0000000008001000       0xdc ./system/src/stm32f1-stdperiph/stm32f10x_rcc.o
                0x0000000008001000                RCC_PLLConfig
 .text.RCC_PLLCmd
                0x00000000080010dc       0x34 ./system/src/stm32f1-stdperiph/stm32f10x_rcc.o
                0x00000000080010dc                RCC_PLLCmd
 .text.RCC_SYSCLKConfig
                0x0000000008001110       0x54 ./system/src/stm32f1-stdperiph/stm32f10x_rcc.o
                0x0000000008001110                RCC_SYSCLKConfig
 .text.RCC_GetSYSCLKSource
                0x0000000008001164       0x20 ./system/src/stm32f1-stdperiph/stm32f10x_rcc.o
                0x0000000008001164                RCC_GetSYSCLKSource
 .text.RCC_HCLKConfig
                0x0000000008001184       0x78 ./system/src/stm32f1-stdperiph/stm32f10x_rcc.o
                0x0000000008001184                RCC_HCLKConfig
 .text.RCC_PCLK1Config
                0x00000000080011fc       0x68 ./system/src/stm32f1-stdperiph/stm32f10x_rcc.o
                0x00000000080011fc                RCC_PCLK1Config
 .text.RCC_PCLK2Config
                0x0000000008001264       0x68 ./system/src/stm32f1-stdperiph/stm32f10x_rcc.o
                0x0000000008001264                RCC_PCLK2Config
 .text.RCC_ADCCLKConfig
                0x00000000080012cc       0x60 ./system/src/stm32f1-stdperiph/stm32f10x_rcc.o
                0x00000000080012cc                RCC_ADCCLKConfig
 .text.RCC_AHBPeriphClockCmd
                0x000000000800132c       0x70 ./system/src/stm32f1-stdperiph/stm32f10x_rcc.o
                0x000000000800132c                RCC_AHBPeriphClockCmd
 .text.RCC_APB2PeriphClockCmd
                0x000000000800139c       0x70 ./system/src/stm32f1-stdperiph/stm32f10x_rcc.o
                0x000000000800139c                RCC_APB2PeriphClockCmd
 .text.RCC_APB1PeriphClockCmd
                0x000000000800140c       0x70 ./system/src/stm32f1-stdperiph/stm32f10x_rcc.o
                0x000000000800140c                RCC_APB1PeriphClockCmd
 .text.RCC_APB2PeriphResetCmd
                0x000000000800147c       0x70 ./system/src/stm32f1-stdperiph/stm32f10x_rcc.o
                0x000000000800147c                RCC_APB2PeriphResetCmd
 .text.RCC_GetFlagStatus
                0x00000000080014ec       0xc0 ./system/src/stm32f1-stdperiph/stm32f10x_rcc.o
                0x00000000080014ec                RCC_GetFlagStatus
 .text.RCC_ClearFlag
                0x00000000080015ac       0x1c ./system/src/stm32f1-stdperiph/stm32f10x_rcc.o
                0x00000000080015ac                RCC_ClearFlag
 .text.SPI_Init
                0x00000000080015c8      0x1d0 ./system/src/stm32f1-stdperiph/stm32f10x_spi.o
                0x00000000080015c8                SPI_Init
 .text.SPI_Cmd  0x0000000008001798       0x84 ./system/src/stm32f1-stdperiph/stm32f10x_spi.o
                0x0000000008001798                SPI_Cmd
 .text.SPI_I2S_SendData
                0x000000000800181c       0x4c ./system/src/stm32f1-stdperiph/stm32f10x_spi.o
                0x000000000800181c                SPI_I2S_SendData
 .text.SPI_I2S_ReceiveData
                0x0000000008001868       0x48 ./system/src/stm32f1-stdperiph/stm32f10x_spi.o
                0x0000000008001868                SPI_I2S_ReceiveData
 .text.SPI_I2S_GetFlagStatus
                0x00000000080018b0       0xa0 ./system/src/stm32f1-stdperiph/stm32f10x_spi.o
                0x00000000080018b0                SPI_I2S_GetFlagStatus
 .text.TIM_TimeBaseInit
                0x0000000008001950      0x1f4 ./system/src/stm32f1-stdperiph/stm32f10x_tim.o
                0x0000000008001950                TIM_TimeBaseInit
 .text.TIM_Cmd  0x0000000008001b44      0x128 ./system/src/stm32f1-stdperiph/stm32f10x_tim.o
                0x0000000008001b44                TIM_Cmd
 .text.TIM_ITConfig
                0x0000000008001c6c      0x148 ./system/src/stm32f1-stdperiph/stm32f10x_tim.o
                0x0000000008001c6c                TIM_ITConfig
 .text.TIM_GetITStatus
                0x0000000008001db4      0x160 ./system/src/stm32f1-stdperiph/stm32f10x_tim.o
                0x0000000008001db4                TIM_GetITStatus
 .text.TIM_ClearITPendingBit
                0x0000000008001f14      0x10c ./system/src/stm32f1-stdperiph/stm32f10x_tim.o
                0x0000000008001f14                TIM_ClearITPendingBit
 .text._exit    0x0000000008002020        0xc ./system/src/newlib/_exit.o
                0x0000000008002020                _exit
 .text.abort    0x000000000800202c       0x14 ./system/src/newlib/_exit.o
                0x000000000800202c                abort
 .text._sbrk    0x0000000008002040       0x68 ./system/src/newlib/_sbrk.o
                0x0000000008002040                _sbrk
 .text.__initialize_args
                0x00000000080020a8       0x28 ./system/src/newlib/_syscalls.o
                0x00000000080020a8                __initialize_args
 .text.assert_failed
                0x00000000080020d0       0x1c ./system/src/newlib/assert.o
                0x00000000080020d0                assert_failed
 .text.trace_printf
                0x00000000080020ec       0x44 ./system/src/diag/Trace.o
                0x00000000080020ec                trace_printf
 .text.trace_puts
                0x0000000008002130       0x30 ./system/src/diag/Trace.o
                0x0000000008002130                trace_puts
 .text.trace_write
                0x0000000008002160       0x1c ./system/src/diag/trace_impl.o
                0x0000000008002160                trace_write
 .text._trace_write_semihosting_debug
                0x000000000800217c       0xa4 ./system/src/diag/trace_impl.o
 .text.__initialize_hardware_early
                0x0000000008002220       0x18 ./system/src/cortexm/_initialize_hardware.o
                0x0000000008002220                __initialize_hardware_early
 .text.__initialize_hardware
                0x0000000008002238        0xc ./system/src/cortexm/_initialize_hardware.o
                0x0000000008002238                __initialize_hardware
 .text.dumpExceptionStack
                0x0000000008002244      0x12c ./system/src/cortexm/exception_handlers.o
                0x0000000008002244                dumpExceptionStack
 .text.isSemihosting
                0x0000000008002370       0x54 ./system/src/cortexm/exception_handlers.o
                0x0000000008002370                isSemihosting
 .text.SystemInit
                0x00000000080023c4       0x68 ./system/src/cmsis/system_stm32f10x.o
                0x00000000080023c4                SystemInit
 .text.SystemCoreClockUpdate
                0x000000000800242c       0xdc ./system/src/cmsis/system_stm32f10x.o
                0x000000000800242c                SystemCoreClockUpdate
 .text.SetSysClock
                0x0000000008002508        0xc ./system/src/cmsis/system_stm32f10x.o
 .text.SetSysClockTo72
                0x0000000008002514      0x100 ./system/src/cmsis/system_stm32f10x.o
 .text.RF_Init  0x0000000008002614       0x34 ./src/Project_Files/System/Modules/RF/hw_commonrf.o
                0x0000000008002614                RF_Init
 .text.RF_TxDataWireless
                0x0000000008002648       0x30 ./src/Project_Files/System/Modules/RF/hw_commonrf.o
                0x0000000008002648                RF_TxDataWireless
 .text.RF_TxMode
                0x0000000008002678       0x28 ./src/Project_Files/System/Modules/RF/hw_commonrf.o
                0x0000000008002678                RF_TxMode
 .text.RF_TxDone
                0x00000000080026a0       0x38 ./src/Project_Files/System/Modules/RF/hw_commonrf.o
                0x00000000080026a0                RF_TxDone
 .text.RF_SetChannel
                0x00000000080026d8       0x4c ./src/Project_Files/System/Modules/RF/hw_commonrf.o
                0x00000000080026d8                RF_SetChannel
 .text.RF_SetAddress
                0x0000000008002724       0x24 ./src/Project_Files/System/Modules/RF/hw_commonrf.o
                0x0000000008002724                RF_SetAddress
 .text.RF_RxDataWireless
                0x0000000008002748       0x30 ./src/Project_Files/System/Modules/RF/hw_commonrf.o
                0x0000000008002748                RF_RxDataWireless
 .text.RF_RxMode
                0x0000000008002778       0x28 ./src/Project_Files/System/Modules/RF/hw_commonrf.o
                0x0000000008002778                RF_RxMode
 .text.RF_RxDone
                0x00000000080027a0       0x38 ./src/Project_Files/System/Modules/RF/hw_commonrf.o
                0x00000000080027a0                RF_RxDone
 .text.RF_Ch_Quality
                0x00000000080027d8       0x38 ./src/Project_Files/System/Modules/RF/hw_commonrf.o
                0x00000000080027d8                RF_Ch_Quality
 .text.hoperf_write
                0x0000000008002810       0x44 ./src/Project_Files/System/Modules/RF/hw_hoperf.o
                0x0000000008002810                hoperf_write
 .text.hoperf_read
                0x0000000008002854       0x3c ./src/Project_Files/System/Modules/RF/hw_hoperf.o
                0x0000000008002854                hoperf_read
 .text.hoperf_reset
                0x0000000008002890       0x14 ./src/Project_Files/System/Modules/RF/hw_hoperf.o
                0x0000000008002890                hoperf_reset
 .text.Init_Hoperf
                0x00000000080028a4       0xe4 ./src/Project_Files/System/Modules/RF/hw_hoperf.o
                0x00000000080028a4                Init_Hoperf
 .text.hoperf_statushandler
                0x0000000008002988       0xf8 ./src/Project_Files/System/Modules/RF/hw_hoperf.o
                0x0000000008002988                hoperf_statushandler
 .text.Comm_Ready_Hoperf
                0x0000000008002a80       0x28 ./src/Project_Files/System/Modules/RF/hw_hoperf.o
                0x0000000008002a80                Comm_Ready_Hoperf
 .text.Sent_Done_Hoperf
                0x0000000008002aa8       0x28 ./src/Project_Files/System/Modules/RF/hw_hoperf.o
                0x0000000008002aa8                Sent_Done_Hoperf
 .text.hoperf_setTxPower
                0x0000000008002ad0       0x1c ./src/Project_Files/System/Modules/RF/hw_hoperf.o
                0x0000000008002ad0                hoperf_setTxPower
 *fill*         0x0000000008002aec        0x4 
 .text.hoperf_setFrequency
                0x0000000008002af0      0x228 ./src/Project_Files/System/Modules/RF/hw_hoperf.o
                0x0000000008002af0                hoperf_setFrequency
 .text.hoperf_statusRead
                0x0000000008002d18       0x14 ./src/Project_Files/System/Modules/RF/hw_hoperf.o
                0x0000000008002d18                hoperf_statusRead
 .text.hoperf_setModemConfig
                0x0000000008002d2c       0x48 ./src/Project_Files/System/Modules/RF/hw_hoperf.o
                0x0000000008002d2c                hoperf_setModemConfig
 .text.hoperf_setModemRegisters
                0x0000000008002d74       0x68 ./src/Project_Files/System/Modules/RF/hw_hoperf.o
                0x0000000008002d74                hoperf_setModemRegisters
 .text.hoperf_setSyncWords
                0x0000000008002ddc       0x20 ./src/Project_Files/System/Modules/RF/hw_hoperf.o
                0x0000000008002ddc                hoperf_setSyncWords
 .text.hoperf_setHeaderTo
                0x0000000008002dfc       0x1c ./src/Project_Files/System/Modules/RF/hw_hoperf.o
                0x0000000008002dfc                hoperf_setHeaderTo
 .text.hoperf_setHeaderFrom
                0x0000000008002e18       0x1c ./src/Project_Files/System/Modules/RF/hw_hoperf.o
                0x0000000008002e18                hoperf_setHeaderFrom
 .text.hoperf_setHeaderId
                0x0000000008002e34       0x1c ./src/Project_Files/System/Modules/RF/hw_hoperf.o
                0x0000000008002e34                hoperf_setHeaderId
 .text.hoperf_setHeaderFlags
                0x0000000008002e50       0x1c ./src/Project_Files/System/Modules/RF/hw_hoperf.o
                0x0000000008002e50                hoperf_setHeaderFlags
 .text.Get_Ch_Quality_Hoperf
                0x0000000008002e6c       0x18 ./src/Project_Files/System/Modules/RF/hw_hoperf.o
                0x0000000008002e6c                Get_Ch_Quality_Hoperf
 .text.hoperf_setPromiscuous
                0x0000000008002e84       0x24 ./src/Project_Files/System/Modules/RF/hw_hoperf.o
                0x0000000008002e84                hoperf_setPromiscuous
 .text.hoperf_spiBurstRead
                0x0000000008002ea8       0x50 ./src/Project_Files/System/Modules/RF/hw_hoperf.o
                0x0000000008002ea8                hoperf_spiBurstRead
 .text.hoperf_spiBurstWrite
                0x0000000008002ef8       0x50 ./src/Project_Files/System/Modules/RF/hw_hoperf.o
                0x0000000008002ef8                hoperf_spiBurstWrite
 .text.hoperf_setPreambleLength
                0x0000000008002f48       0x1c ./src/Project_Files/System/Modules/RF/hw_hoperf.o
                0x0000000008002f48                hoperf_setPreambleLength
 .text.RxDataWireless_Hoperf
                0x0000000008002f64       0x30 ./src/Project_Files/System/Modules/RF/hw_hoperf.o
                0x0000000008002f64                RxDataWireless_Hoperf
 .text.TxDataWireless_Hoperf
                0x0000000008002f94       0x24 ./src/Project_Files/System/Modules/RF/hw_hoperf.o
                0x0000000008002f94                TxDataWireless_Hoperf
 .text.hoperf_setMode
                0x0000000008002fb8       0x28 ./src/Project_Files/System/Modules/RF/hw_hoperf.o
                0x0000000008002fb8                hoperf_setMode
 .text.Rx_Mode_Hoperf
                0x0000000008002fe0        0xc ./src/Project_Files/System/Modules/RF/hw_hoperf.o
                0x0000000008002fe0                Rx_Mode_Hoperf
 .text.Tx_Mode_Hoperf
                0x0000000008002fec       0x10 ./src/Project_Files/System/Modules/RF/hw_hoperf.o
                0x0000000008002fec                Tx_Mode_Hoperf
 .text.Set_Channel_Hoperf
                0x0000000008002ffc       0x28 ./src/Project_Files/System/Modules/RF/hw_hoperf.o
                0x0000000008002ffc                Set_Channel_Hoperf
 .text.Set_Address_Hoperf
                0x0000000008003024       0x40 ./src/Project_Files/System/Modules/RF/hw_hoperf.o
                0x0000000008003024                Set_Address_Hoperf
 .text.hoperf_resetFifos
                0x0000000008003064       0x18 ./src/Project_Files/System/Modules/RF/hw_hoperf.o
                0x0000000008003064                hoperf_resetFifos
 .text.hoperf_resetRxFifo
                0x000000000800307c       0x18 ./src/Project_Files/System/Modules/RF/hw_hoperf.o
                0x000000000800307c                hoperf_resetRxFifo
 .text.SPI2_RW  0x0000000008003094       0x20 ./src/Project_Files/System/Modules/RF/hw_hoperf.o
                0x0000000008003094                SPI2_RW
 .text.Init_NRF
                0x00000000080030b4       0x7c ./src/Project_Files/System/Modules/RF/hw_nRF24L01.o
                0x00000000080030b4                Init_NRF
 .text.TxDataWireless_NRF
                0x0000000008003130       0x38 ./src/Project_Files/System/Modules/RF/hw_nRF24L01.o
                0x0000000008003130                TxDataWireless_NRF
 .text.Tx_Mode_NRF
                0x0000000008003168       0x28 ./src/Project_Files/System/Modules/RF/hw_nRF24L01.o
                0x0000000008003168                Tx_Mode_NRF
 .text.Set_Channel_NRF
                0x0000000008003190       0x34 ./src/Project_Files/System/Modules/RF/hw_nRF24L01.o
                0x0000000008003190                Set_Channel_NRF
 .text.Set_Address_NRF
                0x00000000080031c4       0x64 ./src/Project_Files/System/Modules/RF/hw_nRF24L01.o
                0x00000000080031c4                Set_Address_NRF
 .text.RxDataWireless_NRF
                0x0000000008003228       0x20 ./src/Project_Files/System/Modules/RF/hw_nRF24L01.o
                0x0000000008003228                RxDataWireless_NRF
 .text.Rx_Mode_NRF
                0x0000000008003248       0x30 ./src/Project_Files/System/Modules/RF/hw_nRF24L01.o
                0x0000000008003248                Rx_Mode_NRF
 .text.Comm_Ready_NRF
                0x0000000008003278       0x44 ./src/Project_Files/System/Modules/RF/hw_nRF24L01.o
                0x0000000008003278                Comm_Ready_NRF
 .text.Get_Ch_Quality_NRF
                0x00000000080032bc       0x20 ./src/Project_Files/System/Modules/RF/hw_nRF24L01.o
                0x00000000080032bc                Get_Ch_Quality_NRF
 .text.Sent_Done_NRF
                0x00000000080032dc       0x3c ./src/Project_Files/System/Modules/RF/hw_nRF24L01.o
                0x00000000080032dc                Sent_Done_NRF
 .text.SPI_RW   0x0000000008003318       0x20 ./src/Project_Files/System/Modules/RF/hw_nRF24L01.o
                0x0000000008003318                SPI_RW
 .text.SPI_RW_Reg
                0x0000000008003338       0x40 ./src/Project_Files/System/Modules/RF/hw_nRF24L01.o
                0x0000000008003338                SPI_RW_Reg
 .text.SPI_Read
                0x0000000008003378       0x38 ./src/Project_Files/System/Modules/RF/hw_nRF24L01.o
                0x0000000008003378                SPI_Read
 .text.SPI_Read_Buf
                0x00000000080033b0       0x5c ./src/Project_Files/System/Modules/RF/hw_nRF24L01.o
                0x00000000080033b0                SPI_Read_Buf
 .text.SPI_Write_Buf
                0x000000000800340c       0x5c ./src/Project_Files/System/Modules/RF/hw_nRF24L01.o
                0x000000000800340c                SPI_Write_Buf
 .text.ADC_init
                0x0000000008003468       0x10 ./src/Project_Files/System/Modules/MCU/hw_ADC.o
                0x0000000008003468                ADC_init
 .text.EE_Init  0x0000000008003478      0x294 ./src/Project_Files/System/Modules/MCU/hw_eeprom.o
                0x0000000008003478                EE_Init
 .text.EE_ReadVariable
                0x000000000800370c       0x98 ./src/Project_Files/System/Modules/MCU/hw_eeprom.o
                0x000000000800370c                EE_ReadVariable
 .text.EE_WriteVariable
                0x00000000080037a4       0x44 ./src/Project_Files/System/Modules/MCU/hw_eeprom.o
                0x00000000080037a4                EE_WriteVariable
 .text.EE_Format
                0x00000000080037e8       0x50 ./src/Project_Files/System/Modules/MCU/hw_eeprom.o
 .text.EE_FindValidPage
                0x0000000008003838       0x8c ./src/Project_Files/System/Modules/MCU/hw_eeprom.o
 .text.EE_VerifyPageFullWriteVariable
                0x00000000080038c4       0xb4 ./src/Project_Files/System/Modules/MCU/hw_eeprom.o
 .text.EE_PageTransfer
                0x0000000008003978      0x13c ./src/Project_Files/System/Modules/MCU/hw_eeprom.o
 .text.NVIC_SetPriority
                0x0000000008003ab4       0x54 ./src/Project_Files/System/Modules/MCU/hw_interr.o
 .text.SysTick_Config
                0x0000000008003b08       0x44 ./src/Project_Files/System/Modules/MCU/hw_interr.o
 .text.Interr_init
                0x0000000008003b4c       0x78 ./src/Project_Files/System/Modules/MCU/hw_interr.o
                0x0000000008003b4c                Interr_init
 .text.SetSysClockTo72
                0x0000000008003bc4       0x78 ./src/Project_Files/System/Modules/MCU/hw_mcu.o
                0x0000000008003bc4                SetSysClockTo72
 .text.MCU_init
                0x0000000008003c3c       0x54 ./src/Project_Files/System/Modules/MCU/hw_mcu.o
                0x0000000008003c3c                MCU_init
 .text.port_init
                0x0000000008003c90      0x228 ./src/Project_Files/System/Modules/MCU/hw_ports.o
                0x0000000008003c90                port_init
 .text.EXTI3_IRQHandler
                0x0000000008003eb8       0xa0 ./src/Project_Files/System/Modules/MCU/hw_ports.o
                0x0000000008003eb8                EXTI3_IRQHandler
 .text.EXTI9_5_IRQHandler
                0x0000000008003f58       0xa4 ./src/Project_Files/System/Modules/MCU/hw_ports.o
                0x0000000008003f58                EXTI9_5_IRQHandler
 .text.SPI_init
                0x0000000008003ffc       0x68 ./src/Project_Files/System/Modules/MCU/hw_spi.o
                0x0000000008003ffc                SPI_init
 .text.ReadByteSPI1
                0x0000000008004064       0x5c ./src/Project_Files/System/Modules/MCU/hw_spi.o
                0x0000000008004064                ReadByteSPI1
 .text.ReadByteSPI2
                0x00000000080040c0       0x8c ./src/Project_Files/System/Modules/MCU/hw_spi.o
                0x00000000080040c0                ReadByteSPI2
 .text.Timers_init
                0x000000000800414c       0x6c ./src/Project_Files/System/Modules/MCU/hw_timers.o
                0x000000000800414c                Timers_init
 .text.GetMicros
                0x00000000080041b8       0x54 ./src/Project_Files/System/Modules/MCU/hw_timers.o
                0x00000000080041b8                GetMicros
 .text.GetTicks
                0x000000000800420c       0x20 ./src/Project_Files/System/Modules/MCU/hw_timers.o
                0x000000000800420c                GetTicks
 .text.reset_isr_dur
                0x000000000800422c       0x34 ./src/Project_Files/System/Modules/MCU/hw_timers.o
                0x000000000800422c                reset_isr_dur
 .text.get_isr_dur
                0x0000000008004260       0x44 ./src/Project_Files/System/Modules/MCU/hw_timers.o
                0x0000000008004260                get_isr_dur
 .text.cpu_load_calc
                0x00000000080042a4       0xb8 ./src/Project_Files/System/Modules/MCU/hw_timers.o
                0x00000000080042a4                cpu_load_calc
 .text.get_cpu_load_calc
                0x000000000800435c       0x18 ./src/Project_Files/System/Modules/MCU/hw_timers.o
                0x000000000800435c                get_cpu_load_calc
 .text.SysTick_Handler
                0x0000000008004374      0x150 ./src/Project_Files/System/Modules/MCU/hw_timers.o
                0x0000000008004374                SysTick_Handler
 .text.TIM3_IRQHandler
                0x00000000080044c4       0xe8 ./src/Project_Files/System/Modules/MCU/hw_timers.o
                0x00000000080044c4                TIM3_IRQHandler
 .text.TIM2_IRQHandler
                0x00000000080045ac       0x20 ./src/Project_Files/System/Modules/MCU/hw_timers.o
                0x00000000080045ac                TIM2_IRQHandler
 .text.DelayUs  0x00000000080045cc       0x40 ./src/Project_Files/System/Modules/MCU/hw_timers.o
                0x00000000080045cc                DelayUs
 .text.SafeLinkHandler_SetRFAddress
                0x000000000800460c       0x24 ./src/Project_Files/System/Low_Level_State_Machines/SafeLink_Handler/SafeLink_Handler_LLSM.o
                0x000000000800460c                SafeLinkHandler_SetRFAddress
 .text.SafeLinkHandler_GetRFAddress
                0x0000000008004630       0x5c ./src/Project_Files/System/Low_Level_State_Machines/SafeLink_Handler/SafeLink_Handler_LLSM.o
                0x0000000008004630                SafeLinkHandler_GetRFAddress
 .text.SafeLinkHandler_GetRXFlag
                0x000000000800468c       0x38 ./src/Project_Files/System/Low_Level_State_Machines/SafeLink_Handler/SafeLink_Handler_LLSM.o
                0x000000000800468c                SafeLinkHandler_GetRXFlag
 .text.SafeLinkHandler_ModifyRXFlag
                0x00000000080046c4       0x58 ./src/Project_Files/System/Low_Level_State_Machines/SafeLink_Handler/SafeLink_Handler_LLSM.o
                0x00000000080046c4                SafeLinkHandler_ModifyRXFlag
 .text.SafeLinkHandler_ModifyTXFlag
                0x000000000800471c       0x58 ./src/Project_Files/System/Low_Level_State_Machines/SafeLink_Handler/SafeLink_Handler_LLSM.o
                0x000000000800471c                SafeLinkHandler_ModifyTXFlag
 .text.SafeLinkHandler_GetLinkStatus
                0x0000000008004774       0x1c ./src/Project_Files/System/Low_Level_State_Machines/SafeLink_Handler/SafeLink_Handler_LLSM.o
                0x0000000008004774                SafeLinkHandler_GetLinkStatus
 .text.SafeLinkHandler_SendPayload
                0x0000000008004790       0xf0 ./src/Project_Files/System/Low_Level_State_Machines/SafeLink_Handler/SafeLink_Handler_LLSM.o
                0x0000000008004790                SafeLinkHandler_SendPayload
 .text.SafeLinkHandler_ReceivePayload
                0x0000000008004880       0x90 ./src/Project_Files/System/Low_Level_State_Machines/SafeLink_Handler/SafeLink_Handler_LLSM.o
                0x0000000008004880                SafeLinkHandler_ReceivePayload
 .text.SafeLinkHandler_llsm_init
                0x0000000008004910       0xb4 ./src/Project_Files/System/Low_Level_State_Machines/SafeLink_Handler/SafeLink_Handler_LLSM.o
                0x0000000008004910                SafeLinkHandler_llsm_init
 .text.SafeLinkHandler_GetRandomChannel
                0x00000000080049c4       0x4c ./src/Project_Files/System/Low_Level_State_Machines/SafeLink_Handler/SafeLink_Handler_LLSM.o
                0x00000000080049c4                SafeLinkHandler_GetRandomChannel
 .text.SafeLinkHandler_llsm_main
                0x0000000008004a10      0x474 ./src/Project_Files/System/Low_Level_State_Machines/SafeLink_Handler/SafeLink_Handler_LLSM.o
                0x0000000008004a10                SafeLinkHandler_llsm_main
 .text.SafeLinkHandler_SetupExtBuffers
                0x0000000008004e84       0x44 ./src/Project_Files/System/Low_Level_State_Machines/SafeLink_Handler/SafeLink_Handler_LLSM.o
                0x0000000008004e84                SafeLinkHandler_SetupExtBuffers
 .text.RFHandler_SetRFAddress
                0x0000000008004ec8       0x94 ./src/Project_Files/System/Low_Level_State_Machines/RF_Handler/RF_Handler_LLSM.o
                0x0000000008004ec8                RFHandler_SetRFAddress
 .text.RFHandler_GetRFAddress
                0x0000000008004f5c       0x5c ./src/Project_Files/System/Low_Level_State_Machines/RF_Handler/RF_Handler_LLSM.o
                0x0000000008004f5c                RFHandler_GetRFAddress
 .text.RFHandler_GetLinkStatus
                0x0000000008004fb8       0x1c ./src/Project_Files/System/Low_Level_State_Machines/RF_Handler/RF_Handler_LLSM.o
                0x0000000008004fb8                RFHandler_GetLinkStatus
 .text.RFHandler_GetPacketSucc
                0x0000000008004fd4       0x28 ./src/Project_Files/System/Low_Level_State_Machines/RF_Handler/RF_Handler_LLSM.o
                0x0000000008004fd4                RFHandler_GetPacketSucc
 .text.RFHandler_LinkQuality
                0x0000000008004ffc       0x10 ./src/Project_Files/System/Low_Level_State_Machines/RF_Handler/RF_Handler_LLSM.o
                0x0000000008004ffc                RFHandler_LinkQuality
 .text.RFHandler_SetupExtBuffers
                0x000000000800500c       0x48 ./src/Project_Files/System/Low_Level_State_Machines/RF_Handler/RF_Handler_LLSM.o
                0x000000000800500c                RFHandler_SetupExtBuffers
 .text.ErrorHandler_llsm_init
                0x0000000008005054       0x50 ./src/Project_Files/System/Low_Level_State_Machines/Error_Handler/Error_Handler_LLSM.o
                0x0000000008005054                ErrorHandler_llsm_init
 .text.ErrorHandler_llsm_main
                0x00000000080050a4       0x60 ./src/Project_Files/System/Low_Level_State_Machines/Error_Handler/Error_Handler_LLSM.o
                0x00000000080050a4                ErrorHandler_llsm_main
 .text.ErrorHandler_llsm_Iface
                0x0000000008005104       0x80 ./src/Project_Files/System/Low_Level_State_Machines/Error_Handler/Error_Handler_LLSM.o
                0x0000000008005104                ErrorHandler_llsm_Iface
 .text.hw_init  0x0000000008005184       0x40 ./src/Project_Files/System/HAL/hw_general.o
                0x0000000008005184                hw_init
 .text.init_evm
                0x00000000080051c4       0x90 ./src/Project_Files/Event_Manager/event_manager.o
                0x00000000080051c4                init_evm
 .text.getq_event
                0x0000000008005254       0xd8 ./src/Project_Files/Event_Manager/event_manager.o
                0x0000000008005254                getq_event
 .text.dispatch_event
                0x000000000800532c      0x288 ./src/Project_Files/Event_Manager/event_manager.o
                0x000000000800532c                dispatch_event
 .text.discard_event
                0x00000000080055b4      0x110 ./src/Project_Files/Event_Manager/event_manager.o
                0x00000000080055b4                discard_event
 .text.sendq_Tevent
                0x00000000080056c4       0x88 ./src/Project_Files/Event_Manager/event_manager.o
                0x00000000080056c4                sendq_Tevent
 .text.sendq_Sevent
                0x000000000800574c      0x134 ./src/Project_Files/Event_Manager/event_manager.o
                0x000000000800574c                sendq_Sevent
 .text.get_event_dur
                0x0000000008005880       0x44 ./src/Project_Files/Event_Manager/event_manager.o
                0x0000000008005880                get_event_dur
 .text.reset_event_dur
                0x00000000080058c4       0x34 ./src/Project_Files/Event_Manager/event_manager.o
                0x00000000080058c4                reset_event_dur
 .text.event_processor_main
                0x00000000080058f8       0x50 ./src/Project_Files/Event_Manager/event_manager.o
                0x00000000080058f8                event_processor_main
 .text.init_statem
                0x0000000008005948        0xc ./src/Project_Files/Event_Manager/state_machine_fw.o
                0x0000000008005948                init_statem
 .text.Comm_UpdateTelemetryInfo
                0x0000000008005954      0x1dc ./src/Project_Files/Application/State_Machines/Communications/communications_sm.o
 .text.Comm_SLinkDecode
                0x0000000008005b30       0x9c ./src/Project_Files/Application/State_Machines/Communications/communications_sm.o
 .text.Comm_GetCtrInfo
                0x0000000008005bcc      0x2a8 ./src/Project_Files/Application/State_Machines/Communications/communications_sm.o
 .text.init_communications_sm
                0x0000000008005e74       0x98 ./src/Project_Files/Application/State_Machines/Communications/communications_sm.o
                0x0000000008005e74                init_communications_sm
 .text.communications_sm_main
                0x0000000008005f0c      0x2c8 ./src/Project_Files/Application/State_Machines/Communications/communications_sm.o
                0x0000000008005f0c                communications_sm_main
 .text.main     0x00000000080061d4       0x18 ./src/Project_Files/main.o
                0x00000000080061d4                main
 .text.NMI_Handler
                0x00000000080061ec        0xc ./src/Project_Files/stm32f10x_it.o
                0x00000000080061ec                NMI_Handler
 .text.HardFault_Handler
                0x00000000080061f8        0x8 ./src/Project_Files/stm32f10x_it.o
                0x00000000080061f8                HardFault_Handler
 .text.MemManage_Handler
                0x0000000008006200        0x8 ./src/Project_Files/stm32f10x_it.o
                0x0000000008006200                MemManage_Handler
 .text.BusFault_Handler
                0x0000000008006208        0x8 ./src/Project_Files/stm32f10x_it.o
                0x0000000008006208                BusFault_Handler
 .text.UsageFault_Handler
                0x0000000008006210        0x8 ./src/Project_Files/stm32f10x_it.o
                0x0000000008006210                UsageFault_Handler
 .text.DebugMon_Handler
                0x0000000008006218        0xc ./src/Project_Files/stm32f10x_it.o
                0x0000000008006218                DebugMon_Handler
 .text.SVC_Handler
                0x0000000008006224        0xc ./src/Project_Files/stm32f10x_it.o
                0x0000000008006224                SVC_Handler
 .text.PendSV_Handler
                0x0000000008006230        0xc ./src/Project_Files/stm32f10x_it.o
                0x0000000008006230                PendSV_Handler
 *fill*         0x000000000800623c        0x4 
 .text.floor    0x0000000008006240      0x118 /Users/arigita/Development/gcc-arm-none-eabi-4_9-2015q3/bin/../lib/gcc/arm-none-eabi/4.9.3/../../../../arm-none-eabi/lib/armv7-m/libm.a(lib_a-s_floor.o)
                0x0000000008006240                floor
 .text          0x0000000008006358      0x370 /Users/arigita/Development/gcc-arm-none-eabi-4_9-2015q3/bin/../lib/gcc/arm-none-eabi/4.9.3/armv7-m/libgcc.a(_arm_addsubdf3.o)
                0x0000000008006358                __aeabi_drsub
                0x0000000008006360                __subdf3
                0x0000000008006360                __aeabi_dsub
                0x0000000008006364                __aeabi_dadd
                0x0000000008006364                __adddf3
                0x00000000080065dc                __aeabi_ui2d
                0x00000000080065dc                __floatunsidf
                0x00000000080065fc                __floatsidf
                0x00000000080065fc                __aeabi_i2d
                0x0000000008006620                __extendsfdf2
                0x0000000008006620                __aeabi_f2d
                0x000000000800665c                __aeabi_ul2d
                0x000000000800665c                __floatundidf
                0x000000000800666c                __aeabi_l2d
                0x000000000800666c                __floatdidf
 .text          0x00000000080066c8      0x424 /Users/arigita/Development/gcc-arm-none-eabi-4_9-2015q3/bin/../lib/gcc/arm-none-eabi/4.9.3/armv7-m/libgcc.a(_arm_muldivdf3.o)
                0x00000000080066c8                __aeabi_dmul
                0x00000000080066c8                __muldf3
                0x000000000800691c                __aeabi_ddiv
                0x000000000800691c                __divdf3
 .text          0x0000000008006aec      0x110 /Users/arigita/Development/gcc-arm-none-eabi-4_9-2015q3/bin/../lib/gcc/arm-none-eabi/4.9.3/armv7-m/libgcc.a(_arm_cmpdf2.o)
                0x0000000008006aec                __gtdf2
                0x0000000008006aec                __gedf2
                0x0000000008006af4                __ltdf2
                0x0000000008006af4                __ledf2
                0x0000000008006afc                __eqdf2
                0x0000000008006afc                __nedf2
                0x0000000008006afc                __cmpdf2
                0x0000000008006b78                __aeabi_cdrcmple
                0x0000000008006b88                __aeabi_cdcmple
                0x0000000008006b88                __aeabi_cdcmpeq
                0x0000000008006b98                __aeabi_dcmpeq
                0x0000000008006bac                __aeabi_dcmplt
                0x0000000008006bc0                __aeabi_dcmple
                0x0000000008006bd4                __aeabi_dcmpge
                0x0000000008006be8                __aeabi_dcmpgt
 .text          0x0000000008006bfc       0x40 /Users/arigita/Development/gcc-arm-none-eabi-4_9-2015q3/bin/../lib/gcc/arm-none-eabi/4.9.3/armv7-m/libgcc.a(_arm_fixunsdfsi.o)
                0x0000000008006bfc                __fixunsdfsi
                0x0000000008006bfc                __aeabi_d2uiz
 .text          0x0000000008006c3c       0xa0 /Users/arigita/Development/gcc-arm-none-eabi-4_9-2015q3/bin/../lib/gcc/arm-none-eabi/4.9.3/armv7-m/libgcc.a(_arm_truncdfsf2.o)
                0x0000000008006c3c                __aeabi_d2f
                0x0000000008006c3c                __truncdfsf2
 .text          0x0000000008006cdc      0x21c /Users/arigita/Development/gcc-arm-none-eabi-4_9-2015q3/bin/../lib/gcc/arm-none-eabi/4.9.3/armv7-m/libgcc.a(_arm_addsubsf3.o)
                0x0000000008006cdc                __aeabi_frsub
                0x0000000008006ce4                __aeabi_fsub
                0x0000000008006ce4                __subsf3
                0x0000000008006ce8                __aeabi_fadd
                0x0000000008006ce8                __addsf3
                0x0000000008006e48                __aeabi_ui2f
                0x0000000008006e48                __floatunsisf
                0x0000000008006e50                __floatsisf
                0x0000000008006e50                __aeabi_i2f
                0x0000000008006e6c                __aeabi_ul2f
                0x0000000008006e6c                __floatundisf
                0x0000000008006e7c                __aeabi_l2f
                0x0000000008006e7c                __floatdisf
 .text          0x0000000008006ef8      0x2a0 /Users/arigita/Development/gcc-arm-none-eabi-4_9-2015q3/bin/../lib/gcc/arm-none-eabi/4.9.3/armv7-m/libgcc.a(_arm_muldivsf3.o)
                0x0000000008006ef8                __mulsf3
                0x0000000008006ef8                __aeabi_fmul
                0x0000000008007060                __divsf3
                0x0000000008007060                __aeabi_fdiv
 .text          0x0000000008007198       0xec /Users/arigita/Development/gcc-arm-none-eabi-4_9-2015q3/bin/../lib/gcc/arm-none-eabi/4.9.3/armv7-m/libgcc.a(_arm_cmpsf2.o)
                0x0000000008007198                __gesf2
                0x0000000008007198                __gtsf2
                0x00000000080071a0                __ltsf2
                0x00000000080071a0                __lesf2
                0x00000000080071a8                __nesf2
                0x00000000080071a8                __eqsf2
                0x00000000080071a8                __cmpsf2
                0x0000000008007208                __aeabi_cfrcmple
                0x0000000008007210                __aeabi_cfcmpeq
                0x0000000008007210                __aeabi_cfcmple
                0x0000000008007220                __aeabi_fcmpeq
                0x0000000008007234                __aeabi_fcmplt
                0x0000000008007248                __aeabi_fcmple
                0x000000000800725c                __aeabi_fcmpge
                0x0000000008007270                __aeabi_fcmpgt
 .text          0x0000000008007284       0x4c /Users/arigita/Development/gcc-arm-none-eabi-4_9-2015q3/bin/../lib/gcc/arm-none-eabi/4.9.3/armv7-m/libgcc.a(_arm_fixsfsi.o)
                0x0000000008007284                __fixsfsi
                0x0000000008007284                __aeabi_f2iz
 .text          0x00000000080072d0       0x40 /Users/arigita/Development/gcc-arm-none-eabi-4_9-2015q3/bin/../lib/gcc/arm-none-eabi/4.9.3/armv7-m/libgcc.a(_arm_fixunssfsi.o)
                0x00000000080072d0                __aeabi_f2uiz
                0x00000000080072d0                __fixunssfsi
 .text.__errno  0x0000000008007310        0xc /Users/arigita/Development/gcc-arm-none-eabi-4_9-2015q3/bin/../lib/gcc/arm-none-eabi/4.9.3/../../../../arm-none-eabi/lib/armv7-m/libg_nano.a(lib_a-errno.o)
                0x0000000008007310                __errno
 .text.memcpy   0x000000000800731c       0x16 /Users/arigita/Development/gcc-arm-none-eabi-4_9-2015q3/bin/../lib/gcc/arm-none-eabi/4.9.3/../../../../arm-none-eabi/lib/armv7-m/libg_nano.a(lib_a-memcpy.o)
                0x000000000800731c                memcpy
 .text.strlen   0x0000000008007332       0x10 /Users/arigita/Development/gcc-arm-none-eabi-4_9-2015q3/bin/../lib/gcc/arm-none-eabi/4.9.3/../../../../arm-none-eabi/lib/armv7-m/libg_nano.a(lib_a-strlen.o)
                0x0000000008007332                strlen
 .text._vsnprintf_r
                0x0000000008007342       0x52 /Users/arigita/Development/gcc-arm-none-eabi-4_9-2015q3/bin/../lib/gcc/arm-none-eabi/4.9.3/../../../../arm-none-eabi/lib/armv7-m/libg_nano.a(lib_a-vsnprintf.o)
                0x0000000008007342                _vsnprintf_r
                0x0000000008007342                _vsniprintf_r
 .text.vsnprintf
                0x0000000008007394       0x20 /Users/arigita/Development/gcc-arm-none-eabi-4_9-2015q3/bin/../lib/gcc/arm-none-eabi/4.9.3/../../../../arm-none-eabi/lib/armv7-m/libg_nano.a(lib_a-vsnprintf.o)
                0x0000000008007394                vsnprintf
                0x0000000008007394                vsniprintf
 .text.__ssputs_r
                0x00000000080073b4       0xb2 /Users/arigita/Development/gcc-arm-none-eabi-4_9-2015q3/bin/../lib/gcc/arm-none-eabi/4.9.3/../../../../arm-none-eabi/lib/armv7-m/libg_nano.a(lib_a-nano-svfprintf.o)
                0x00000000080073b4                __ssputs_r
 *fill*         0x0000000008007466        0x2 
 .text._svfprintf_r
                0x0000000008007468      0x1e4 /Users/arigita/Development/gcc-arm-none-eabi-4_9-2015q3/bin/../lib/gcc/arm-none-eabi/4.9.3/../../../../arm-none-eabi/lib/armv7-m/libg_nano.a(lib_a-nano-svfprintf.o)
                0x0000000008007468                _svfprintf_r
                0x0000000008007468                _svfiprintf_r
 .text._printf_common
                0x000000000800764c       0xea /Users/arigita/Development/gcc-arm-none-eabi-4_9-2015q3/bin/../lib/gcc/arm-none-eabi/4.9.3/../../../../arm-none-eabi/lib/armv7-m/libg_nano.a(lib_a-nano-vfprintf_i.o)
                0x000000000800764c                _printf_common
 *fill*         0x0000000008007736        0x2 
 .text._printf_i
                0x0000000008007738      0x240 /Users/arigita/Development/gcc-arm-none-eabi-4_9-2015q3/bin/../lib/gcc/arm-none-eabi/4.9.3/../../../../arm-none-eabi/lib/armv7-m/libg_nano.a(lib_a-nano-vfprintf_i.o)
                0x0000000008007738                _printf_i
 .text.memchr   0x0000000008007978       0x1c /Users/arigita/Development/gcc-arm-none-eabi-4_9-2015q3/bin/../lib/gcc/arm-none-eabi/4.9.3/../../../../arm-none-eabi/lib/armv7-m/libg_nano.a(lib_a-memchr.o)
                0x0000000008007978                memchr
 .text.memmove  0x0000000008007994       0x36 /Users/arigita/Development/gcc-arm-none-eabi-4_9-2015q3/bin/../lib/gcc/arm-none-eabi/4.9.3/../../../../arm-none-eabi/lib/armv7-m/libg_nano.a(lib_a-memmove.o)
                0x0000000008007994                memmove
 *fill*         0x00000000080079ca        0x2 
 .text._free_r  0x00000000080079cc       0x88 /Users/arigita/Development/gcc-arm-none-eabi-4_9-2015q3/bin/../lib/gcc/arm-none-eabi/4.9.3/../../../../arm-none-eabi/lib/armv7-m/libg_nano.a(lib_a-nano-freer.o)
                0x00000000080079cc                _free_r
 .text._malloc_r
                0x0000000008007a54       0xac /Users/arigita/Development/gcc-arm-none-eabi-4_9-2015q3/bin/../lib/gcc/arm-none-eabi/4.9.3/../../../../arm-none-eabi/lib/armv7-m/libg_nano.a(lib_a-nano-mallocr.o)
                0x0000000008007a54                _malloc_r
 .text._realloc_r
                0x0000000008007b00       0x4c /Users/arigita/Development/gcc-arm-none-eabi-4_9-2015q3/bin/../lib/gcc/arm-none-eabi/4.9.3/../../../../arm-none-eabi/lib/armv7-m/libg_nano.a(lib_a-nano-reallocr.o)
                0x0000000008007b00                _realloc_r
 .text._sbrk_r  0x0000000008007b4c       0x20 /Users/arigita/Development/gcc-arm-none-eabi-4_9-2015q3/bin/../lib/gcc/arm-none-eabi/4.9.3/../../../../arm-none-eabi/lib/armv7-m/libg_nano.a(lib_a-sbrkr.o)
                0x0000000008007b4c                _sbrk_r
 .text._malloc_usable_size_r
                0x0000000008007b6c       0x14 /Users/arigita/Development/gcc-arm-none-eabi-4_9-2015q3/bin/../lib/gcc/arm-none-eabi/4.9.3/../../../../arm-none-eabi/lib/armv7-m/libg_nano.a(lib_a-nano-msizer.o)
                0x0000000008007b6c                _malloc_usable_size_r
 *(.rodata .rodata.* .constdata .constdata.*)
 .rodata        0x0000000008007b80       0x27 ./system/src/stm32f1-stdperiph/misc.o
 *fill*         0x0000000008007ba7        0x1 
 .rodata        0x0000000008007ba8       0x30 ./system/src/stm32f1-stdperiph/stm32f10x_adc.o
 .rodata        0x0000000008007bd8       0x31 ./system/src/stm32f1-stdperiph/stm32f10x_exti.o
 *fill*         0x0000000008007c09        0x3 
 .rodata        0x0000000008007c0c       0x32 ./system/src/stm32f1-stdperiph/stm32f10x_flash.o
 *fill*         0x0000000008007c3e        0x2 
 .rodata        0x0000000008007c40       0x31 ./system/src/stm32f1-stdperiph/stm32f10x_gpio.o
 *fill*         0x0000000008007c71        0x3 
 .rodata        0x0000000008007c74       0x30 ./system/src/stm32f1-stdperiph/stm32f10x_rcc.o
 .rodata        0x0000000008007ca4       0x30 ./system/src/stm32f1-stdperiph/stm32f10x_spi.o
 .rodata        0x0000000008007cd4       0x30 ./system/src/stm32f1-stdperiph/stm32f10x_tim.o
 .rodata        0x0000000008007d04       0x14 ./system/src/newlib/_exit.o
 .rodata        0x0000000008007d18       0x6f ./system/src/newlib/assert.o
 *fill*         0x0000000008007d87        0x1 
 .rodata        0x0000000008007d88       0x2d ./system/src/diag/Trace.o
 *fill*         0x0000000008007db5        0x3 
 .rodata        0x0000000008007db8      0x146 ./system/src/cortexm/exception_handlers.o
 *fill*         0x0000000008007efe        0x2 
 .rodata        0x0000000008007f00        0x2 ./src/Project_Files/System/Modules/RF/hw_hoperf.o
 .rodata.str1.1
                0x0000000008007f02        0x2 /Users/arigita/Development/gcc-arm-none-eabi-4_9-2015q3/bin/../lib/gcc/arm-none-eabi/4.9.3/../../../../arm-none-eabi/lib/armv7-m/libg_nano.a(lib_a-impure.o)
 .rodata.str1.1
                0x0000000008007f04       0x11 /Users/arigita/Development/gcc-arm-none-eabi-4_9-2015q3/bin/../lib/gcc/arm-none-eabi/4.9.3/../../../../arm-none-eabi/lib/armv7-m/libg_nano.a(lib_a-nano-svfprintf.o)
 .rodata.str1.1
                0x0000000008007f15       0x22 /Users/arigita/Development/gcc-arm-none-eabi-4_9-2015q3/bin/../lib/gcc/arm-none-eabi/4.9.3/../../../../arm-none-eabi/lib/armv7-m/libg_nano.a(lib_a-nano-vfprintf_i.o)
 *(vtable)
 *(.eh_frame*)
 *(.glue_7)
 .glue_7        0x0000000000000000        0x0 linker stubs
 *(.glue_7t)
 .glue_7t       0x0000000000000000        0x0 linker stubs

.vfp11_veneer   0x0000000008007f38        0x0
 .vfp11_veneer  0x0000000000000000        0x0 linker stubs

.v4_bx          0x0000000008007f38        0x0
 .v4_bx         0x0000000000000000        0x0 linker stubs

.iplt           0x0000000008007f38        0x0
 .iplt          0x0000000000000000        0x0 ./system/src/stm32f1-stdperiph/misc.o

.rel.dyn        0x0000000008007f38        0x0
 .rel.iplt      0x0000000000000000        0x0 ./system/src/stm32f1-stdperiph/misc.o

.ARM.extab
 *(.ARM.extab* .gnu.linkonce.armextab.*)
                0x0000000008007f38                . = ALIGN (0x4)
                0x0000000008007f38                __exidx_start = .

.ARM.exidx
 *(.ARM.exidx* .gnu.linkonce.armexidx.*)
                0x0000000008007f38                __exidx_end = .
                0x0000000008007f38                . = ALIGN (0x4)
                0x0000000008007f38                _etext = .
                0x0000000008007f38                __etext = .

.data_CCMRAM    0x0000000000000000        0x0 load address 0x0000000008007f38
 FILL mask 0xff
 *(.data.CCMRAM .data.CCMRAM.*)
                0x0000000000000000                . = ALIGN (0x4)
                0x0000000008007f38                _sidata = LOADADDR (.data)

.data           0x0000000020000000      0x2a0 load address 0x0000000008007f38
 FILL mask 0xff
                0x0000000020000000                _sdata = .
                0x0000000020000000                __data_start__ = .
 *(.data_begin .data_begin.*)
 .data_begin    0x0000000020000000        0x4 ./system/src/newlib/_startup.o
 *(.data .data.*)
 .data.argv.4156
                0x0000000020000004        0x8 ./system/src/newlib/_syscalls.o
 .data.SystemCoreClock
                0x000000002000000c        0x4 ./system/src/cmsis/system_stm32f10x.o
                0x000000002000000c                SystemCoreClock
 .data.AHBPrescTable
                0x0000000020000010       0x10 ./system/src/cmsis/system_stm32f10x.o
                0x0000000020000010                AHBPrescTable
 .data.MODEM_CONFIG_TABLE
                0x0000000020000020      0x1c2 ./src/Project_Files/System/Modules/RF/hw_hoperf.o
                0x0000000020000020                MODEM_CONFIG_TABLE
 *fill*         0x00000000200001e2        0x2 
 .data.hoperf_channel_list
                0x00000000200001e4        0xc ./src/Project_Files/System/Modules/RF/hw_hoperf.o
                0x00000000200001e4                hoperf_channel_list
 .data.TX_ADDRESS
                0x00000000200001f0        0x3 ./src/Project_Files/System/Modules/RF/hw_nRF24L01.o
                0x00000000200001f0                TX_ADDRESS
 *fill*         0x00000000200001f3        0x1 
 .data.RX_ADDRESS
                0x00000000200001f4        0x3 ./src/Project_Files/System/Modules/RF/hw_nRF24L01.o
                0x00000000200001f4                RX_ADDRESS
 *fill*         0x00000000200001f7        0x1 
 .data.nrf_channel_list
                0x00000000200001f8       0x19 ./src/Project_Files/System/Modules/RF/hw_nRF24L01.o
                0x00000000200001f8                nrf_channel_list
 *fill*         0x0000000020000211        0x3 
 .data.VirtAddVarTab
                0x0000000020000214       0x24 ./src/Project_Files/System/Modules/MCU/hw_eeprom.o
                0x0000000020000214                VirtAddVarTab
 .data.impure_data
                0x0000000020000238       0x60 /Users/arigita/Development/gcc-arm-none-eabi-4_9-2015q3/bin/../lib/gcc/arm-none-eabi/4.9.3/../../../../arm-none-eabi/lib/armv7-m/libg_nano.a(lib_a-impure.o)
 .data._impure_ptr
                0x0000000020000298        0x4 /Users/arigita/Development/gcc-arm-none-eabi-4_9-2015q3/bin/../lib/gcc/arm-none-eabi/4.9.3/../../../../arm-none-eabi/lib/armv7-m/libg_nano.a(lib_a-impure.o)
                0x0000000020000298                _impure_ptr
 *(.data_end .data_end.*)
 .data_end      0x000000002000029c        0x4 ./system/src/newlib/_startup.o
                0x00000000200002a0                . = ALIGN (0x4)
                0x00000000200002a0                _edata = .
                0x00000000200002a0                __data_end__ = .

.igot.plt       0x00000000200002a0        0x0 load address 0x00000000080081d8
 .igot.plt      0x0000000000000000        0x0 ./system/src/stm32f1-stdperiph/misc.o

.bss_CCMRAM     0x0000000000000000        0x0
 *(.bss.CCMRAM .bss.CCMRAM.*)

.bss            0x00000000200002a0      0xa48
                0x00000000200002a0                __bss_start__ = .
                0x00000000200002a0                _sbss = .
 *(.bss_begin .bss_begin.*)
 .bss_begin     0x00000000200002a0        0x4 ./system/src/newlib/_startup.o
 *(.bss .bss.*)
 .bss.current_heap_end.3858
                0x00000000200002a4        0x4 ./system/src/newlib/_sbrk.o
 .bss.name.4155
                0x00000000200002a8        0x1 ./system/src/newlib/_syscalls.o
 *fill*         0x00000000200002a9        0x3 
 .bss.buf.4994  0x00000000200002ac       0x80 ./system/src/diag/Trace.o
 .bss.DataVar   0x000000002000032c        0x2 ./src/Project_Files/System/Modules/MCU/hw_eeprom.o
                0x000000002000032c                DataVar
 *fill*         0x000000002000032e        0x2 
 .bss.EXTI3_count
                0x0000000020000330        0x4 ./src/Project_Files/System/Modules/MCU/hw_ports.o
                0x0000000020000330                EXTI3_count
 .bss.EXTI6_count
                0x0000000020000334        0x4 ./src/Project_Files/System/Modules/MCU/hw_ports.o
                0x0000000020000334                EXTI6_count
 .bss.system_tick_count
                0x0000000020000338        0x4 ./src/Project_Files/System/Modules/MCU/hw_timers.o
                0x0000000020000338                system_tick_count
 .bss.timer3_overflow_count
                0x000000002000033c        0x4 ./src/Project_Files/System/Modules/MCU/hw_timers.o
                0x000000002000033c                timer3_overflow_count
 .bss.cpu_load_isr
                0x0000000020000340        0x1 ./src/Project_Files/System/Modules/MCU/hw_timers.o
                0x0000000020000340                cpu_load_isr
 .bss.cpu_load_events
                0x0000000020000341        0x1 ./src/Project_Files/System/Modules/MCU/hw_timers.o
                0x0000000020000341                cpu_load_events
 .bss.cpu_load  0x0000000020000342        0x1 ./src/Project_Files/System/Modules/MCU/hw_timers.o
                0x0000000020000342                cpu_load
 .bss.cpu_load_max
                0x0000000020000343        0x1 ./src/Project_Files/System/Modules/MCU/hw_timers.o
                0x0000000020000343                cpu_load_max
 .bss.queue_next
                0x0000000020000344        0x1 ./src/Project_Files/Event_Manager/event_manager.o
                0x0000000020000344                queue_next
 *fill*         0x0000000020000345        0x3 
 .bss.__malloc_sbrk_start
                0x0000000020000348        0x4 /Users/arigita/Development/gcc-arm-none-eabi-4_9-2015q3/bin/../lib/gcc/arm-none-eabi/4.9.3/../../../../arm-none-eabi/lib/armv7-m/libg_nano.a(lib_a-nano-mallocr.o)
                0x0000000020000348                __malloc_sbrk_start
 .bss.__malloc_free_list
                0x000000002000034c        0x4 /Users/arigita/Development/gcc-arm-none-eabi-4_9-2015q3/bin/../lib/gcc/arm-none-eabi/4.9.3/../../../../arm-none-eabi/lib/armv7-m/libg_nano.a(lib_a-nano-mallocr.o)
                0x000000002000034c                __malloc_free_list
 *(COMMON)
 COMMON         0x0000000020000350        0x4 ./system/src/newlib/_syscalls.o
                0x0000000020000350                errno
 COMMON         0x0000000020000354       0x64 ./src/Project_Files/System/Modules/RF/hw_commonrf.o
                0x0000000020000354                channels_used
 COMMON         0x00000000200003b8       0x18 ./src/Project_Files/System/Modules/RF/hw_hoperf.o
                0x00000000200003b8                errorhandler_llsm
                0x00000000200003cd                hoperf_temperature
                0x00000000200003ce                hoperf_Rssi
                0x00000000200003cf                current_address
 COMMON         0x00000000200003d0      0x51c ./src/Project_Files/System/Modules/MPU6050/hw_MPU6050.o
                0x00000000200003d0                event_times_max
                0x0000000020000488                event_times_min
                0x0000000020000540                queue_Time
                0x0000000020000560                queue_pinINT
                0x0000000020000590                entry_ev
                0x0000000020000594                event_times_act
                0x000000002000064c                event_times_acc
                0x0000000020000704                rfhandler_llsm
                0x0000000020000748                CHGeneration_llsm
                0x0000000020000784                slhandler_llsm
                0x00000000200007ac                queue_signalSM
 COMMON         0x00000000200008ec      0x32c ./src/Project_Files/System/Modules/MCU/hw_ports.o
                0x00000000200008ec                Timestamps_RPM_offs
                0x00000000200008f0                EXT_Time_Stamps
 COMMON         0x0000000020000c18       0x14 ./src/Project_Files/System/Modules/MCU/hw_timers.o
                0x0000000020000c18                isr_time
                0x0000000020000c20                PrescalerValue
                0x0000000020000c24                INT_events
 COMMON         0x0000000020000c2c       0x15 ./src/Project_Files/System/Low_Level_State_Machines/SafeLink_Handler/SafeLink_Handler_LLSM.o
                0x0000000020000c2c                slhandler_states
                0x0000000020000c40                slhandler_states_old
 *fill*         0x0000000020000c41        0x3 
 COMMON         0x0000000020000c44       0x14 ./src/Project_Files/System/Low_Level_State_Machines/Error_Handler/Error_Handler_LLSM.o
                0x0000000020000c44                errorhandler_states
 COMMON         0x0000000020000c58       0x8c ./src/Project_Files/Event_Manager/event_manager.o
                0x0000000020000c58                EventTimeQueueCtr1
                0x0000000020000c5c                control_sm
                0x0000000020000c74                SignalSMQueueCtr1
                0x0000000020000c78                communications_sm
                0x0000000020000cd4                telemetry_sm
                0x0000000020000cd8                EventINTQueueCtr1
                0x0000000020000cdc                safety_sm
                0x0000000020000ce0                cmdInput_sm
 *(.bss_end .bss_end.*)
 .bss_end       0x0000000020000ce4        0x4 ./system/src/newlib/_startup.o
                0x0000000020000ce8                . = ALIGN (0x4)
                0x0000000020000ce8                __bss_end__ = .
                0x0000000020000ce8                _ebss = .

.noinit_CCMRAM
 *(.noinit.CCMRAM .noinit.CCMRAM.*)

.noinit         0x0000000020000ce8        0x0
                0x0000000020000ce8                _noinit = .
 *(.noinit .noinit.*)
                0x0000000020000ce8                . = ALIGN (0x4)
                0x0000000020000ce8                _end_noinit = .
                0x0000000020000ce8                PROVIDE (end, _end_noinit)
                0x0000000020000ce8                PROVIDE (_end, _end_noinit)
                0x0000000020000ce8                PROVIDE (__end, _end_noinit)
                0x0000000020000ce8                PROVIDE (__end__, _end_noinit)

._check_stack   0x0000000020000ce8      0x100
                0x0000000020000de8                . = (. + _Minimum_Stack_Size)
 *fill*         0x0000000020000ce8      0x100 

.b1text
 *(.b1text)
 *(.b1rodata)
 *(.b1rodata.*)

.eb0text
 *(.eb0text)
 *(.eb0rodata)
 *(.eb0rodata.*)

.eb1text
 *(.eb1text)
 *(.eb1rodata)
 *(.eb1rodata.*)

.eb2text
 *(.eb2text)
 *(.eb2rodata)
 *(.eb2rodata.*)

.eb3text
 *(.eb3text)
 *(.eb3rodata)
 *(.eb3rodata.*)

.stab
 *(.stab)

.stabstr
 *(.stabstr)

.stab.excl
 *(.stab.excl)

.stab.exclstr
 *(.stab.exclstr)

.stab.index
 *(.stab.index)

.stab.indexstr
 *(.stab.indexstr)

.comment        0x0000000000000000       0x70
 *(.comment)
 .comment       0x0000000000000000       0x70 ./system/src/stm32f1-stdperiph/misc.o
                                         0x71 (size before relaxing)
 .comment       0x0000000000000000       0x71 ./system/src/stm32f1-stdperiph/stm32f10x_adc.o
 .comment       0x0000000000000000       0x71 ./system/src/stm32f1-stdperiph/stm32f10x_exti.o
 .comment       0x0000000000000000       0x71 ./system/src/stm32f1-stdperiph/stm32f10x_flash.o
 .comment       0x0000000000000000       0x71 ./system/src/stm32f1-stdperiph/stm32f10x_gpio.o
 .comment       0x0000000000000000       0x71 ./system/src/stm32f1-stdperiph/stm32f10x_rcc.o
 .comment       0x0000000000000000       0x71 ./system/src/stm32f1-stdperiph/stm32f10x_spi.o
 .comment       0x0000000000000000       0x71 ./system/src/stm32f1-stdperiph/stm32f10x_tim.o
 .comment       0x0000000000000000       0x71 ./system/src/newlib/_exit.o
 .comment       0x0000000000000000       0x71 ./system/src/newlib/_sbrk.o
 .comment       0x0000000000000000       0x71 ./system/src/newlib/_startup.o
 .comment       0x0000000000000000       0x71 ./system/src/newlib/_syscalls.o
 .comment       0x0000000000000000       0x71 ./system/src/newlib/assert.o
 .comment       0x0000000000000000       0x71 ./system/src/diag/Trace.o
 .comment       0x0000000000000000       0x71 ./system/src/diag/trace_impl.o
 .comment       0x0000000000000000       0x71 ./system/src/cortexm/_initialize_hardware.o
 .comment       0x0000000000000000       0x71 ./system/src/cortexm/exception_handlers.o
 .comment       0x0000000000000000       0x71 ./system/src/cmsis/system_stm32f10x.o
 .comment       0x0000000000000000       0x71 ./system/src/cmsis/vectors_stm32f10x.o
 .comment       0x0000000000000000       0x71 ./src/Project_Files/System/Modules/RF/hw_commonrf.o
 .comment       0x0000000000000000       0x71 ./src/Project_Files/System/Modules/RF/hw_hoperf.o
 .comment       0x0000000000000000       0x71 ./src/Project_Files/System/Modules/RF/hw_nRF24L01.o
 .comment       0x0000000000000000       0x71 ./src/Project_Files/System/Modules/MPU6050/hw_MPU6050.o
 .comment       0x0000000000000000       0x71 ./src/Project_Files/System/Modules/MCU/hw_ADC.o
 .comment       0x0000000000000000       0x71 ./src/Project_Files/System/Modules/MCU/hw_eeprom.o
 .comment       0x0000000000000000       0x71 ./src/Project_Files/System/Modules/MCU/hw_interr.o
 .comment       0x0000000000000000       0x71 ./src/Project_Files/System/Modules/MCU/hw_mcu.o
 .comment       0x0000000000000000       0x71 ./src/Project_Files/System/Modules/MCU/hw_ports.o
 .comment       0x0000000000000000       0x71 ./src/Project_Files/System/Modules/MCU/hw_spi.o
 .comment       0x0000000000000000       0x71 ./src/Project_Files/System/Modules/MCU/hw_timers.o
 .comment       0x0000000000000000       0x71 ./src/Project_Files/System/Low_Level_State_Machines/SafeLink_Handler/SafeLink_Handler_LLSM.o
 .comment       0x0000000000000000       0x71 ./src/Project_Files/System/Low_Level_State_Machines/RF_Handler/RF_Handler_LLSM.o
 .comment       0x0000000000000000       0x71 ./src/Project_Files/System/Low_Level_State_Machines/Error_Handler/Error_Handler_LLSM.o
 .comment       0x0000000000000000       0x71 ./src/Project_Files/System/HAL/hw_general.o
 .comment       0x0000000000000000       0x71 ./src/Project_Files/Event_Manager/event_manager.o
 .comment       0x0000000000000000       0x71 ./src/Project_Files/Event_Manager/state_machine_fw.o
 .comment       0x0000000000000000       0x71 ./src/Project_Files/Application/State_Machines/Communications/communications_sm.o
 .comment       0x0000000000000000       0x71 ./src/Project_Files/main.o
 .comment       0x0000000000000000       0x71 ./src/Project_Files/stm32f10x_it.o

.ARM.attributes
                0x0000000000000000       0x33
 .ARM.attributes
                0x0000000000000000       0x33 ./system/src/stm32f1-stdperiph/misc.o
 .ARM.attributes
                0x0000000000000033       0x33 ./system/src/stm32f1-stdperiph/stm32f10x_adc.o
 .ARM.attributes
                0x0000000000000066       0x33 ./system/src/stm32f1-stdperiph/stm32f10x_exti.o
 .ARM.attributes
                0x0000000000000099       0x33 ./system/src/stm32f1-stdperiph/stm32f10x_flash.o
 .ARM.attributes
                0x00000000000000cc       0x33 ./system/src/stm32f1-stdperiph/stm32f10x_gpio.o
 .ARM.attributes
                0x00000000000000ff       0x33 ./system/src/stm32f1-stdperiph/stm32f10x_rcc.o
 .ARM.attributes
                0x0000000000000132       0x33 ./system/src/stm32f1-stdperiph/stm32f10x_spi.o
 .ARM.attributes
                0x0000000000000165       0x33 ./system/src/stm32f1-stdperiph/stm32f10x_tim.o
 .ARM.attributes
                0x0000000000000198       0x33 ./system/src/newlib/_exit.o
 .ARM.attributes
                0x00000000000001cb       0x33 ./system/src/newlib/_sbrk.o
 .ARM.attributes
                0x00000000000001fe       0x33 ./system/src/newlib/_startup.o
 .ARM.attributes
                0x0000000000000231       0x33 ./system/src/newlib/_syscalls.o
 .ARM.attributes
                0x0000000000000264       0x33 ./system/src/newlib/assert.o
 .ARM.attributes
                0x0000000000000297       0x33 ./system/src/diag/Trace.o
 .ARM.attributes
                0x00000000000002ca       0x33 ./system/src/diag/trace_impl.o
 .ARM.attributes
                0x00000000000002fd       0x33 ./system/src/cortexm/_initialize_hardware.o
 .ARM.attributes
                0x0000000000000330       0x33 ./system/src/cortexm/exception_handlers.o
 .ARM.attributes
                0x0000000000000363       0x33 ./system/src/cmsis/system_stm32f10x.o
 .ARM.attributes
                0x0000000000000396       0x33 ./system/src/cmsis/vectors_stm32f10x.o
 .ARM.attributes
                0x00000000000003c9       0x33 ./src/Project_Files/System/Modules/RF/hw_commonrf.o
 .ARM.attributes
                0x00000000000003fc       0x33 ./src/Project_Files/System/Modules/RF/hw_hoperf.o
 .ARM.attributes
                0x000000000000042f       0x33 ./src/Project_Files/System/Modules/RF/hw_nRF24L01.o
 .ARM.attributes
                0x0000000000000462       0x33 ./src/Project_Files/System/Modules/MPU6050/hw_MPU6050.o
 .ARM.attributes
                0x0000000000000495       0x33 ./src/Project_Files/System/Modules/MCU/hw_ADC.o
 .ARM.attributes
                0x00000000000004c8       0x33 ./src/Project_Files/System/Modules/MCU/hw_eeprom.o
 .ARM.attributes
                0x00000000000004fb       0x33 ./src/Project_Files/System/Modules/MCU/hw_interr.o
 .ARM.attributes
                0x000000000000052e       0x33 ./src/Project_Files/System/Modules/MCU/hw_mcu.o
 .ARM.attributes
                0x0000000000000561       0x33 ./src/Project_Files/System/Modules/MCU/hw_ports.o
 .ARM.attributes
                0x0000000000000594       0x33 ./src/Project_Files/System/Modules/MCU/hw_spi.o
 .ARM.attributes
                0x00000000000005c7       0x33 ./src/Project_Files/System/Modules/MCU/hw_timers.o
 .ARM.attributes
                0x00000000000005fa       0x33 ./src/Project_Files/System/Low_Level_State_Machines/SafeLink_Handler/SafeLink_Handler_LLSM.o
 .ARM.attributes
                0x000000000000062d       0x33 ./src/Project_Files/System/Low_Level_State_Machines/RF_Handler/RF_Handler_LLSM.o
 .ARM.attributes
                0x0000000000000660       0x33 ./src/Project_Files/System/Low_Level_State_Machines/Error_Handler/Error_Handler_LLSM.o
 .ARM.attributes
                0x0000000000000693       0x33 ./src/Project_Files/System/HAL/hw_general.o
 .ARM.attributes
                0x00000000000006c6       0x33 ./src/Project_Files/Event_Manager/event_manager.o
 .ARM.attributes
                0x00000000000006f9       0x33 ./src/Project_Files/Event_Manager/state_machine_fw.o
 .ARM.attributes
                0x000000000000072c       0x33 ./src/Project_Files/Application/State_Machines/Communications/communications_sm.o
 .ARM.attributes
                0x000000000000075f       0x33 ./src/Project_Files/main.o
 .ARM.attributes
                0x0000000000000792       0x33 ./src/Project_Files/stm32f10x_it.o
 .ARM.attributes
                0x00000000000007c5       0x2d /Users/arigita/Development/gcc-arm-none-eabi-4_9-2015q3/bin/../lib/gcc/arm-none-eabi/4.9.3/../../../../arm-none-eabi/lib/armv7-m/libm.a(lib_a-s_floor.o)
 .ARM.attributes
                0x00000000000007f2       0x1d /Users/arigita/Development/gcc-arm-none-eabi-4_9-2015q3/bin/../lib/gcc/arm-none-eabi/4.9.3/armv7-m/libgcc.a(_arm_addsubdf3.o)
 .ARM.attributes
                0x000000000000080f       0x1d /Users/arigita/Development/gcc-arm-none-eabi-4_9-2015q3/bin/../lib/gcc/arm-none-eabi/4.9.3/armv7-m/libgcc.a(_arm_muldivdf3.o)
 .ARM.attributes
                0x000000000000082c       0x1d /Users/arigita/Development/gcc-arm-none-eabi-4_9-2015q3/bin/../lib/gcc/arm-none-eabi/4.9.3/armv7-m/libgcc.a(_arm_cmpdf2.o)
 .ARM.attributes
                0x0000000000000849       0x1d /Users/arigita/Development/gcc-arm-none-eabi-4_9-2015q3/bin/../lib/gcc/arm-none-eabi/4.9.3/armv7-m/libgcc.a(_arm_fixunsdfsi.o)
 .ARM.attributes
                0x0000000000000866       0x1d /Users/arigita/Development/gcc-arm-none-eabi-4_9-2015q3/bin/../lib/gcc/arm-none-eabi/4.9.3/armv7-m/libgcc.a(_arm_truncdfsf2.o)
 .ARM.attributes
                0x0000000000000883       0x1d /Users/arigita/Development/gcc-arm-none-eabi-4_9-2015q3/bin/../lib/gcc/arm-none-eabi/4.9.3/armv7-m/libgcc.a(_arm_addsubsf3.o)
 .ARM.attributes
                0x00000000000008a0       0x1d /Users/arigita/Development/gcc-arm-none-eabi-4_9-2015q3/bin/../lib/gcc/arm-none-eabi/4.9.3/armv7-m/libgcc.a(_arm_muldivsf3.o)
 .ARM.attributes
                0x00000000000008bd       0x1d /Users/arigita/Development/gcc-arm-none-eabi-4_9-2015q3/bin/../lib/gcc/arm-none-eabi/4.9.3/armv7-m/libgcc.a(_arm_cmpsf2.o)
 .ARM.attributes
                0x00000000000008da       0x1d /Users/arigita/Development/gcc-arm-none-eabi-4_9-2015q3/bin/../lib/gcc/arm-none-eabi/4.9.3/armv7-m/libgcc.a(_arm_fixsfsi.o)
 .ARM.attributes
                0x00000000000008f7       0x1d /Users/arigita/Development/gcc-arm-none-eabi-4_9-2015q3/bin/../lib/gcc/arm-none-eabi/4.9.3/armv7-m/libgcc.a(_arm_fixunssfsi.o)
 .ARM.attributes
                0x0000000000000914       0x2d /Users/arigita/Development/gcc-arm-none-eabi-4_9-2015q3/bin/../lib/gcc/arm-none-eabi/4.9.3/../../../../arm-none-eabi/lib/armv7-m/libg_nano.a(lib_a-errno.o)
 .ARM.attributes
                0x0000000000000941       0x2d /Users/arigita/Development/gcc-arm-none-eabi-4_9-2015q3/bin/../lib/gcc/arm-none-eabi/4.9.3/../../../../arm-none-eabi/lib/armv7-m/libg_nano.a(lib_a-impure.o)
 .ARM.attributes
                0x000000000000096e       0x2d /Users/arigita/Development/gcc-arm-none-eabi-4_9-2015q3/bin/../lib/gcc/arm-none-eabi/4.9.3/../../../../arm-none-eabi/lib/armv7-m/libg_nano.a(lib_a-memcpy.o)
 .ARM.attributes
                0x000000000000099b       0x2d /Users/arigita/Development/gcc-arm-none-eabi-4_9-2015q3/bin/../lib/gcc/arm-none-eabi/4.9.3/../../../../arm-none-eabi/lib/armv7-m/libg_nano.a(lib_a-strlen.o)
 .ARM.attributes
                0x00000000000009c8       0x2d /Users/arigita/Development/gcc-arm-none-eabi-4_9-2015q3/bin/../lib/gcc/arm-none-eabi/4.9.3/../../../../arm-none-eabi/lib/armv7-m/libg_nano.a(lib_a-vsnprintf.o)
 .ARM.attributes
                0x00000000000009f5       0x2d /Users/arigita/Development/gcc-arm-none-eabi-4_9-2015q3/bin/../lib/gcc/arm-none-eabi/4.9.3/../../../../arm-none-eabi/lib/armv7-m/libg_nano.a(lib_a-nano-svfprintf.o)
 .ARM.attributes
                0x0000000000000a22       0x2d /Users/arigita/Development/gcc-arm-none-eabi-4_9-2015q3/bin/../lib/gcc/arm-none-eabi/4.9.3/../../../../arm-none-eabi/lib/armv7-m/libg_nano.a(lib_a-nano-vfprintf_i.o)
 .ARM.attributes
                0x0000000000000a4f       0x2d /Users/arigita/Development/gcc-arm-none-eabi-4_9-2015q3/bin/../lib/gcc/arm-none-eabi/4.9.3/../../../../arm-none-eabi/lib/armv7-m/libg_nano.a(lib_a-memchr.o)
 .ARM.attributes
                0x0000000000000a7c       0x2d /Users/arigita/Development/gcc-arm-none-eabi-4_9-2015q3/bin/../lib/gcc/arm-none-eabi/4.9.3/../../../../arm-none-eabi/lib/armv7-m/libg_nano.a(lib_a-memmove.o)
 .ARM.attributes
                0x0000000000000aa9       0x2d /Users/arigita/Development/gcc-arm-none-eabi-4_9-2015q3/bin/../lib/gcc/arm-none-eabi/4.9.3/../../../../arm-none-eabi/lib/armv7-m/libg_nano.a(lib_a-nano-freer.o)
 .ARM.attributes
                0x0000000000000ad6       0x2d /Users/arigita/Development/gcc-arm-none-eabi-4_9-2015q3/bin/../lib/gcc/arm-none-eabi/4.9.3/../../../../arm-none-eabi/lib/armv7-m/libg_nano.a(lib_a-nano-mallocr.o)
 .ARM.attributes
                0x0000000000000b03       0x2d /Users/arigita/Development/gcc-arm-none-eabi-4_9-2015q3/bin/../lib/gcc/arm-none-eabi/4.9.3/../../../../arm-none-eabi/lib/armv7-m/libg_nano.a(lib_a-nano-reallocr.o)
 .ARM.attributes
                0x0000000000000b30       0x2d /Users/arigita/Development/gcc-arm-none-eabi-4_9-2015q3/bin/../lib/gcc/arm-none-eabi/4.9.3/../../../../arm-none-eabi/lib/armv7-m/libg_nano.a(lib_a-sbrkr.o)
 .ARM.attributes
                0x0000000000000b5d       0x2d /Users/arigita/Development/gcc-arm-none-eabi-4_9-2015q3/bin/../lib/gcc/arm-none-eabi/4.9.3/../../../../arm-none-eabi/lib/armv7-m/libg_nano.a(lib_a-nano-msizer.o)

.debug
 *(.debug)

.line
 *(.line)

.debug_srcinfo
 *(.debug_srcinfo)

.debug_sfnames
 *(.debug_sfnames)

.debug_aranges  0x0000000000000000     0x1280
 *(.debug_aranges)
 .debug_aranges
                0x0000000000000000       0x40 ./system/src/stm32f1-stdperiph/misc.o
 .debug_aranges
                0x0000000000000040      0x138 ./system/src/stm32f1-stdperiph/stm32f10x_adc.o
 .debug_aranges
                0x0000000000000178       0x58 ./system/src/stm32f1-stdperiph/stm32f10x_exti.o
 .debug_aranges
                0x00000000000001d0       0xf8 ./system/src/stm32f1-stdperiph/stm32f10x_flash.o
 .debug_aranges
                0x00000000000002c8       0xa8 ./system/src/stm32f1-stdperiph/stm32f10x_gpio.o
 .debug_aranges
                0x0000000000000370      0x118 ./system/src/stm32f1-stdperiph/stm32f10x_rcc.o
 .debug_aranges
                0x0000000000000488       0xd0 ./system/src/stm32f1-stdperiph/stm32f10x_spi.o
 .debug_aranges
                0x0000000000000558      0x2f0 ./system/src/stm32f1-stdperiph/stm32f10x_tim.o
 .debug_aranges
                0x0000000000000848       0x28 ./system/src/newlib/_exit.o
 .debug_aranges
                0x0000000000000870       0x20 ./system/src/newlib/_sbrk.o
 .debug_aranges
                0x0000000000000890       0x40 ./system/src/newlib/_startup.o
 .debug_aranges
                0x00000000000008d0       0x30 ./system/src/newlib/_syscalls.o
 .debug_aranges
                0x0000000000000900       0x28 ./system/src/newlib/assert.o
 .debug_aranges
                0x0000000000000928       0x38 ./system/src/diag/Trace.o
 .debug_aranges
                0x0000000000000960       0x30 ./system/src/diag/trace_impl.o
 .debug_aranges
                0x0000000000000990       0x28 ./system/src/cortexm/_initialize_hardware.o
 .debug_aranges
                0x00000000000009b8       0x90 ./system/src/cortexm/exception_handlers.o
 .debug_aranges
                0x0000000000000a48       0x38 ./system/src/cmsis/system_stm32f10x.o
 .debug_aranges
                0x0000000000000a80       0x20 ./system/src/cmsis/vectors_stm32f10x.o
 .debug_aranges
                0x0000000000000aa0       0x78 ./src/Project_Files/System/Modules/RF/hw_commonrf.o
 .debug_aranges
                0x0000000000000b18      0x160 ./src/Project_Files/System/Modules/RF/hw_hoperf.o
 .debug_aranges
                0x0000000000000c78       0xa8 ./src/Project_Files/System/Modules/RF/hw_nRF24L01.o
 .debug_aranges
                0x0000000000000d20       0xa8 ./src/Project_Files/System/Modules/MPU6050/hw_MPU6050.o
 .debug_aranges
                0x0000000000000dc8       0x28 ./src/Project_Files/System/Modules/MCU/hw_ADC.o
 .debug_aranges
                0x0000000000000df0       0x50 ./src/Project_Files/System/Modules/MCU/hw_eeprom.o
 .debug_aranges
                0x0000000000000e40       0x30 ./src/Project_Files/System/Modules/MCU/hw_interr.o
 .debug_aranges
                0x0000000000000e70       0x38 ./src/Project_Files/System/Modules/MCU/hw_mcu.o
 .debug_aranges
                0x0000000000000ea8       0x58 ./src/Project_Files/System/Modules/MCU/hw_ports.o
 .debug_aranges
                0x0000000000000f00       0x40 ./src/Project_Files/System/Modules/MCU/hw_spi.o
 .debug_aranges
                0x0000000000000f40       0x78 ./src/Project_Files/System/Modules/MCU/hw_timers.o
 .debug_aranges
                0x0000000000000fb8       0x90 ./src/Project_Files/System/Low_Level_State_Machines/SafeLink_Handler/SafeLink_Handler_LLSM.o
 .debug_aranges
                0x0000000000001048       0x98 ./src/Project_Files/System/Low_Level_State_Machines/RF_Handler/RF_Handler_LLSM.o
 .debug_aranges
                0x00000000000010e0       0x40 ./src/Project_Files/System/Low_Level_State_Machines/Error_Handler/Error_Handler_LLSM.o
 .debug_aranges
                0x0000000000001120       0x20 ./src/Project_Files/System/HAL/hw_general.o
 .debug_aranges
                0x0000000000001140       0x68 ./src/Project_Files/Event_Manager/event_manager.o
 .debug_aranges
                0x00000000000011a8       0x20 ./src/Project_Files/Event_Manager/state_machine_fw.o
 .debug_aranges
                0x00000000000011c8       0x40 ./src/Project_Files/Application/State_Machines/Communications/communications_sm.o
 .debug_aranges
                0x0000000000001208       0x20 ./src/Project_Files/main.o
 .debug_aranges
                0x0000000000001228       0x58 ./src/Project_Files/stm32f10x_it.o

.debug_pubnames
 *(.debug_pubnames)

.debug_info     0x0000000000000000     0xfa83
 *(.debug_info .gnu.linkonce.wi.*)
 .debug_info    0x0000000000000000      0x524 ./system/src/stm32f1-stdperiph/misc.o
 .debug_info    0x0000000000000524      0xb50 ./system/src/stm32f1-stdperiph/stm32f10x_adc.o
 .debug_info    0x0000000000001074      0x349 ./system/src/stm32f1-stdperiph/stm32f10x_exti.o
 .debug_info    0x00000000000013bd      0x78d ./system/src/stm32f1-stdperiph/stm32f10x_flash.o
 .debug_info    0x0000000000001b4a      0x6cf ./system/src/stm32f1-stdperiph/stm32f10x_gpio.o
 .debug_info    0x0000000000002219      0x869 ./system/src/stm32f1-stdperiph/stm32f10x_rcc.o
 .debug_info    0x0000000000002a82      0x8cf ./system/src/stm32f1-stdperiph/stm32f10x_spi.o
 .debug_info    0x0000000000003351     0x1c34 ./system/src/stm32f1-stdperiph/stm32f10x_tim.o
 .debug_info    0x0000000000004f85       0xb3 ./system/src/newlib/_exit.o
 .debug_info    0x0000000000005038      0x102 ./system/src/newlib/_sbrk.o