Archive member included because of file (symbol)

/Users/arigita/Development/gcc-arm-none-eabi-4_9-2015q3/bin/../lib/gcc/arm-none-eabi/4.9.3/../../../../arm-none-eabi/lib/armv7-m/libm.a(lib_a-s_floor.o)
                              ./src/Project_Files/System/Modules/RF/hw_hoperf.o (floor)
/Users/arigita/Development/gcc-arm-none-eabi-4_9-2015q3/bin/../lib/gcc/arm-none-eabi/4.9.3/armv7-m/libgcc.a(_arm_addsubdf3.o)
                              /Users/arigita/Development/gcc-arm-none-eabi-4_9-2015q3/bin/../lib/gcc/arm-none-eabi/4.9.3/../../../../arm-none-eabi/lib/armv7-m/libm.a(lib_a-s_floor.o) (__aeabi_dadd)
/Users/arigita/Development/gcc-arm-none-eabi-4_9-2015q3/bin/../lib/gcc/arm-none-eabi/4.9.3/armv7-m/libgcc.a(_arm_muldivdf3.o)
                              ./src/Project_Files/System/Modules/RF/hw_hoperf.o (__aeabi_dmul)
/Users/arigita/Development/gcc-arm-none-eabi-4_9-2015q3/bin/../lib/gcc/arm-none-eabi/4.9.3/armv7-m/libgcc.a(_arm_cmpdf2.o)
                              ./src/Project_Files/System/Modules/RF/hw_hoperf.o (__aeabi_dcmpgt)
/Users/arigita/Development/gcc-arm-none-eabi-4_9-2015q3/bin/../lib/gcc/arm-none-eabi/4.9.3/armv7-m/libgcc.a(_arm_fixunsdfsi.o)
                              ./src/Project_Files/System/Modules/RF/hw_hoperf.o (__aeabi_d2uiz)
/Users/arigita/Development/gcc-arm-none-eabi-4_9-2015q3/bin/../lib/gcc/arm-none-eabi/4.9.3/armv7-m/libgcc.a(_arm_truncdfsf2.o)
                              ./src/Project_Files/System/Modules/RF/hw_hoperf.o (__aeabi_d2f)
/Users/arigita/Development/gcc-arm-none-eabi-4_9-2015q3/bin/../lib/gcc/arm-none-eabi/4.9.3/armv7-m/libgcc.a(_arm_addsubsf3.o)
                              ./src/Project_Files/System/Modules/RF/hw_hoperf.o (__aeabi_fsub)
/Users/arigita/Development/gcc-arm-none-eabi-4_9-2015q3/bin/../lib/gcc/arm-none-eabi/4.9.3/armv7-m/libgcc.a(_arm_muldivsf3.o)
                              ./src/Project_Files/System/Modules/RF/hw_hoperf.o (__aeabi_fmul)
/Users/arigita/Development/gcc-arm-none-eabi-4_9-2015q3/bin/../lib/gcc/arm-none-eabi/4.9.3/armv7-m/libgcc.a(_arm_cmpsf2.o)
                              ./src/Project_Files/System/Modules/RF/hw_hoperf.o (__aeabi_fcmplt)
/Users/arigita/Development/gcc-arm-none-eabi-4_9-2015q3/bin/../lib/gcc/arm-none-eabi/4.9.3/armv7-m/libgcc.a(_arm_fixsfsi.o)
                              ./src/Project_Files/Application/State_Machines/Telemetry/telemetry_sm.o (__aeabi_f2iz)
/Users/arigita/Development/gcc-arm-none-eabi-4_9-2015q3/bin/../lib/gcc/arm-none-eabi/4.9.3/armv7-m/libgcc.a(_arm_fixunssfsi.o)
                              ./src/Project_Files/System/Modules/RF/hw_hoperf.o (__aeabi_f2uiz)
/Users/arigita/Development/gcc-arm-none-eabi-4_9-2015q3/bin/../lib/gcc/arm-none-eabi/4.9.3/../../../../arm-none-eabi/lib/armv7-m/libg_nano.a(lib_a-errno.o)
                              ./system/src/newlib/_sbrk.o (__errno)
/Users/arigita/Development/gcc-arm-none-eabi-4_9-2015q3/bin/../lib/gcc/arm-none-eabi/4.9.3/../../../../arm-none-eabi/lib/armv7-m/libg_nano.a(lib_a-impure.o)
                              /Users/arigita/Development/gcc-arm-none-eabi-4_9-2015q3/bin/../lib/gcc/arm-none-eabi/4.9.3/../../../../arm-none-eabi/lib/armv7-m/libg_nano.a(lib_a-errno.o) (_impure_ptr)
/Users/arigita/Development/gcc-arm-none-eabi-4_9-2015q3/bin/../lib/gcc/arm-none-eabi/4.9.3/../../../../arm-none-eabi/lib/armv7-m/libg_nano.a(lib_a-memcpy.o)
                              ./src/Project_Files/System/Modules/RF/hw_hoperf.o (memcpy)
/Users/arigita/Development/gcc-arm-none-eabi-4_9-2015q3/bin/../lib/gcc/arm-none-eabi/4.9.3/../../../../arm-none-eabi/lib/armv7-m/libg_nano.a(lib_a-strlen.o)
                              ./system/src/diag/Trace.o (strlen)
/Users/arigita/Development/gcc-arm-none-eabi-4_9-2015q3/bin/../lib/gcc/arm-none-eabi/4.9.3/../../../../arm-none-eabi/lib/armv7-m/libg_nano.a(lib_a-vsnprintf.o)
                              ./system/src/diag/Trace.o (vsnprintf)
/Users/arigita/Development/gcc-arm-none-eabi-4_9-2015q3/bin/../lib/gcc/arm-none-eabi/4.9.3/../../../../arm-none-eabi/lib/armv7-m/libg_nano.a(lib_a-nano-svfprintf.o)
                              /Users/arigita/Development/gcc-arm-none-eabi-4_9-2015q3/bin/../lib/gcc/arm-none-eabi/4.9.3/../../../../arm-none-eabi/lib/armv7-m/libg_nano.a(lib_a-vsnprintf.o) (_svfprintf_r)
/Users/arigita/Development/gcc-arm-none-eabi-4_9-2015q3/bin/../lib/gcc/arm-none-eabi/4.9.3/../../../../arm-none-eabi/lib/armv7-m/libg_nano.a(lib_a-nano-vfprintf_i.o)
                              /Users/arigita/Development/gcc-arm-none-eabi-4_9-2015q3/bin/../lib/gcc/arm-none-eabi/4.9.3/../../../../arm-none-eabi/lib/armv7-m/libg_nano.a(lib_a-nano-svfprintf.o) (_printf_i)
/Users/arigita/Development/gcc-arm-none-eabi-4_9-2015q3/bin/../lib/gcc/arm-none-eabi/4.9.3/../../../../arm-none-eabi/lib/armv7-m/libg_nano.a(lib_a-memchr.o)
[...]
Memory Configuration

Name             Origin             Length             Attributes
//RAM            0x0000000020000000 0x0000000000005000 xrw
RAM              0x0000000020000000 0x0000000000010000 xrw
CCMRAM           0x0000000000000000 0x0000000000000000 xrw
//FLASH          0x0000000008000000 0x0000000000020000 xr
FLASH            0x0000000008000000 0x0000000000080000 xr
FLASHB1          0x0000000000000000 0x0000000000000000 xr
EXTMEMB0         0x0000000000000000 0x0000000000000000 xr
EXTMEMB1         0x0000000000000000 0x0000000000000000 xr
EXTMEMB2         0x0000000000000000 0x0000000000000000 xr
EXTMEMB3         0x0000000000000000 0x0000000000000000 xr
MEMORY_ARRAY     0x0000000000000000 0x0000000000000000 xrw
*default*        0x0000000000000000 0xffffffffffffffff

Linker script and memory map

LOAD ./system/src/stm32f1-stdperiph/misc.o
LOAD ./system/src/stm32f1-stdperiph/stm32f10x_adc.o
LOAD ./system/src/stm32f1-stdperiph/stm32f10x_bkp.o
LOAD ./system/src/stm32f1-stdperiph/stm32f10x_can.o
LOAD ./system/src/stm32f1-stdperiph/stm32f10x_cec.o
LOAD ./system/src/stm32f1-stdperiph/stm32f10x_crc.o
LOAD ./system/src/stm32f1-stdperiph/stm32f10x_dac.o
LOAD ./system/src/stm32f1-stdperiph/stm32f10x_dbgmcu.o
LOAD ./system/src/stm32f1-stdperiph/stm32f10x_dma.o
LOAD ./system/src/stm32f1-stdperiph/stm32f10x_exti.o
LOAD ./system/src/stm32f1-stdperiph/stm32f10x_flash.o
LOAD ./system/src/stm32f1-stdperiph/stm32f10x_fsmc.o
LOAD ./system/src/stm32f1-stdperiph/stm32f10x_gpio.o
LOAD ./system/src/stm32f1-stdperiph/stm32f10x_i2c.o
LOAD ./system/src/stm32f1-stdperiph/stm32f10x_iwdg.o
LOAD ./system/src/stm32f1-stdperiph/stm32f10x_pwr.o
LOAD ./system/src/stm32f1-stdperiph/stm32f10x_rcc.o
LOAD ./system/src/stm32f1-stdperiph/stm32f10x_rtc.o
LOAD ./system/src/stm32f1-stdperiph/stm32f10x_sdio.o
LOAD ./system/src/stm32f1-stdperiph/stm32f10x_spi.o
LOAD ./system/src/stm32f1-stdperiph/stm32f10x_tim.o
LOAD ./system/src/stm32f1-stdperiph/stm32f10x_usart.o
LOAD ./system/src/stm32f1-stdperiph/stm32f10x_wwdg.o
LOAD ./system/src/newlib/_cxx.o
LOAD ./system/src/newlib/_exit.o
LOAD ./system/src/newlib/_sbrk.o
LOAD ./system/src/newlib/_startup.o
LOAD ./system/src/newlib/_syscalls.o
LOAD ./system/src/newlib/assert.o
LOAD ./system/src/diag/Trace.o
LOAD ./system/src/diag/trace_impl.o
LOAD ./system/src/cortexm/_initialize_hardware.o
LOAD ./system/src/cortexm/_reset_hardware.o
LOAD ./system/src/cortexm/exception_handlers.o
LOAD ./system/src/cmsis/system_stm32f10x.o
LOAD ./system/src/cmsis/vectors_stm32f10x.o
LOAD ./src/Project_Files/System/Modules/RF/hw_commonrf.o
LOAD ./src/Project_Files/System/Modules/RF/hw_hoperf.o
LOAD ./src/Project_Files/System/Modules/RF/hw_nRF24L01.o
LOAD ./src/Project_Files/System/Modules/MCU/hw_ADC.o
LOAD ./src/Project_Files/System/Modules/MCU/hw_interr.o
LOAD ./src/Project_Files/System/Modules/MCU/hw_mcu.o
LOAD ./src/Project_Files/System/Modules/MCU/hw_ports.o
LOAD ./src/Project_Files/System/Modules/MCU/hw_spi.o
LOAD ./src/Project_Files/System/Modules/MCU/hw_timers.o
LOAD ./src/Project_Files/System/Modules/MCU/hw_usart.o
LOAD ./src/Project_Files/System/Low_Level_State_Machines/SafeLink_Handler/SafeLink_Handler_LLSM.o
LOAD ./src/Project_Files/System/Low_Level_State_Machines/RF_Handler/RF_Handler_LLSM.o
LOAD ./src/Project_Files/System/Low_Level_State_Machines/Error_Handler/Error_Handler_LLSM.o
LOAD ./src/Project_Files/System/HAL/hw_general.o
LOAD ./src/Project_Files/Lib/sw_filter.o
LOAD ./src/Project_Files/Event_Manager/event_manager.o
LOAD ./src/Project_Files/Event_Manager/state_machine_fw.o
LOAD ./src/Project_Files/Application/State_Machines/Telemetry/telemetry_sm.o
LOAD ./src/Project_Files/Application/State_Machines/Display/display_sm.o
LOAD ./src/Project_Files/Application/State_Machines/Control_PPM/controlPPM_sm.o
LOAD ./src/Project_Files/Application/State_Machines/Control_Fan/controlfan_sm.o
LOAD ./src/Project_Files/Application/State_Machines/Control_Buzzer/controlbuzzer_sm.o
LOAD ./src/Project_Files/Application/State_Machines/Communications/communications_sm.o
LOAD ./src/Project_Files/Application/State_Machines/CmdInput/cmdInput_sm.o
LOAD ./src/Project_Files/main.o
LOAD ./src/Project_Files/stm32f10x_it.o
LOAD /Users/arigita/Development/gcc-arm-none-eabi-4_9-2015q3/bin/../lib/gcc/arm-none-eabi/4.9.3/../../../../arm-none-eabi/lib/armv7-m/libstdc++_nano.a
LOAD /Users/arigita/Development/gcc-arm-none-eabi-4_9-2015q3/bin/../lib/gcc/arm-none-eabi/4.9.3/../../../../arm-none-eabi/lib/armv7-m/libm.a
START GROUP
LOAD /Users/arigita/Development/gcc-arm-none-eabi-4_9-2015q3/bin/../lib/gcc/arm-none-eabi/4.9.3/armv7-m/libgcc.a
LOAD /Users/arigita/Development/gcc-arm-none-eabi-4_9-2015q3/bin/../lib/gcc/arm-none-eabi/4.9.3/../../../../arm-none-eabi/lib/armv7-m/libg_nano.a
LOAD /Users/arigita/Development/gcc-arm-none-eabi-4_9-2015q3/bin/../lib/gcc/arm-none-eabi/4.9.3/../../../../arm-none-eabi/lib/armv7-m/libc_nano.a
END GROUP
START GROUP
LOAD /Users/arigita/Development/gcc-arm-none-eabi-4_9-2015q3/bin/../lib/gcc/arm-none-eabi/4.9.3/armv7-m/libgcc.a
LOAD /Users/arigita/Development/gcc-arm-none-eabi-4_9-2015q3/bin/../lib/gcc/arm-none-eabi/4.9.3/../../../../arm-none-eabi/lib/armv7-m/libc_nano.a
END GROUP
                0x0000000020010000                __stack = (ORIGIN (RAM) + 0x10000)
                0x0000000020010000                _estack = __stack
                0x0000000000000400                __Main_Stack_Size = 0x400
                0x0000000000000400                PROVIDE (_Main_Stack_Size, __Main_Stack_Size)
                0x000000002000fc00                __Main_Stack_Limit = (__stack - __Main_Stack_Size)
                0x000000002000fc00                PROVIDE (_Main_Stack_Limit, __Main_Stack_Limit)
                0x0000000000000100                _Minimum_Stack_Size = 0x100
                0x00000000200013d0                PROVIDE (_Heap_Begin, _end_noinit)
                0x000000002000fc00                PROVIDE (_Heap_Limit, (__stack - __Main_Stack_Size))

.isr_vector     0x0000000008000000      0x4dc
 FILL mask 0xff
                0x0000000008000000                __vectors_start = ABSOLUTE (.)
                0x0000000008000000                __vectors_start__ = ABSOLUTE (.)
 *(.isr_vector)
 .isr_vector    0x0000000008000000      0x1e4 ./system/src/cmsis/vectors_stm32f10x.o
                0x0000000008000000                __isr_vectors
 *(.cfmconfig)
 *(.after_vectors .after_vectors.*)
 .after_vectors
                0x00000000080001e4      0x178 ./system/src/newlib/_startup.o
                0x00000000080001e4                _start
 .after_vectors
                0x000000000800035c      0x178 ./system/src/cortexm/exception_handlers.o
                0x000000000800035c                Reset_Handler
                0x0000000008000380                HardFault_Handler_C
                0x0000000008000410                BusFault_Handler_C
                0x0000000008000464                UsageFault_Handler_C
 .after_vectors
                0x00000000080004d4        0x8 ./system/src/cmsis/vectors_stm32f10x.o
                0x00000000080004d4                TIM1_BRK_TIM15_IRQHandler
                0x00000000080004d4                TIM8_TRG_COM_IRQHandler
                0x00000000080004d4                TIM1_CC_IRQHandler
                0x00000000080004d4                TIM6_IRQHandler
                0x00000000080004d4                PVD_IRQHandler
                0x00000000080004d4                SDIO_IRQHandler
                0x00000000080004d4                CAN2_RX1_IRQHandler
                0x00000000080004d4                EXTI3_IRQHandler
                0x00000000080004d4                TIM8_TRG_COM_TIM14_IRQHandler
                0x00000000080004d4                TIM1_UP_TIM10_IRQHandler
                0x00000000080004d4                TIM8_UP_TIM13_IRQHandler
                0x00000000080004d4                EXTI0_IRQHandler
                0x00000000080004d4                I2C2_EV_IRQHandler
                0x00000000080004d4                CAN1_RX0_IRQHandler
                0x00000000080004d4                TIM1_UP_TIM16_IRQHandler
                0x00000000080004d4                CAN2_SCE_IRQHandler
                0x00000000080004d4                ADC1_2_IRQHandler
                0x00000000080004d4                SPI1_IRQHandler
                0x00000000080004d4                TAMPER_IRQHandler
                0x00000000080004d4                TIM6_DAC_IRQHandler
                0x00000000080004d4                TIM1_BRK_TIM9_IRQHandler
                0x00000000080004d4                CAN2_RX0_IRQHandler
                0x00000000080004d4                TIM8_UP_IRQHandler
                0x00000000080004d4                DMA2_Channel2_IRQHandler
                0x00000000080004d4                DMA1_Channel4_IRQHandler
                0x00000000080004d4                USART3_IRQHandler
                0x00000000080004d4                RTC_IRQHandler
                0x00000000080004d4                DMA1_Channel7_IRQHandler
                0x00000000080004d4                CAN1_RX1_IRQHandler
                0x00000000080004d4                UART5_IRQHandler
                0x00000000080004d4                ADC3_IRQHandler
                0x00000000080004d4                TIM4_IRQHandler
                0x00000000080004d4                DMA2_Channel1_IRQHandler
                0x00000000080004d4                I2C1_EV_IRQHandler
                0x00000000080004d4                DMA1_Channel6_IRQHandler
                0x00000000080004d4                UART4_IRQHandler
                0x00000000080004d4                DMA2_Channel4_IRQHandler
                0x00000000080004d4                RCC_IRQHandler
                0x00000000080004d4                TIM8_BRK_TIM12_IRQHandler
                0x00000000080004d4                TIM1_TRG_COM_IRQHandler
                0x00000000080004d4                DMA1_Channel1_IRQHandler
                0x00000000080004d4                Default_Handler
                0x00000000080004d4                CEC_IRQHandler
                0x00000000080004d4                EXTI15_10_IRQHandler
                0x00000000080004d4                TIM14_IRQHandler
                0x00000000080004d4                TIM13_IRQHandler
                0x00000000080004d4                TIM12_IRQHandler
                0x00000000080004d4                TIM7_IRQHandler
                0x00000000080004d4                CAN2_TX_IRQHandler
                0x00000000080004d4                TIM5_IRQHandler
                0x00000000080004d4                EXTI9_5_IRQHandler
                0x00000000080004d4                ETH_WKUP_IRQHandler
                0x00000000080004d4                SPI2_IRQHandler
                0x00000000080004d4                CAN1_TX_IRQHandler
                0x00000000080004d4                DMA2_Channel5_IRQHandler
                0x00000000080004d4                DMA1_Channel5_IRQHandler
                0x00000000080004d4                EXTI4_IRQHandler
                0x00000000080004d4                USB_LP_CAN1_RX0_IRQHandler
                0x00000000080004d4                TIM1_TRG_COM_TIM17_IRQHandler
                0x00000000080004d4                USB_HP_CAN1_TX_IRQHandler
                0x00000000080004d4                DMA1_Channel3_IRQHandler
                0x00000000080004d4                FSMC_IRQHandler
                0x00000000080004d4                ETH_IRQHandler
                0x00000000080004d4                TIM1_UP_IRQHandler
                0x00000000080004d4                WWDG_IRQHandler
                0x00000000080004d4                TIM2_IRQHandler
                0x00000000080004d4                OTG_FS_WKUP_IRQHandler
                0x00000000080004d4                TIM1_TRG_COM_TIM11_IRQHandler
                0x00000000080004d4                TIM1_BRK_IRQHandler
                0x00000000080004d4                EXTI1_IRQHandler
                0x00000000080004d4                RTCAlarm_IRQHandler
                0x00000000080004d4                DMA2_Channel4_5_IRQHandler
                0x00000000080004d4                USART2_IRQHandler
                0x00000000080004d4                I2C2_ER_IRQHandler
                0x00000000080004d4                DMA1_Channel2_IRQHandler
                0x00000000080004d4                TIM8_BRK_IRQHandler
                0x00000000080004d4                CAN1_SCE_IRQHandler
                0x00000000080004d4                FLASH_IRQHandler
                0x00000000080004d4                USART1_IRQHandler
                0x00000000080004d4                OTG_FS_IRQHandler
                0x00000000080004d4                SPI3_IRQHandler
                0x00000000080004d4                I2C1_ER_IRQHandler
                0x00000000080004d4                USBWakeUp_IRQHandler
                0x00000000080004d4                DMA2_Channel3_IRQHandler
                0x00000000080004d4                EXTI2_IRQHandler

.inits          0x00000000080004dc       0x28
                0x00000000080004dc                __data_regions_array_start = .
                0x00000000080004dc        0x4 LONG 0x800bfcc LOADADDR (.data)
                0x00000000080004e0        0x4 LONG 0x20000000 ADDR (.data)
                0x00000000080004e4        0x4 LONG 0x20000a98 (ADDR (.data) + SIZEOF (.data))
                0x00000000080004e8        0x4 LONG 0x800bfcc LOADADDR (.data_CCMRAM)
                0x00000000080004ec        0x4 LONG 0x0 ADDR (.data_CCMRAM)
                0x00000000080004f0        0x4 LONG 0x0 (ADDR (.data_CCMRAM) + SIZEOF (.data_CCMRAM))
                0x00000000080004f4                __data_regions_array_end = .
                0x00000000080004f4                __bss_regions_array_start = .
                0x00000000080004f4        0x4 LONG 0x20000a98 ADDR (.bss)
                0x00000000080004f8        0x4 LONG 0x200013d0 (ADDR (.bss) + SIZEOF (.bss))
                0x00000000080004fc        0x4 LONG 0x0 ADDR (.bss_CCMRAM)
                0x0000000008000500        0x4 LONG 0x0 (ADDR (.bss_CCMRAM) + SIZEOF (.bss_CCMRAM))
                0x0000000008000504                __bss_regions_array_end = .
 *(.init)
 *(.fini)
                0x0000000008000504                . = ALIGN (0x4)
                0x0000000008000504                PROVIDE (__preinit_array_start, .)
 *(.preinit_array_sysinit .preinit_array_sysinit.*)
 *(.preinit_array_platform .preinit_array_platform.*)
 *(.preinit_array .preinit_array.*)
                0x0000000008000504                PROVIDE (__preinit_array_end, .)
                0x0000000008000504                . = ALIGN (0x4)
                0x0000000008000504                PROVIDE (__init_array_start, .)
 *(SORT(.init_array.*))
 *(.init_array)
                0x0000000008000504                PROVIDE (__init_array_end, .)
                0x0000000008000504                . = ALIGN (0x4)
                0x0000000008000504                PROVIDE (__fini_array_start, .)
 *(SORT(.fini_array.*))
 *(.fini_array)
                0x0000000008000504                PROVIDE (__fini_array_end, .)

.flashtext
 *(.flashtext .flashtext.*)

.text           0x0000000008000508     0xbac3
 *(.text .text.*)
 .text.NVIC_Init
                0x0000000008000508       0xfc ./system/src/stm32f1-stdperiph/misc.o
                0x0000000008000508                NVIC_Init
 .text.ADC_DeInit
                0x0000000008000604       0x98 ./system/src/stm32f1-stdperiph/stm32f10x_adc.o
                0x0000000008000604                ADC_DeInit
 .text.ADC_Init
                0x000000000800069c      0x22c ./system/src/stm32f1-stdperiph/stm32f10x_adc.o
                0x000000000800069c                ADC_Init
 .text.ADC_StructInit
                0x00000000080008c8       0x38 ./system/src/stm32f1-stdperiph/stm32f10x_adc.o
                0x00000000080008c8                ADC_StructInit
 .text.ADC_Cmd  0x0000000008000900       0x7c ./system/src/stm32f1-stdperiph/stm32f10x_adc.o
                0x0000000008000900                ADC_Cmd
 .text.ADC_DMACmd
                0x000000000800097c       0x70 ./system/src/stm32f1-stdperiph/stm32f10x_adc.o
                0x000000000800097c                ADC_DMACmd
 .text.ADC_ResetCalibration
                0x00000000080009ec       0x4c ./system/src/stm32f1-stdperiph/stm32f10x_adc.o
                0x00000000080009ec                ADC_ResetCalibration
 .text.ADC_GetResetCalibrationStatus
                0x0000000008000a38       0x60 ./system/src/stm32f1-stdperiph/stm32f10x_adc.o
                0x0000000008000a38                ADC_GetResetCalibrationStatus
 .text.ADC_StartCalibration
                0x0000000008000a98       0x4c ./system/src/stm32f1-stdperiph/stm32f10x_adc.o
                0x0000000008000a98                ADC_StartCalibration
 .text.ADC_GetCalibrationStatus
                0x0000000008000ae4       0x60 ./system/src/stm32f1-stdperiph/stm32f10x_adc.o
                0x0000000008000ae4                ADC_GetCalibrationStatus
 .text.ADC_SoftwareStartConvCmd
                0x0000000008000b44       0x7c ./system/src/stm32f1-stdperiph/stm32f10x_adc.o
                0x0000000008000b44                ADC_SoftwareStartConvCmd
 .text.ADC_RegularChannelConfig
                0x0000000008000bc0      0x288 ./system/src/stm32f1-stdperiph/stm32f10x_adc.o
                0x0000000008000bc0                ADC_RegularChannelConfig
 .text.DMA_DeInit
                0x0000000008000e48      0x1e0 ./system/src/stm32f1-stdperiph/stm32f10x_dma.o
                0x0000000008000e48                DMA_DeInit
 .text.DMA_Init
                0x0000000008001028      0x220 ./system/src/stm32f1-stdperiph/stm32f10x_dma.o
                0x0000000008001028                DMA_Init
 .text.DMA_Cmd  0x0000000008001248       0xe8 ./system/src/stm32f1-stdperiph/stm32f10x_dma.o
                0x0000000008001248                DMA_Cmd
 .text.DMA_SetCurrDataCounter
                0x0000000008001330       0xb8 ./system/src/stm32f1-stdperiph/stm32f10x_dma.o
                0x0000000008001330                DMA_SetCurrDataCounter
 .text.FLASH_SetLatency
                0x00000000080013e8       0x54 ./system/src/stm32f1-stdperiph/stm32f10x_flash.o
                0x00000000080013e8                FLASH_SetLatency
 .text.FLASH_PrefetchBufferCmd
                0x000000000800143c       0x44 ./system/src/stm32f1-stdperiph/stm32f10x_flash.o
                0x000000000800143c                FLASH_PrefetchBufferCmd
 .text.GPIO_Init
                0x0000000008001480      0x254 ./system/src/stm32f1-stdperiph/stm32f10x_gpio.o
                0x0000000008001480                GPIO_Init
 .text.RCC_DeInit
                0x00000000080016d4       0x5c ./system/src/stm32f1-stdperiph/stm32f10x_rcc.o
                0x00000000080016d4                RCC_DeInit
 .text.RCC_HSEConfig
                0x0000000008001730       0x7c ./system/src/stm32f1-stdperiph/stm32f10x_rcc.o
                0x0000000008001730                RCC_HSEConfig
 .text.RCC_WaitForHSEStartUp
                0x00000000080017ac       0x50 ./system/src/stm32f1-stdperiph/stm32f10x_rcc.o
                0x00000000080017ac                RCC_WaitForHSEStartUp
 .text.RCC_PLLConfig
                0x00000000080017fc       0xdc ./system/src/stm32f1-stdperiph/stm32f10x_rcc.o
                0x00000000080017fc                RCC_PLLConfig
 .text.RCC_PLLCmd
                0x00000000080018d8       0x34 ./system/src/stm32f1-stdperiph/stm32f10x_rcc.o
                0x00000000080018d8                RCC_PLLCmd
 .text.RCC_SYSCLKConfig
                0x000000000800190c       0x54 ./system/src/stm32f1-stdperiph/stm32f10x_rcc.o
                0x000000000800190c                RCC_SYSCLKConfig
 .text.RCC_GetSYSCLKSource
                0x0000000008001960       0x20 ./system/src/stm32f1-stdperiph/stm32f10x_rcc.o
                0x0000000008001960                RCC_GetSYSCLKSource
 .text.RCC_HCLKConfig
                0x0000000008001980       0x78 ./system/src/stm32f1-stdperiph/stm32f10x_rcc.o
                0x0000000008001980                RCC_HCLKConfig
 .text.RCC_PCLK1Config
                0x00000000080019f8       0x68 ./system/src/stm32f1-stdperiph/stm32f10x_rcc.o
                0x00000000080019f8                RCC_PCLK1Config
 .text.RCC_PCLK2Config
                0x0000000008001a60       0x68 ./system/src/stm32f1-stdperiph/stm32f10x_rcc.o
                0x0000000008001a60                RCC_PCLK2Config
 .text.RCC_ADCCLKConfig
                0x0000000008001ac8       0x60 ./system/src/stm32f1-stdperiph/stm32f10x_rcc.o
                0x0000000008001ac8                RCC_ADCCLKConfig
 .text.RCC_GetClocksFreq
                0x0000000008001b28      0x164 ./system/src/stm32f1-stdperiph/stm32f10x_rcc.o
                0x0000000008001b28                RCC_GetClocksFreq
 .text.RCC_AHBPeriphClockCmd
                0x0000000008001c8c       0x70 ./system/src/stm32f1-stdperiph/stm32f10x_rcc.o
                0x0000000008001c8c                RCC_AHBPeriphClockCmd
 .text.RCC_APB2PeriphClockCmd
                0x0000000008001cfc       0x70 ./system/src/stm32f1-stdperiph/stm32f10x_rcc.o
                0x0000000008001cfc                RCC_APB2PeriphClockCmd
 .text.RCC_APB1PeriphClockCmd
                0x0000000008001d6c       0x70 ./system/src/stm32f1-stdperiph/stm32f10x_rcc.o
                0x0000000008001d6c                RCC_APB1PeriphClockCmd
 .text.RCC_APB2PeriphResetCmd
                0x0000000008001ddc       0x70 ./system/src/stm32f1-stdperiph/stm32f10x_rcc.o
                0x0000000008001ddc                RCC_APB2PeriphResetCmd
 .text.RCC_GetFlagStatus
                0x0000000008001e4c       0xc0 ./system/src/stm32f1-stdperiph/stm32f10x_rcc.o
                0x0000000008001e4c                RCC_GetFlagStatus
 .text.RCC_ClearFlag
                0x0000000008001f0c       0x1c ./system/src/stm32f1-stdperiph/stm32f10x_rcc.o
                0x0000000008001f0c                RCC_ClearFlag
 .text.SPI_Init
                0x0000000008001f28      0x1d0 ./system/src/stm32f1-stdperiph/stm32f10x_spi.o
                0x0000000008001f28                SPI_Init
 .text.SPI_Cmd  0x00000000080020f8       0x84 ./system/src/stm32f1-stdperiph/stm32f10x_spi.o
                0x00000000080020f8                SPI_Cmd
 .text.SPI_I2S_SendData
                0x000000000800217c       0x4c ./system/src/stm32f1-stdperiph/stm32f10x_spi.o
                0x000000000800217c                SPI_I2S_SendData
 .text.SPI_I2S_ReceiveData
                0x00000000080021c8       0x48 ./system/src/stm32f1-stdperiph/stm32f10x_spi.o
                0x00000000080021c8                SPI_I2S_ReceiveData
 .text.SPI_I2S_GetFlagStatus
                0x0000000008002210       0xa0 ./system/src/stm32f1-stdperiph/stm32f10x_spi.o
                0x0000000008002210                SPI_I2S_GetFlagStatus
 .text.TIM_TimeBaseInit
                0x00000000080022b0      0x1f4 ./system/src/stm32f1-stdperiph/stm32f10x_tim.o
                0x00000000080022b0                TIM_TimeBaseInit
 .text.TIM_OC2Init
                0x00000000080024a4      0x254 ./system/src/stm32f1-stdperiph/stm32f10x_tim.o
                0x00000000080024a4                TIM_OC2Init
 .text.TIM_OC4Init
                0x00000000080026f8      0x1a0 ./system/src/stm32f1-stdperiph/stm32f10x_tim.o
                0x00000000080026f8                TIM_OC4Init
 .text.TIM_ICInit
                0x0000000008002898      0x33c ./system/src/stm32f1-stdperiph/stm32f10x_tim.o
                0x0000000008002898                TIM_ICInit
 .text.TIM_Cmd  0x0000000008002bd4      0x128 ./system/src/stm32f1-stdperiph/stm32f10x_tim.o
                0x0000000008002bd4                TIM_Cmd
 .text.TIM_ITConfig
                0x0000000008002cfc      0x148 ./system/src/stm32f1-stdperiph/stm32f10x_tim.o
                0x0000000008002cfc                TIM_ITConfig
 .text.TIM_PrescalerConfig
                0x0000000008002e44      0x110 ./system/src/stm32f1-stdperiph/stm32f10x_tim.o
                0x0000000008002e44                TIM_PrescalerConfig
 .text.TIM_ARRPreloadConfig
                0x0000000008002f54      0x128 ./system/src/stm32f1-stdperiph/stm32f10x_tim.o
                0x0000000008002f54                TIM_ARRPreloadConfig
 .text.TIM_OC2PreloadConfig
                0x000000000800307c       0xc4 ./system/src/stm32f1-stdperiph/stm32f10x_tim.o
                0x000000000800307c                TIM_OC2PreloadConfig
 .text.TIM_OC4PreloadConfig
                0x0000000008003140       0xa0 ./system/src/stm32f1-stdperiph/stm32f10x_tim.o
                0x0000000008003140                TIM_OC4PreloadConfig
 .text.TIM_SetAutoreload
                0x00000000080031e0       0xf0 ./system/src/stm32f1-stdperiph/stm32f10x_tim.o
                0x00000000080031e0                TIM_SetAutoreload
 .text.TIM_SetCompare1
                0x00000000080032d0       0xd8 ./system/src/stm32f1-stdperiph/stm32f10x_tim.o
                0x00000000080032d0                TIM_SetCompare1
 .text.TIM_SetCompare2
                0x00000000080033a8       0x90 ./system/src/stm32f1-stdperiph/stm32f10x_tim.o
                0x00000000080033a8                TIM_SetCompare2
 .text.TIM_SetCompare3
                0x0000000008003438       0x6c ./system/src/stm32f1-stdperiph/stm32f10x_tim.o
                0x0000000008003438                TIM_SetCompare3
 .text.TIM_SetCompare4
                0x00000000080034a4       0x6c ./system/src/stm32f1-stdperiph/stm32f10x_tim.o
                0x00000000080034a4                TIM_SetCompare4
 .text.TIM_SetIC1Prescaler
                0x0000000008003510      0x114 ./system/src/stm32f1-stdperiph/stm32f10x_tim.o
                0x0000000008003510                TIM_SetIC1Prescaler
 .text.TIM_SetIC2Prescaler
                0x0000000008003624       0xd0 ./system/src/stm32f1-stdperiph/stm32f10x_tim.o
                0x0000000008003624                TIM_SetIC2Prescaler
 .text.TIM_SetIC3Prescaler
                0x00000000080036f4       0xa8 ./system/src/stm32f1-stdperiph/stm32f10x_tim.o
                0x00000000080036f4                TIM_SetIC3Prescaler
 .text.TIM_SetIC4Prescaler
                0x000000000800379c       0xac ./system/src/stm32f1-stdperiph/stm32f10x_tim.o
                0x000000000800379c                TIM_SetIC4Prescaler
 .text.TIM_ClearITPendingBit
                0x0000000008003848      0x10c ./system/src/stm32f1-stdperiph/stm32f10x_tim.o
                0x0000000008003848                TIM_ClearITPendingBit
 .text.TI1_Config
                0x0000000008003954       0xe0 ./system/src/stm32f1-stdperiph/stm32f10x_tim.o
 .text.TI2_Config
                0x0000000008003a34       0xf4 ./system/src/stm32f1-stdperiph/stm32f10x_tim.o
 .text.TI3_Config
                0x0000000008003b28       0xec ./system/src/stm32f1-stdperiph/stm32f10x_tim.o
 .text.TI4_Config
                0x0000000008003c14       0xf8 ./system/src/stm32f1-stdperiph/stm32f10x_tim.o
 .text.USART_Init
                0x0000000008003d0c      0x2b8 ./system/src/stm32f1-stdperiph/stm32f10x_usart.o
                0x0000000008003d0c                USART_Init
 .text.USART_Cmd
                0x0000000008003fc4       0x9c ./system/src/stm32f1-stdperiph/stm32f10x_usart.o
                0x0000000008003fc4                USART_Cmd
 .text.USART_DMACmd
                0x0000000008004060       0xc0 ./system/src/stm32f1-stdperiph/stm32f10x_usart.o
                0x0000000008004060                USART_DMACmd
 .text.WWDG_SetPrescaler
                0x0000000008004120       0x58 ./system/src/stm32f1-stdperiph/stm32f10x_wwdg.o
                0x0000000008004120                WWDG_SetPrescaler
 .text.WWDG_SetWindowValue
                0x0000000008004178       0x48 ./system/src/stm32f1-stdperiph/stm32f10x_wwdg.o
                0x0000000008004178                WWDG_SetWindowValue
 .text._exit    0x00000000080041c0        0xc ./system/src/newlib/_exit.o
                0x00000000080041c0                _exit
 .text.abort    0x00000000080041cc       0x14 ./system/src/newlib/_exit.o
                0x00000000080041cc                abort
 .text._sbrk    0x00000000080041e0       0x68 ./system/src/newlib/_sbrk.o
                0x00000000080041e0                _sbrk
 .text.__initialize_args
                0x0000000008004248       0x28 ./system/src/newlib/_syscalls.o
                0x0000000008004248                __initialize_args
 .text.assert_failed
                0x0000000008004270       0x1c ./system/src/newlib/assert.o
                0x0000000008004270                assert_failed
 .text.trace_printf
                0x000000000800428c       0x44 ./system/src/diag/Trace.o
                0x000000000800428c                trace_printf
 .text.trace_puts
                0x00000000080042d0       0x30 ./system/src/diag/Trace.o
                0x00000000080042d0                trace_puts
 .text.trace_write
                0x0000000008004300       0x1c ./system/src/diag/trace_impl.o
                0x0000000008004300                trace_write
 .text._trace_write_semihosting_debug
                0x000000000800431c       0xa4 ./system/src/diag/trace_impl.o
 .text.__initialize_hardware_early
                0x00000000080043c0       0x18 ./system/src/cortexm/_initialize_hardware.o
                0x00000000080043c0                __initialize_hardware_early
 .text.__initialize_hardware
                0x00000000080043d8        0xc ./system/src/cortexm/_initialize_hardware.o
                0x00000000080043d8                __initialize_hardware
 .text.dumpExceptionStack
                0x00000000080043e4      0x12c ./system/src/cortexm/exception_handlers.o
                0x00000000080043e4                dumpExceptionStack
 .text.isSemihosting
                0x0000000008004510       0x54 ./system/src/cortexm/exception_handlers.o
                0x0000000008004510                isSemihosting
 .text.SystemInit
                0x0000000008004564       0x68 ./system/src/cmsis/system_stm32f10x.o
                0x0000000008004564                SystemInit
 .text.SystemCoreClockUpdate
                0x00000000080045cc       0xdc ./system/src/cmsis/system_stm32f10x.o
                0x00000000080045cc                SystemCoreClockUpdate
 .text.SetSysClock
                0x00000000080046a8        0xc ./system/src/cmsis/system_stm32f10x.o
 .text.SetSysClockTo72
                0x00000000080046b4      0x100 ./system/src/cmsis/system_stm32f10x.o
 .text.RF_Init  0x00000000080047b4       0x34 ./src/Project_Files/System/Modules/RF/hw_commonrf.o
                0x00000000080047b4                RF_Init
 .text.RF_DeInit
                0x00000000080047e8       0x30 ./src/Project_Files/System/Modules/RF/hw_commonrf.o
                0x00000000080047e8                RF_DeInit
 .text.RF_TxDataWireless
                0x0000000008004818       0x30 ./src/Project_Files/System/Modules/RF/hw_commonrf.o
                0x0000000008004818                RF_TxDataWireless
 .text.RF_TxMode
                0x0000000008004848       0x28 ./src/Project_Files/System/Modules/RF/hw_commonrf.o
                0x0000000008004848                RF_TxMode
 .text.RF_TxDone
                0x0000000008004870       0x38 ./src/Project_Files/System/Modules/RF/hw_commonrf.o
                0x0000000008004870                RF_TxDone
 .text.RF_SetChannel
                0x00000000080048a8       0x4c ./src/Project_Files/System/Modules/RF/hw_commonrf.o
                0x00000000080048a8                RF_SetChannel
 .text.RF_SetAddress
                0x00000000080048f4       0x24 ./src/Project_Files/System/Modules/RF/hw_commonrf.o
                0x00000000080048f4                RF_SetAddress
 .text.RF_RxDataWireless
                0x0000000008004918       0x30 ./src/Project_Files/System/Modules/RF/hw_commonrf.o
                0x0000000008004918                RF_RxDataWireless
 .text.RF_RxMode
                0x0000000008004948       0x28 ./src/Project_Files/System/Modules/RF/hw_commonrf.o
                0x0000000008004948                RF_RxMode
 .text.RF_RxDone
                0x0000000008004970       0x38 ./src/Project_Files/System/Modules/RF/hw_commonrf.o
                0x0000000008004970                RF_RxDone
 .text.RF_Ch_Quality
                0x00000000080049a8       0x30 ./src/Project_Files/System/Modules/RF/hw_commonrf.o
                0x00000000080049a8                RF_Ch_Quality
 .text.hoperf_write
                0x00000000080049d8       0x44 ./src/Project_Files/System/Modules/RF/hw_hoperf.o
                0x00000000080049d8                hoperf_write
 .text.hoperf_read
                0x0000000008004a1c       0x3c ./src/Project_Files/System/Modules/RF/hw_hoperf.o
                0x0000000008004a1c                hoperf_read
 .text.hoperf_temp_get
                0x0000000008004a58       0x18 ./src/Project_Files/System/Modules/RF/hw_hoperf.o
                0x0000000008004a58                hoperf_temp_get
 .text.hoperf_reset
                0x0000000008004a70       0x14 ./src/Project_Files/System/Modules/RF/hw_hoperf.o
                0x0000000008004a70                hoperf_reset
 .text.Init_Hoperf
                0x0000000008004a84       0xf4 ./src/Project_Files/System/Modules/RF/hw_hoperf.o
                0x0000000008004a84                Init_Hoperf
 .text.DeInit_Hoperf
                0x0000000008004b78        0xc ./src/Project_Files/System/Modules/RF/hw_hoperf.o
                0x0000000008004b78                DeInit_Hoperf
 .text.hoperf_statushandler
                0x0000000008004b84       0xf8 ./src/Project_Files/System/Modules/RF/hw_hoperf.o
                0x0000000008004b84                hoperf_statushandler
 .text.Comm_Ready_Hoperf
                0x0000000008004c7c       0x28 ./src/Project_Files/System/Modules/RF/hw_hoperf.o
                0x0000000008004c7c                Comm_Ready_Hoperf
 .text.Sent_Done_Hoperf
                0x0000000008004ca4       0x28 ./src/Project_Files/System/Modules/RF/hw_hoperf.o
                0x0000000008004ca4                Sent_Done_Hoperf
 .text.hoperf_setTxPower
                0x0000000008004ccc       0x1c ./src/Project_Files/System/Modules/RF/hw_hoperf.o
                0x0000000008004ccc                hoperf_setTxPower
 .text.hoperf_setFrequency
                0x0000000008004ce8      0x228 ./src/Project_Files/System/Modules/RF/hw_hoperf.o
                0x0000000008004ce8                hoperf_setFrequency
 .text.hoperf_statusRead
                0x0000000008004f10       0x14 ./src/Project_Files/System/Modules/RF/hw_hoperf.o
                0x0000000008004f10                hoperf_statusRead
 .text.hoperf_setModemConfig
                0x0000000008004f24       0x48 ./src/Project_Files/System/Modules/RF/hw_hoperf.o
                0x0000000008004f24                hoperf_setModemConfig
 .text.hoperf_setModemRegisters
                0x0000000008004f6c       0x68 ./src/Project_Files/System/Modules/RF/hw_hoperf.o
                0x0000000008004f6c                hoperf_setModemRegisters
 .text.hoperf_setSyncWords
                0x0000000008004fd4       0x20 ./src/Project_Files/System/Modules/RF/hw_hoperf.o
                0x0000000008004fd4                hoperf_setSyncWords
 .text.hoperf_setHeaderTo
                0x0000000008004ff4       0x1c ./src/Project_Files/System/Modules/RF/hw_hoperf.o
                0x0000000008004ff4                hoperf_setHeaderTo
 .text.hoperf_setHeaderFrom
                0x0000000008005010       0x1c ./src/Project_Files/System/Modules/RF/hw_hoperf.o
                0x0000000008005010                hoperf_setHeaderFrom
 .text.hoperf_setHeaderId
                0x000000000800502c       0x1c ./src/Project_Files/System/Modules/RF/hw_hoperf.o
                0x000000000800502c                hoperf_setHeaderId
 .text.hoperf_setHeaderFlags
                0x0000000008005048       0x1c ./src/Project_Files/System/Modules/RF/hw_hoperf.o
                0x0000000008005048                hoperf_setHeaderFlags
 .text.hoperf_setPromiscuous
                0x0000000008005064       0x24 ./src/Project_Files/System/Modules/RF/hw_hoperf.o
                0x0000000008005064                hoperf_setPromiscuous
 .text.hoperf_spiBurstRead
                0x0000000008005088       0x50 ./src/Project_Files/System/Modules/RF/hw_hoperf.o
                0x0000000008005088                hoperf_spiBurstRead
 .text.hoperf_spiBurstWrite
                0x00000000080050d8       0x50 ./src/Project_Files/System/Modules/RF/hw_hoperf.o
                0x00000000080050d8                hoperf_spiBurstWrite
 .text.hoperf_setPreambleLength
                0x0000000008005128       0x1c ./src/Project_Files/System/Modules/RF/hw_hoperf.o
                0x0000000008005128                hoperf_setPreambleLength
 .text.RxDataWireless_Hoperf
                0x0000000008005144       0x30 ./src/Project_Files/System/Modules/RF/hw_hoperf.o
                0x0000000008005144                RxDataWireless_Hoperf
 .text.TxDataWireless_Hoperf
                0x0000000008005174       0x24 ./src/Project_Files/System/Modules/RF/hw_hoperf.o
                0x0000000008005174                TxDataWireless_Hoperf
 .text.hoperf_setMode
                0x0000000008005198       0x28 ./src/Project_Files/System/Modules/RF/hw_hoperf.o
                0x0000000008005198                hoperf_setMode
 .text.Rx_Mode_Hoperf
                0x00000000080051c0        0xc ./src/Project_Files/System/Modules/RF/hw_hoperf.o
                0x00000000080051c0                Rx_Mode_Hoperf
 .text.Tx_Mode_Hoperf
                0x00000000080051cc       0x10 ./src/Project_Files/System/Modules/RF/hw_hoperf.o
                0x00000000080051cc                Tx_Mode_Hoperf
 .text.Set_Channel_Hoperf
                0x00000000080051dc       0x28 ./src/Project_Files/System/Modules/RF/hw_hoperf.o
                0x00000000080051dc                Set_Channel_Hoperf
 .text.Set_Address_Hoperf
                0x0000000008005204       0x40 ./src/Project_Files/System/Modules/RF/hw_hoperf.o
                0x0000000008005204                Set_Address_Hoperf
 .text.hoperf_resetFifos
                0x0000000008005244       0x18 ./src/Project_Files/System/Modules/RF/hw_hoperf.o
                0x0000000008005244                hoperf_resetFifos
 .text.hoperf_resetRxFifo
                0x000000000800525c       0x18 ./src/Project_Files/System/Modules/RF/hw_hoperf.o
                0x000000000800525c                hoperf_resetRxFifo
 .text.SPI2_RW  0x0000000008005274       0x20 ./src/Project_Files/System/Modules/RF/hw_hoperf.o
                0x0000000008005274                SPI2_RW
 .text.Init_NRF
                0x0000000008005294       0x7c ./src/Project_Files/System/Modules/RF/hw_nRF24L01.o
                0x0000000008005294                Init_NRF
 .text.DeInit_NRF
                0x0000000008005310       0x18 ./src/Project_Files/System/Modules/RF/hw_nRF24L01.o
                0x0000000008005310                DeInit_NRF
 .text.TxDataWireless_NRF
                0x0000000008005328       0x38 ./src/Project_Files/System/Modules/RF/hw_nRF24L01.o
                0x0000000008005328                TxDataWireless_NRF
 .text.Tx_Mode_NRF
                0x0000000008005360       0x28 ./src/Project_Files/System/Modules/RF/hw_nRF24L01.o
                0x0000000008005360                Tx_Mode_NRF
 .text.Set_Channel_NRF
                0x0000000008005388       0x34 ./src/Project_Files/System/Modules/RF/hw_nRF24L01.o
                0x0000000008005388                Set_Channel_NRF
 .text.Set_Address_NRF
                0x00000000080053bc       0x64 ./src/Project_Files/System/Modules/RF/hw_nRF24L01.o
                0x00000000080053bc                Set_Address_NRF
 .text.RxDataWireless_NRF
                0x0000000008005420       0x20 ./src/Project_Files/System/Modules/RF/hw_nRF24L01.o
                0x0000000008005420                RxDataWireless_NRF
 .text.Rx_Mode_NRF
                0x0000000008005440       0x30 ./src/Project_Files/System/Modules/RF/hw_nRF24L01.o
                0x0000000008005440                Rx_Mode_NRF
 .text.Comm_Ready_NRF
                0x0000000008005470       0x44 ./src/Project_Files/System/Modules/RF/hw_nRF24L01.o
                0x0000000008005470                Comm_Ready_NRF
 .text.Get_Ch_Quality_NRF
                0x00000000080054b4       0x20 ./src/Project_Files/System/Modules/RF/hw_nRF24L01.o
                0x00000000080054b4                Get_Ch_Quality_NRF
 .text.Sent_Done_NRF
                0x00000000080054d4       0x3c ./src/Project_Files/System/Modules/RF/hw_nRF24L01.o
                0x00000000080054d4                Sent_Done_NRF
 .text.SPI_RW   0x0000000008005510       0x20 ./src/Project_Files/System/Modules/RF/hw_nRF24L01.o
                0x0000000008005510                SPI_RW
 .text.SPI_RW_Reg
                0x0000000008005530       0x40 ./src/Project_Files/System/Modules/RF/hw_nRF24L01.o
                0x0000000008005530                SPI_RW_Reg
 .text.SPI_Read
                0x0000000008005570       0x38 ./src/Project_Files/System/Modules/RF/hw_nRF24L01.o
                0x0000000008005570                SPI_Read
 .text.SPI_Read_Buf
                0x00000000080055a8       0x5c ./src/Project_Files/System/Modules/RF/hw_nRF24L01.o
                0x00000000080055a8                SPI_Read_Buf
 .text.SPI_Write_Buf
                0x0000000008005604       0x5c ./src/Project_Files/System/Modules/RF/hw_nRF24L01.o
                0x0000000008005604                SPI_Write_Buf
 .text.ADC_init
                0x0000000008005660      0x110 ./src/Project_Files/System/Modules/MCU/hw_ADC.o
                0x0000000008005660                ADC_init
 .text.ADC_get  0x0000000008005770       0x4c ./src/Project_Files/System/Modules/MCU/hw_ADC.o
                0x0000000008005770                ADC_get
 .text.NVIC_SetPriority
                0x00000000080057bc       0x54 ./src/Project_Files/System/Modules/MCU/hw_interr.o
 .text.SysTick_Config
                0x0000000008005810       0x44 ./src/Project_Files/System/Modules/MCU/hw_interr.o
 .text.Interr_init
                0x0000000008005854       0x60 ./src/Project_Files/System/Modules/MCU/hw_interr.o
                0x0000000008005854                Interr_init
 .text.SetSysClockTo72
                0x00000000080058b4       0x78 ./src/Project_Files/System/Modules/MCU/hw_mcu.o
                0x00000000080058b4                SetSysClockTo72
 .text.MCU_ReadDevId
                0x000000000800592c       0x24 ./src/Project_Files/System/Modules/MCU/hw_mcu.o
                0x000000000800592c                MCU_ReadDevId
 .text.MCU_init
                0x0000000008005950       0x84 ./src/Project_Files/System/Modules/MCU/hw_mcu.o
                0x0000000008005950                MCU_init
 .text.hw_pseudorng
                0x00000000080059d4       0x64 ./src/Project_Files/System/Modules/MCU/hw_mcu.o
                0x00000000080059d4                hw_pseudorng
 .text.port_init
                0x0000000008005a38      0x144 ./src/Project_Files/System/Modules/MCU/hw_ports.o
                0x0000000008005a38                port_init
 .text.SPI_init
                0x0000000008005b7c       0x5c ./src/Project_Files/System/Modules/MCU/hw_spi.o
                0x0000000008005b7c                SPI_init
 .text.ReadByteSPI1
                0x0000000008005bd8       0x60 ./src/Project_Files/System/Modules/MCU/hw_spi.o
                0x0000000008005bd8                ReadByteSPI1
 .text.ReadByteSPI2
                0x0000000008005c38       0x60 ./src/Project_Files/System/Modules/MCU/hw_spi.o
                0x0000000008005c38                ReadByteSPI2
 .text.Timers_init
                0x0000000008005c98      0x224 ./src/Project_Files/System/Modules/MCU/hw_timers.o
                0x0000000008005c98                Timers_init
 .text.SetChannel
                0x0000000008005ebc      0x1e8 ./src/Project_Files/System/Modules/MCU/hw_timers.o
                0x0000000008005ebc                SetChannel
 .text.GetTimeDiffFlank
                0x00000000080060a4       0x60 ./src/Project_Files/System/Modules/MCU/hw_timers.o
                0x00000000080060a4                GetTimeDiffFlank
 .text.GetMicros
                0x0000000008006104       0x54 ./src/Project_Files/System/Modules/MCU/hw_timers.o
                0x0000000008006104                GetMicros
 .text.GetTicks
                0x0000000008006158       0x20 ./src/Project_Files/System/Modules/MCU/hw_timers.o
                0x0000000008006158                GetTicks
 .text.reset_isr_dur
                0x0000000008006178       0x34 ./src/Project_Files/System/Modules/MCU/hw_timers.o
                0x0000000008006178                reset_isr_dur
 .text.get_isr_dur
                0x00000000080061ac       0x44 ./src/Project_Files/System/Modules/MCU/hw_timers.o
                0x00000000080061ac                get_isr_dur
 .text.cpu_load_calc
                0x00000000080061f0       0xb8 ./src/Project_Files/System/Modules/MCU/hw_timers.o
                0x00000000080061f0                cpu_load_calc
 .text.SysTick_Handler
                0x00000000080062a8      0x144 ./src/Project_Files/System/Modules/MCU/hw_timers.o
                0x00000000080062a8                SysTick_Handler
 .text.TIM3_IRQHandler
                0x00000000080063ec       0xec ./src/Project_Files/System/Modules/MCU/hw_timers.o
                0x00000000080063ec                TIM3_IRQHandler
 .text.TIM8_CC_IRQHandler
                0x00000000080064d8       0x88 ./src/Project_Files/System/Modules/MCU/hw_timers.o
                0x00000000080064d8                TIM8_CC_IRQHandler
 .text.DelayUs  0x0000000008006560       0x40 ./src/Project_Files/System/Modules/MCU/hw_timers.o
                0x0000000008006560                DelayUs
 .text.usart_init
                0x00000000080065a0       0xc4 ./src/Project_Files/System/Modules/MCU/hw_usart.o
                0x00000000080065a0                usart_init
 .text.usart_getTXbuffer
                0x0000000008006664       0x14 ./src/Project_Files/System/Modules/MCU/hw_usart.o
                0x0000000008006664                usart_getTXbuffer
 .text.SafeLinkHandler_SetRFAddress
                0x0000000008006678       0x24 ./src/Project_Files/System/Low_Level_State_Machines/SafeLink_Handler/SafeLink_Handler_LLSM.o
                0x0000000008006678                SafeLinkHandler_SetRFAddress
 .text.SafeLinkHandler_GetRFAddress
                0x000000000800669c       0x18 ./src/Project_Files/System/Low_Level_State_Machines/SafeLink_Handler/SafeLink_Handler_LLSM.o
                0x000000000800669c                SafeLinkHandler_GetRFAddress
 .text.SafeLinkHandler_ModifyRXFlag
                0x00000000080066b4       0x58 ./src/Project_Files/System/Low_Level_State_Machines/SafeLink_Handler/SafeLink_Handler_LLSM.o
                0x00000000080066b4                SafeLinkHandler_ModifyRXFlag
 .text.SafeLinkHandler_ModifyTXFlag
                0x000000000800670c       0x58 ./src/Project_Files/System/Low_Level_State_Machines/SafeLink_Handler/SafeLink_Handler_LLSM.o
                0x000000000800670c                SafeLinkHandler_ModifyTXFlag
 .text.SafeLinkHandler_GetLinkStatus
                0x0000000008006764       0x1c ./src/Project_Files/System/Low_Level_State_Machines/SafeLink_Handler/SafeLink_Handler_LLSM.o
                0x0000000008006764                SafeLinkHandler_GetLinkStatus
 .text.SafeLinkHandler_GetPacketSucc
                0x0000000008006780       0x28 ./src/Project_Files/System/Low_Level_State_Machines/SafeLink_Handler/SafeLink_Handler_LLSM.o
                0x0000000008006780                SafeLinkHandler_GetPacketSucc
 .text.SafeLinkHandler_LinkQualityRX
                0x00000000080067a8       0x10 ./src/Project_Files/System/Low_Level_State_Machines/SafeLink_Handler/SafeLink_Handler_LLSM.o
                0x00000000080067a8                SafeLinkHandler_LinkQualityRX
 .text.SafeLinkHandler_LinkQualityTX
                0x00000000080067b8       0x28 ./src/Project_Files/System/Low_Level_State_Machines/SafeLink_Handler/SafeLink_Handler_LLSM.o
                0x00000000080067b8                SafeLinkHandler_LinkQualityTX
 .text.SafeLinkHandler_SendPayload
                0x00000000080067e0       0xa8 ./src/Project_Files/System/Low_Level_State_Machines/SafeLink_Handler/SafeLink_Handler_LLSM.o
                0x00000000080067e0                SafeLinkHandler_SendPayload
 .text.SafeLinkHandler_ReceivePayload
                0x0000000008006888       0x8c ./src/Project_Files/System/Low_Level_State_Machines/SafeLink_Handler/SafeLink_Handler_LLSM.o
                0x0000000008006888                SafeLinkHandler_ReceivePayload
 .text.SafeLinkHandler_llsm_init
                0x0000000008006914       0xc8 ./src/Project_Files/System/Low_Level_State_Machines/SafeLink_Handler/SafeLink_Handler_LLSM.o
                0x0000000008006914                SafeLinkHandler_llsm_init
 .text.SafeLinkHandler_llsm_main
                0x00000000080069dc      0x37c ./src/Project_Files/System/Low_Level_State_Machines/SafeLink_Handler/SafeLink_Handler_LLSM.o
                0x00000000080069dc                SafeLinkHandler_llsm_main
 .text.SafeLinkHandler_SetupExtBuffers
                0x0000000008006d58       0x48 ./src/Project_Files/System/Low_Level_State_Machines/SafeLink_Handler/SafeLink_Handler_LLSM.o
                0x0000000008006d58                SafeLinkHandler_SetupExtBuffers
 .text.RFHandler_SetRFAddress
                0x0000000008006da0       0x24 ./src/Project_Files/System/Low_Level_State_Machines/RF_Handler/RF_Handler_LLSM.o
                0x0000000008006da0                RFHandler_SetRFAddress
 .text.RFHandler_GetRFAddress
                0x0000000008006dc4       0x18 ./src/Project_Files/System/Low_Level_State_Machines/RF_Handler/RF_Handler_LLSM.o
                0x0000000008006dc4                RFHandler_GetRFAddress
 .text.RFHandler_GetRXFlag
                0x0000000008006ddc       0x38 ./src/Project_Files/System/Low_Level_State_Machines/RF_Handler/RF_Handler_LLSM.o
                0x0000000008006ddc                RFHandler_GetRXFlag
 .text.RFHandler_ModifyTXFlag
                0x0000000008006e14       0x58 ./src/Project_Files/System/Low_Level_State_Machines/RF_Handler/RF_Handler_LLSM.o
                0x0000000008006e14                RFHandler_ModifyTXFlag
 .text.RFHandler_ModifyRXFlag
                0x0000000008006e6c       0x58 ./src/Project_Files/System/Low_Level_State_Machines/RF_Handler/RF_Handler_LLSM.o
                0x0000000008006e6c                RFHandler_ModifyRXFlag
 .text.RFHandler_GetLinkStatus
                0x0000000008006ec4       0x1c ./src/Project_Files/System/Low_Level_State_Machines/RF_Handler/RF_Handler_LLSM.o
                0x0000000008006ec4                RFHandler_GetLinkStatus
 .text.RFHandler_GetPacketSucc
                0x0000000008006ee0       0x28 ./src/Project_Files/System/Low_Level_State_Machines/RF_Handler/RF_Handler_LLSM.o
                0x0000000008006ee0                RFHandler_GetPacketSucc
 .text.RFHandler_LinkQuality
                0x0000000008006f08       0x10 ./src/Project_Files/System/Low_Level_State_Machines/RF_Handler/RF_Handler_LLSM.o
                0x0000000008006f08                RFHandler_LinkQuality
 .text.RFHandler_SendPayload
                0x0000000008006f18       0xbc ./src/Project_Files/System/Low_Level_State_Machines/RF_Handler/RF_Handler_LLSM.o
                0x0000000008006f18                RFHandler_SendPayload
 .text.RFHandler_ReceivePayload
                0x0000000008006fd4       0xb4 ./src/Project_Files/System/Low_Level_State_Machines/RF_Handler/RF_Handler_LLSM.o
                0x0000000008006fd4                RFHandler_ReceivePayload
 .text.RFHandler_CheckRFQualityTXC
                0x0000000008007088       0x60 ./src/Project_Files/System/Low_Level_State_Machines/RF_Handler/RF_Handler_LLSM.o
                0x0000000008007088                RFHandler_CheckRFQualityTXC
 .text.RFHandler_CheckRFQualityPCTR
                0x00000000080070e8       0xd8 ./src/Project_Files/System/Low_Level_State_Machines/RF_Handler/RF_Handler_LLSM.o
                0x00000000080070e8                RFHandler_CheckRFQualityPCTR
 .text.RFHandler_llsm_init
                0x00000000080071c0       0xf0 ./src/Project_Files/System/Low_Level_State_Machines/RF_Handler/RF_Handler_LLSM.o
                0x00000000080071c0                RFHandler_llsm_init
 .text.RFHandler_BanListUpdate
                0x00000000080072b0       0xa4 ./src/Project_Files/System/Low_Level_State_Machines/RF_Handler/RF_Handler_LLSM.o
                0x00000000080072b0                RFHandler_BanListUpdate
 .text.RFHandler_GetNextChannel
                0x0000000008007354       0x98 ./src/Project_Files/System/Low_Level_State_Machines/RF_Handler/RF_Handler_LLSM.o
                0x0000000008007354                RFHandler_GetNextChannel
 .text.RFHandler_llsm_main
                0x00000000080073ec      0x3f4 ./src/Project_Files/System/Low_Level_State_Machines/RF_Handler/RF_Handler_LLSM.o
                0x00000000080073ec                RFHandler_llsm_main
 .text.RFHandler_SetupExtBuffers
                0x00000000080077e0       0x48 ./src/Project_Files/System/Low_Level_State_Machines/RF_Handler/RF_Handler_LLSM.o
                0x00000000080077e0                RFHandler_SetupExtBuffers
 .text.ErrorHandler_llsm_init
                0x0000000008007828       0x50 ./src/Project_Files/System/Low_Level_State_Machines/Error_Handler/Error_Handler_LLSM.o
                0x0000000008007828                ErrorHandler_llsm_init
 .text.ErrorHandler_llsm_main
                0x0000000008007878       0x60 ./src/Project_Files/System/Low_Level_State_Machines/Error_Handler/Error_Handler_LLSM.o
                0x0000000008007878                ErrorHandler_llsm_main
 .text.ErrorHandler_llsm_Iface
                0x00000000080078d8       0x80 ./src/Project_Files/System/Low_Level_State_Machines/Error_Handler/Error_Handler_LLSM.o
                0x00000000080078d8                ErrorHandler_llsm_Iface
 .text.hw_init  0x0000000008007958       0x48 ./src/Project_Files/System/HAL/hw_general.o
                0x0000000008007958                hw_init
 .text.init_evm
                0x00000000080079a0       0x90 ./src/Project_Files/Event_Manager/event_manager.o
                0x00000000080079a0                init_evm
 .text.getq_event
                0x0000000008007a30       0xd8 ./src/Project_Files/Event_Manager/event_manager.o
                0x0000000008007a30                getq_event
 .text.dispatch_event
                0x0000000008007b08      0x318 ./src/Project_Files/Event_Manager/event_manager.o
                0x0000000008007b08                dispatch_event
 .text.discard_event
                0x0000000008007e20      0x110 ./src/Project_Files/Event_Manager/event_manager.o
                0x0000000008007e20                discard_event
 .text.sendq_Ievent
                0x0000000008007f30       0x90 ./src/Project_Files/Event_Manager/event_manager.o
                0x0000000008007f30                sendq_Ievent
 .text.sendq_Tevent
                0x0000000008007fc0       0x88 ./src/Project_Files/Event_Manager/event_manager.o
                0x0000000008007fc0                sendq_Tevent
 .text.sendq_Sevent
                0x0000000008008048       0x98 ./src/Project_Files/Event_Manager/event_manager.o
                0x0000000008008048                sendq_Sevent
 .text.get_event_dur
                0x00000000080080e0       0x44 ./src/Project_Files/Event_Manager/event_manager.o
                0x00000000080080e0                get_event_dur
 .text.reset_event_dur
                0x0000000008008124       0x34 ./src/Project_Files/Event_Manager/event_manager.o
                0x0000000008008124                reset_event_dur
 .text.event_processor_main
                0x0000000008008158       0x50 ./src/Project_Files/Event_Manager/event_manager.o
                0x0000000008008158                event_processor_main
 .text.init_statem
                0x00000000080081a8       0x20 ./src/Project_Files/Event_Manager/state_machine_fw.o
                0x00000000080081a8                init_statem
 .text.init_telemetry_sm
                0x00000000080081c8       0x7c ./src/Project_Files/Application/State_Machines/Telemetry/telemetry_sm.o
                0x00000000080081c8                init_telemetry_sm
 .text.telemetry_update
                0x0000000008008244      0x150 ./src/Project_Files/Application/State_Machines/Telemetry/telemetry_sm.o
                0x0000000008008244                telemetry_update
 .text.telemetry_basicframe
                0x0000000008008394       0xec ./src/Project_Files/Application/State_Machines/Telemetry/telemetry_sm.o
                0x0000000008008394                telemetry_basicframe
 .text.telemetry_userframe
                0x0000000008008480      0x3cc ./src/Project_Files/Application/State_Machines/Telemetry/telemetry_sm.o
                0x0000000008008480                telemetry_userframe
 .text.telemetry_sm_main
                0x000000000800884c      0x250 ./src/Project_Files/Application/State_Machines/Telemetry/telemetry_sm.o
                0x000000000800884c                telemetry_sm_main
 .text.init_display_sm
                0x0000000008008a9c       0x18 ./src/Project_Files/Application/State_Machines/Display/display_sm.o
                0x0000000008008a9c                init_display_sm
 .text.display_sm_main
                0x0000000008008ab4      0x324 ./src/Project_Files/Application/State_Machines/Display/display_sm.o
                0x0000000008008ab4                display_sm_main
 .text.display_info_ms
                0x0000000008008dd8       0xbc ./src/Project_Files/Application/State_Machines/Display/display_sm.o
                0x0000000008008dd8                display_info_ms
 .text.display_info_ss
                0x0000000008008e94       0x40 ./src/Project_Files/Application/State_Machines/Display/display_sm.o
                0x0000000008008e94                display_info_ss
 .text.init_controlPPM_sm
                0x0000000008008ed4       0x58 ./src/Project_Files/Application/State_Machines/Control_PPM/controlPPM_sm.o
                0x0000000008008ed4                init_controlPPM_sm
 .text.controlPPM_sm_main
                0x0000000008008f2c      0x2e0 ./src/Project_Files/Application/State_Machines/Control_PPM/controlPPM_sm.o
                0x0000000008008f2c                controlPPM_sm_main
 .text.setup_channels
                0x000000000800920c       0x7c ./src/Project_Files/Application/State_Machines/Control_PPM/controlPPM_sm.o
                0x000000000800920c                setup_channels
 .text.init_controlbuzzer_sm
                0x0000000008009288       0xcc ./src/Project_Files/Application/State_Machines/Control_Buzzer/controlbuzzer_sm.o
                0x0000000008009288                init_controlbuzzer_sm
 .text.controlbuzzer_sm_main
                0x0000000008009354      0x2c0 ./src/Project_Files/Application/State_Machines/Control_Buzzer/controlbuzzer_sm.o
                0x0000000008009354                controlbuzzer_sm_main
 .text.Comm_SLinkEncode
                0x0000000008009614       0x88 ./src/Project_Files/Application/State_Machines/Communications/communications_sm.o
                0x0000000008009614                Comm_SLinkEncode
 .text.Comm_UpdateChannelInfo
                0x000000000800969c      0x2ec ./src/Project_Files/Application/State_Machines/Communications/communications_sm.o
                0x000000000800969c                Comm_UpdateChannelInfo
 .text.Comm_GetTelInfo
                0x0000000008009988      0x244 ./src/Project_Files/Application/State_Machines/Communications/communications_sm.o
                0x0000000008009988                Comm_GetTelInfo
 .text.init_communications_sm
                0x0000000008009bcc       0x98 ./src/Project_Files/Application/State_Machines/Communications/communications_sm.o
                0x0000000008009bcc                init_communications_sm
 .text.communications_sm_main
                0x0000000008009c64      0x450 ./src/Project_Files/Application/State_Machines/Communications/communications_sm.o
                0x0000000008009c64                communications_sm_main
 .text.init_cmdInput_sm
                0x000000000800a0b4       0x18 ./src/Project_Files/Application/State_Machines/CmdInput/cmdInput_sm.o
                0x000000000800a0b4                init_cmdInput_sm
 .text.cmdInput_sm_main
                0x000000000800a0cc      0x138 ./src/Project_Files/Application/State_Machines/CmdInput/cmdInput_sm.o
                0x000000000800a0cc                cmdInput_sm_main
 .text.main     0x000000000800a204       0x18 ./src/Project_Files/main.o
                0x000000000800a204                main
 .text.NMI_Handler
                0x000000000800a21c        0xc ./src/Project_Files/stm32f10x_it.o
                0x000000000800a21c                NMI_Handler
 .text.HardFault_Handler
                0x000000000800a228        0x8 ./src/Project_Files/stm32f10x_it.o
                0x000000000800a228                HardFault_Handler
 .text.MemManage_Handler
                0x000000000800a230        0x8 ./src/Project_Files/stm32f10x_it.o
                0x000000000800a230                MemManage_Handler
 .text.BusFault_Handler
                0x000000000800a238        0x8 ./src/Project_Files/stm32f10x_it.o
                0x000000000800a238                BusFault_Handler
 .text.UsageFault_Handler
                0x000000000800a240        0x8 ./src/Project_Files/stm32f10x_it.o
                0x000000000800a240                UsageFault_Handler
 .text.DebugMon_Handler
                0x000000000800a248        0xc ./src/Project_Files/stm32f10x_it.o
                0x000000000800a248                DebugMon_Handler
 .text.SVC_Handler
                0x000000000800a254        0xc ./src/Project_Files/stm32f10x_it.o
                0x000000000800a254                SVC_Handler
 .text.PendSV_Handler
                0x000000000800a260        0xc ./src/Project_Files/stm32f10x_it.o
                0x000000000800a260                PendSV_Handler
 *fill*         0x000000000800a26c        0x4 
 .text.floor    0x000000000800a270      0x118 /Users/arigita/Development/gcc-arm-none-eabi-4_9-2015q3/bin/../lib/gcc/arm-none-eabi/4.9.3/../../../../arm-none-eabi/lib/armv7-m/libm.a(lib_a-s_floor.o)
                0x000000000800a270                floor
 .text          0x000000000800a388      0x370 /Users/arigita/Development/gcc-arm-none-eabi-4_9-2015q3/bin/../lib/gcc/arm-none-eabi/4.9.3/armv7-m/libgcc.a(_arm_addsubdf3.o)
                0x000000000800a388                __aeabi_drsub
                0x000000000800a390                __subdf3
                0x000000000800a390                __aeabi_dsub
                0x000000000800a394                __aeabi_dadd
                0x000000000800a394                __adddf3
                0x000000000800a60c                __aeabi_ui2d
                0x000000000800a60c                __floatunsidf
                0x000000000800a62c                __floatsidf
                0x000000000800a62c                __aeabi_i2d
                0x000000000800a650                __extendsfdf2
                0x000000000800a650                __aeabi_f2d
                0x000000000800a68c                __aeabi_ul2d
                0x000000000800a68c                __floatundidf
                0x000000000800a69c                __aeabi_l2d
                0x000000000800a69c                __floatdidf
 .text          0x000000000800a6f8      0x424 /Users/arigita/Development/gcc-arm-none-eabi-4_9-2015q3/bin/../lib/gcc/arm-none-eabi/4.9.3/armv7-m/libgcc.a(_arm_muldivdf3.o)
                0x000000000800a6f8                __aeabi_dmul
                0x000000000800a6f8                __muldf3
                0x000000000800a94c                __aeabi_ddiv
                0x000000000800a94c                __divdf3
 .text          0x000000000800ab1c      0x110 /Users/arigita/Development/gcc-arm-none-eabi-4_9-2015q3/bin/../lib/gcc/arm-none-eabi/4.9.3/armv7-m/libgcc.a(_arm_cmpdf2.o)
                0x000000000800ab1c                __gtdf2
                0x000000000800ab1c                __gedf2
                0x000000000800ab24                __ltdf2
                0x000000000800ab24                __ledf2
                0x000000000800ab2c                __eqdf2
                0x000000000800ab2c                __nedf2
                0x000000000800ab2c                __cmpdf2
                0x000000000800aba8                __aeabi_cdrcmple
                0x000000000800abb8                __aeabi_cdcmple
                0x000000000800abb8                __aeabi_cdcmpeq
                0x000000000800abc8                __aeabi_dcmpeq
                0x000000000800abdc                __aeabi_dcmplt
                0x000000000800abf0                __aeabi_dcmple
                0x000000000800ac04                __aeabi_dcmpge
                0x000000000800ac18                __aeabi_dcmpgt
 .text          0x000000000800ac2c       0x40 /Users/arigita/Development/gcc-arm-none-eabi-4_9-2015q3/bin/../lib/gcc/arm-none-eabi/4.9.3/armv7-m/libgcc.a(_arm_fixunsdfsi.o)
                0x000000000800ac2c                __fixunsdfsi
                0x000000000800ac2c                __aeabi_d2uiz
 .text          0x000000000800ac6c       0xa0 /Users/arigita/Development/gcc-arm-none-eabi-4_9-2015q3/bin/../lib/gcc/arm-none-eabi/4.9.3/armv7-m/libgcc.a(_arm_truncdfsf2.o)
                0x000000000800ac6c                __aeabi_d2f
                0x000000000800ac6c                __truncdfsf2
 .text          0x000000000800ad0c      0x21c /Users/arigita/Development/gcc-arm-none-eabi-4_9-2015q3/bin/../lib/gcc/arm-none-eabi/4.9.3/armv7-m/libgcc.a(_arm_addsubsf3.o)
                0x000000000800ad0c                __aeabi_frsub
                0x000000000800ad14                __aeabi_fsub
                0x000000000800ad14                __subsf3
                0x000000000800ad18                __aeabi_fadd
                0x000000000800ad18                __addsf3
                0x000000000800ae78                __aeabi_ui2f
                0x000000000800ae78                __floatunsisf
                0x000000000800ae80                __floatsisf
                0x000000000800ae80                __aeabi_i2f
                0x000000000800ae9c                __aeabi_ul2f
                0x000000000800ae9c                __floatundisf
                0x000000000800aeac                __aeabi_l2f
                0x000000000800aeac                __floatdisf
 .text          0x000000000800af28      0x2a0 /Users/arigita/Development/gcc-arm-none-eabi-4_9-2015q3/bin/../lib/gcc/arm-none-eabi/4.9.3/armv7-m/libgcc.a(_arm_muldivsf3.o)
                0x000000000800af28                __mulsf3
                0x000000000800af28                __aeabi_fmul
                0x000000000800b090                __divsf3
                0x000000000800b090                __aeabi_fdiv
 .text          0x000000000800b1c8       0xec /Users/arigita/Development/gcc-arm-none-eabi-4_9-2015q3/bin/../lib/gcc/arm-none-eabi/4.9.3/armv7-m/libgcc.a(_arm_cmpsf2.o)
                0x000000000800b1c8                __gesf2
                0x000000000800b1c8                __gtsf2
                0x000000000800b1d0                __ltsf2
                0x000000000800b1d0                __lesf2
                0x000000000800b1d8                __nesf2
                0x000000000800b1d8                __eqsf2
                0x000000000800b1d8                __cmpsf2
                0x000000000800b238                __aeabi_cfrcmple
                0x000000000800b240                __aeabi_cfcmpeq
                0x000000000800b240                __aeabi_cfcmple
                0x000000000800b250                __aeabi_fcmpeq
                0x000000000800b264                __aeabi_fcmplt
                0x000000000800b278                __aeabi_fcmple
                0x000000000800b28c                __aeabi_fcmpge
                0x000000000800b2a0                __aeabi_fcmpgt
 .text          0x000000000800b2b4       0x4c /Users/arigita/Development/gcc-arm-none-eabi-4_9-2015q3/bin/../lib/gcc/arm-none-eabi/4.9.3/armv7-m/libgcc.a(_arm_fixsfsi.o)
                0x000000000800b2b4                __fixsfsi
                0x000000000800b2b4                __aeabi_f2iz
 .text          0x000000000800b300       0x40 /Users/arigita/Development/gcc-arm-none-eabi-4_9-2015q3/bin/../lib/gcc/arm-none-eabi/4.9.3/armv7-m/libgcc.a(_arm_fixunssfsi.o)
                0x000000000800b300                __aeabi_f2uiz
                0x000000000800b300                __fixunssfsi
 .text.__errno  0x000000000800b340        0xc /Users/arigita/Development/gcc-arm-none-eabi-4_9-2015q3/bin/../lib/gcc/arm-none-eabi/4.9.3/../../../../arm-none-eabi/lib/armv7-m/libg_nano.a(lib_a-errno.o)
                0x000000000800b340                __errno
 .text.memcpy   0x000000000800b34c       0x16 /Users/arigita/Development/gcc-arm-none-eabi-4_9-2015q3/bin/../lib/gcc/arm-none-eabi/4.9.3/../../../../arm-none-eabi/lib/armv7-m/libg_nano.a(lib_a-memcpy.o)
                0x000000000800b34c                memcpy
 .text.strlen   0x000000000800b362       0x10 /Users/arigita/Development/gcc-arm-none-eabi-4_9-2015q3/bin/../lib/gcc/arm-none-eabi/4.9.3/../../../../arm-none-eabi/lib/armv7-m/libg_nano.a(lib_a-strlen.o)
                0x000000000800b362                strlen
 .text._vsnprintf_r
                0x000000000800b372       0x52 /Users/arigita/Development/gcc-arm-none-eabi-4_9-2015q3/bin/../lib/gcc/arm-none-eabi/4.9.3/../../../../arm-none-eabi/lib/armv7-m/libg_nano.a(lib_a-vsnprintf.o)
                0x000000000800b372                _vsnprintf_r
                0x000000000800b372                _vsniprintf_r
 .text.vsnprintf
                0x000000000800b3c4       0x20 /Users/arigita/Development/gcc-arm-none-eabi-4_9-2015q3/bin/../lib/gcc/arm-none-eabi/4.9.3/../../../../arm-none-eabi/lib/armv7-m/libg_nano.a(lib_a-vsnprintf.o)
                0x000000000800b3c4                vsnprintf
                0x000000000800b3c4                vsniprintf
 .text.__ssputs_r
                0x000000000800b3e4       0xb2 /Users/arigita/Development/gcc-arm-none-eabi-4_9-2015q3/bin/../lib/gcc/arm-none-eabi/4.9.3/../../../../arm-none-eabi/lib/armv7-m/libg_nano.a(lib_a-nano-svfprintf.o)
                0x000000000800b3e4                __ssputs_r
 *fill*         0x000000000800b496        0x2 
 .text._svfprintf_r
                0x000000000800b498      0x1e4 /Users/arigita/Development/gcc-arm-none-eabi-4_9-2015q3/bin/../lib/gcc/arm-none-eabi/4.9.3/../../../../arm-none-eabi/lib/armv7-m/libg_nano.a(lib_a-nano-svfprintf.o)
                0x000000000800b498                _svfprintf_r
                0x000000000800b498                _svfiprintf_r
 .text._printf_common
                0x000000000800b67c       0xea /Users/arigita/Development/gcc-arm-none-eabi-4_9-2015q3/bin/../lib/gcc/arm-none-eabi/4.9.3/../../../../arm-none-eabi/lib/armv7-m/libg_nano.a(lib_a-nano-vfprintf_i.o)
                0x000000000800b67c                _printf_common
 *fill*         0x000000000800b766        0x2 
 .text._printf_i
                0x000000000800b768      0x240 /Users/arigita/Development/gcc-arm-none-eabi-4_9-2015q3/bin/../lib/gcc/arm-none-eabi/4.9.3/../../../../arm-none-eabi/lib/armv7-m/libg_nano.a(lib_a-nano-vfprintf_i.o)
                0x000000000800b768                _printf_i
 .text.memchr   0x000000000800b9a8       0x1c /Users/arigita/Development/gcc-arm-none-eabi-4_9-2015q3/bin/../lib/gcc/arm-none-eabi/4.9.3/../../../../arm-none-eabi/lib/armv7-m/libg_nano.a(lib_a-memchr.o)
                0x000000000800b9a8                memchr
 .text.memmove  0x000000000800b9c4       0x36 /Users/arigita/Development/gcc-arm-none-eabi-4_9-2015q3/bin/../lib/gcc/arm-none-eabi/4.9.3/../../../../arm-none-eabi/lib/armv7-m/libg_nano.a(lib_a-memmove.o)
                0x000000000800b9c4                memmove
 *fill*         0x000000000800b9fa        0x2 
 .text._free_r  0x000000000800b9fc       0x88 /Users/arigita/Development/gcc-arm-none-eabi-4_9-2015q3/bin/../lib/gcc/arm-none-eabi/4.9.3/../../../../arm-none-eabi/lib/armv7-m/libg_nano.a(lib_a-nano-freer.o)
                0x000000000800b9fc                _free_r
 .text._malloc_r
                0x000000000800ba84       0xac /Users/arigita/Development/gcc-arm-none-eabi-4_9-2015q3/bin/../lib/gcc/arm-none-eabi/4.9.3/../../../../arm-none-eabi/lib/armv7-m/libg_nano.a(lib_a-nano-mallocr.o)
                0x000000000800ba84                _malloc_r
 .text._realloc_r
                0x000000000800bb30       0x4c /Users/arigita/Development/gcc-arm-none-eabi-4_9-2015q3/bin/../lib/gcc/arm-none-eabi/4.9.3/../../../../arm-none-eabi/lib/armv7-m/libg_nano.a(lib_a-nano-reallocr.o)
                0x000000000800bb30                _realloc_r
 .text._sbrk_r  0x000000000800bb7c       0x20 /Users/arigita/Development/gcc-arm-none-eabi-4_9-2015q3/bin/../lib/gcc/arm-none-eabi/4.9.3/../../../../arm-none-eabi/lib/armv7-m/libg_nano.a(lib_a-sbrkr.o)
                0x000000000800bb7c                _sbrk_r
 .text._malloc_usable_size_r
                0x000000000800bb9c       0x14 /Users/arigita/Development/gcc-arm-none-eabi-4_9-2015q3/bin/../lib/gcc/arm-none-eabi/4.9.3/../../../../arm-none-eabi/lib/armv7-m/libg_nano.a(lib_a-nano-msizer.o)
                0x000000000800bb9c                _malloc_usable_size_r
 *(.rodata .rodata.* .constdata .constdata.*)
 .rodata        0x000000000800bbb0       0x27 ./system/src/stm32f1-stdperiph/misc.o
 *fill*         0x000000000800bbd7        0x1 
 .rodata        0x000000000800bbd8       0x30 ./system/src/stm32f1-stdperiph/stm32f10x_adc.o
 .rodata        0x000000000800bc08       0x30 ./system/src/stm32f1-stdperiph/stm32f10x_dma.o
 .rodata        0x000000000800bc38       0x32 ./system/src/stm32f1-stdperiph/stm32f10x_flash.o
 *fill*         0x000000000800bc6a        0x2 
 .rodata        0x000000000800bc6c       0x31 ./system/src/stm32f1-stdperiph/stm32f10x_gpio.o
 *fill*         0x000000000800bc9d        0x3 
 .rodata        0x000000000800bca0       0x30 ./system/src/stm32f1-stdperiph/stm32f10x_rcc.o
 .rodata        0x000000000800bcd0       0x30 ./system/src/stm32f1-stdperiph/stm32f10x_spi.o
 .rodata        0x000000000800bd00       0x30 ./system/src/stm32f1-stdperiph/stm32f10x_tim.o
 .rodata        0x000000000800bd30       0x32 ./system/src/stm32f1-stdperiph/stm32f10x_usart.o
 *fill*         0x000000000800bd62        0x2 
 .rodata        0x000000000800bd64       0x31 ./system/src/stm32f1-stdperiph/stm32f10x_wwdg.o
 *fill*         0x000000000800bd95        0x3 
 .rodata        0x000000000800bd98       0x14 ./system/src/newlib/_exit.o
 .rodata        0x000000000800bdac       0x6f ./system/src/newlib/assert.o
 *fill*         0x000000000800be1b        0x1 
 .rodata        0x000000000800be1c       0x2d ./system/src/diag/Trace.o
 *fill*         0x000000000800be49        0x3 
 .rodata        0x000000000800be4c      0x146 ./system/src/cortexm/exception_handlers.o
 *fill*         0x000000000800bf92        0x2 
 .rodata        0x000000000800bf94        0x2 ./src/Project_Files/System/Modules/RF/hw_hoperf.o
 .rodata.str1.1
                0x000000000800bf96        0x2 /Users/arigita/Development/gcc-arm-none-eabi-4_9-2015q3/bin/../lib/gcc/arm-none-eabi/4.9.3/../../../../arm-none-eabi/lib/armv7-m/libg_nano.a(lib_a-impure.o)
 .rodata.str1.1
                0x000000000800bf98       0x11 /Users/arigita/Development/gcc-arm-none-eabi-4_9-2015q3/bin/../lib/gcc/arm-none-eabi/4.9.3/../../../../arm-none-eabi/lib/armv7-m/libg_nano.a(lib_a-nano-svfprintf.o)
 .rodata.str1.1
                0x000000000800bfa9       0x22 /Users/arigita/Development/gcc-arm-none-eabi-4_9-2015q3/bin/../lib/gcc/arm-none-eabi/4.9.3/../../../../arm-none-eabi/lib/armv7-m/libg_nano.a(lib_a-nano-vfprintf_i.o)
 *(vtable)
 *(.eh_frame*)
 *(.glue_7)
 .glue_7        0x0000000000000000        0x0 linker stubs
 *(.glue_7t)
 .glue_7t       0x0000000000000000        0x0 linker stubs

.vfp11_veneer   0x000000000800bfcc        0x0
 .vfp11_veneer  0x0000000000000000        0x0 linker stubs

.v4_bx          0x000000000800bfcc        0x0
 .v4_bx         0x0000000000000000        0x0 linker stubs

.iplt           0x000000000800bfcc        0x0
 .iplt          0x0000000000000000        0x0 ./system/src/stm32f1-stdperiph/misc.o

.rel.dyn        0x000000000800bfcc        0x0
 .rel.iplt      0x0000000000000000        0x0 ./system/src/stm32f1-stdperiph/misc.o

.ARM.extab
 *(.ARM.extab* .gnu.linkonce.armextab.*)
                0x000000000800bfcc                . = ALIGN (0x4)
                0x000000000800bfcc                __exidx_start = .

.ARM.exidx
 *(.ARM.exidx* .gnu.linkonce.armexidx.*)
                0x000000000800bfcc                __exidx_end = .
                0x000000000800bfcc                . = ALIGN (0x4)
                0x000000000800bfcc                _etext = .
                0x000000000800bfcc                __etext = .

.data_CCMRAM    0x0000000000000000        0x0 load address 0x000000000800bfcc
 FILL mask 0xff
 *(.data.CCMRAM .data.CCMRAM.*)
                0x0000000000000000                . = ALIGN (0x4)
                0x000000000800bfcc                _sidata = LOADADDR (.data)

.data           0x0000000020000000      0xa98 load address 0x000000000800bfcc
 FILL mask 0xff
                0x0000000020000000                _sdata = .
                0x0000000020000000                __data_start__ = .
 *(.data_begin .data_begin.*)
 .data_begin    0x0000000020000000        0x4 ./system/src/newlib/_startup.o
 *(.data .data.*)
 .data.APBAHBPrescTable
                0x0000000020000004       0x10 ./system/src/stm32f1-stdperiph/stm32f10x_rcc.o
 .data.ADCPrescTable
                0x0000000020000014        0x4 ./system/src/stm32f1-stdperiph/stm32f10x_rcc.o
 .data.argv.4156
                0x0000000020000018        0x8 ./system/src/newlib/_syscalls.o
 .data.SystemCoreClock
                0x0000000020000020        0x4 ./system/src/cmsis/system_stm32f10x.o
                0x0000000020000020                SystemCoreClock
 .data.AHBPrescTable
                0x0000000020000024       0x10 ./system/src/cmsis/system_stm32f10x.o
                0x0000000020000024                AHBPrescTable
 .data.MODEM_CONFIG_TABLE
                0x0000000020000034      0x1c2 ./src/Project_Files/System/Modules/RF/hw_hoperf.o
                0x0000000020000034                MODEM_CONFIG_TABLE
 *fill*         0x00000000200001f6        0x2 
 .data.hoperf_channel_list
                0x00000000200001f8        0xc ./src/Project_Files/System/Modules/RF/hw_hoperf.o
                0x00000000200001f8                hoperf_channel_list
 .data.TX_ADDRESS
                0x0000000020000204        0x3 ./src/Project_Files/System/Modules/RF/hw_nRF24L01.o
                0x0000000020000204                TX_ADDRESS
 *fill*         0x0000000020000207        0x1 
 .data.RX_ADDRESS
                0x0000000020000208        0x3 ./src/Project_Files/System/Modules/RF/hw_nRF24L01.o
                0x0000000020000208                RX_ADDRESS
 *fill*         0x000000002000020b        0x1 
 .data.nrf_channel_list
                0x000000002000020c       0x19 ./src/Project_Files/System/Modules/RF/hw_nRF24L01.o
                0x000000002000020c                nrf_channel_list
 *fill*         0x0000000020000225        0x3 
 .data.INT_events_p
                0x0000000020000228        0x4 ./src/Project_Files/System/Modules/MCU/hw_timers.o
                0x0000000020000228                INT_events_p
 .data.TxBufferSize
                0x000000002000022c        0x1 ./src/Project_Files/System/Modules/MCU/hw_usart.o
                0x000000002000022c                TxBufferSize
 .data.RxBufferSize
                0x000000002000022d        0x1 ./src/Project_Files/System/Modules/MCU/hw_usart.o
                0x000000002000022d                RxBufferSize
 *fill*         0x000000002000022e        0x2 
 .data.tel_dataid_ext1
                0x0000000020000230        0xc ./src/Project_Files/Application/State_Machines/Telemetry/telemetry_sm.o
                0x0000000020000230                tel_dataid_ext1
 .data.tel_dataid_ext2
                0x000000002000023c        0xd ./src/Project_Files/Application/State_Machines/Telemetry/telemetry_sm.o
                0x000000002000023c                tel_dataid_ext2
 *fill*         0x0000000020000249        0x3 
 .data.tel_dataid_ext3
                0x000000002000024c        0x4 ./src/Project_Files/Application/State_Machines/Telemetry/telemetry_sm.o
                0x000000002000024c                tel_dataid_ext3
 .data.tel_endianness_ext1
                0x0000000020000250        0xc ./src/Project_Files/Application/State_Machines/Telemetry/telemetry_sm.o
                0x0000000020000250                tel_endianness_ext1
 .data.tel_endianness_ext2
                0x000000002000025c        0xd ./src/Project_Files/Application/State_Machines/Telemetry/telemetry_sm.o
                0x000000002000025c                tel_endianness_ext2
 *fill*         0x0000000020000269        0x3 
 .data.frame_basisidx
                0x000000002000026c        0x3 ./src/Project_Files/Application/State_Machines/Telemetry/telemetry_sm.o
                0x000000002000026c                frame_basisidx
 *fill*         0x000000002000026f        0x1 
 .data.frame_length
                0x0000000020000270        0x3 ./src/Project_Files/Application/State_Machines/Telemetry/telemetry_sm.o
                0x0000000020000270                frame_length
 *fill*         0x0000000020000273        0x1 
 .data.frame_dataID
                0x0000000020000274        0xc ./src/Project_Files/Application/State_Machines/Telemetry/telemetry_sm.o
                0x0000000020000274                frame_dataID
 .data.frame_Endianness
                0x0000000020000280        0xc ./src/Project_Files/Application/State_Machines/Telemetry/telemetry_sm.o
                0x0000000020000280                frame_Endianness
 .data.Starwars_Track_Notes
                0x000000002000028c      0x160 ./src/Project_Files/Application/State_Machines/Control_Buzzer/controlbuzzer_sm.o
                0x000000002000028c                Starwars_Track_Notes
 .data.Starwars_Track_Durations
                0x00000000200003ec       0x58 ./src/Project_Files/Application/State_Machines/Control_Buzzer/controlbuzzer_sm.o
                0x00000000200003ec                Starwars_Track_Durations
 .data.StarwarsImp_Track_Notes
                0x0000000020000444      0x260 ./src/Project_Files/Application/State_Machines/Control_Buzzer/controlbuzzer_sm.o
                0x0000000020000444                StarwarsImp_Track_Notes
 .data.StarwarsImp_Track_Durations
                0x00000000200006a4       0x98 ./src/Project_Files/Application/State_Machines/Control_Buzzer/controlbuzzer_sm.o
                0x00000000200006a4                StarwarsImp_Track_Durations
 .data.MarioBros_Track_Notes
                0x000000002000073c      0x138 ./src/Project_Files/Application/State_Machines/Control_Buzzer/controlbuzzer_sm.o
                0x000000002000073c                MarioBros_Track_Notes
 .data.MarioBros_Track_Durations
                0x0000000020000874       0x4e ./src/Project_Files/Application/State_Machines/Control_Buzzer/controlbuzzer_sm.o
                0x0000000020000874                MarioBros_Track_Durations
 *fill*         0x00000000200008c2        0x2 
 .data.Underworld_Track_Notes
                0x00000000200008c4       0xd4 ./src/Project_Files/Application/State_Machines/Control_Buzzer/controlbuzzer_sm.o
                0x00000000200008c4                Underworld_Track_Notes
 .data.Underworld_Track_Durations
                0x0000000020000998       0x35 ./src/Project_Files/Application/State_Machines/Control_Buzzer/controlbuzzer_sm.o
                0x0000000020000998                Underworld_Track_Durations
 *fill*         0x00000000200009cd        0x3 
 .data.Tetris_Track_Notes
                0x00000000200009d0       0x4c ./src/Project_Files/Application/State_Machines/Control_Buzzer/controlbuzzer_sm.o
                0x00000000200009d0                Tetris_Track_Notes
 .data.Tetris_Track_Durations
                0x0000000020000a1c       0x13 ./src/Project_Files/Application/State_Machines/Control_Buzzer/controlbuzzer_sm.o
                0x0000000020000a1c                Tetris_Track_Durations
 *fill*         0x0000000020000a2f        0x1 
 .data.impure_data
                0x0000000020000a30       0x60 /Users/arigita/Development/gcc-arm-none-eabi-4_9-2015q3/bin/../lib/gcc/arm-none-eabi/4.9.3/../../../../arm-none-eabi/lib/armv7-m/libg_nano.a(lib_a-impure.o)
 .data._impure_ptr
                0x0000000020000a90        0x4 /Users/arigita/Development/gcc-arm-none-eabi-4_9-2015q3/bin/../lib/gcc/arm-none-eabi/4.9.3/../../../../arm-none-eabi/lib/armv7-m/libg_nano.a(lib_a-impure.o)
                0x0000000020000a90                _impure_ptr
 *(.data_end .data_end.*)
 .data_end      0x0000000020000a94        0x4 ./system/src/newlib/_startup.o
                0x0000000020000a98                . = ALIGN (0x4)
                0x0000000020000a98                _edata = .
                0x0000000020000a98                __data_end__ = .

.igot.plt       0x0000000020000a98        0x0 load address 0x000000000800ca64
 .igot.plt      0x0000000000000000        0x0 ./system/src/stm32f1-stdperiph/misc.o

.bss_CCMRAM     0x0000000000000000        0x0
 *(.bss.CCMRAM .bss.CCMRAM.*)

.bss            0x0000000020000a98      0x938
                0x0000000020000a98                __bss_start__ = .
                0x0000000020000a98                _sbss = .
 *(.bss_begin .bss_begin.*)
 .bss_begin     0x0000000020000a98        0x4 ./system/src/newlib/_startup.o
 *(.bss .bss.*)
 .bss.current_heap_end.3858
                0x0000000020000a9c        0x4 ./system/src/newlib/_sbrk.o
 .bss.name.4155
                0x0000000020000aa0        0x1 ./system/src/newlib/_syscalls.o
 *fill*         0x0000000020000aa1        0x3 
 .bss.buf.4994  0x0000000020000aa4       0x80 ./system/src/diag/Trace.o
 .bss.system_tick_count
                0x0000000020000b24        0x4 ./src/Project_Files/System/Modules/MCU/hw_timers.o
                0x0000000020000b24                system_tick_count
 .bss.CCR4_Val  0x0000000020000b28        0x2 ./src/Project_Files/System/Modules/MCU/hw_timers.o
                0x0000000020000b28                CCR4_Val
 *fill*         0x0000000020000b2a        0x2 
 .bss.timer8_overflow_count
                0x0000000020000b2c        0x4 ./src/Project_Files/System/Modules/MCU/hw_timers.o
                0x0000000020000b2c                timer8_overflow_count
 .bss.timer3_overflow_count
                0x0000000020000b30        0x4 ./src/Project_Files/System/Modules/MCU/hw_timers.o
                0x0000000020000b30                timer3_overflow_count
 .bss.timer8_capture_count
                0x0000000020000b34        0x4 ./src/Project_Files/System/Modules/MCU/hw_timers.o
                0x0000000020000b34                timer8_capture_count
 .bss.cpu_load_isr
                0x0000000020000b38        0x1 ./src/Project_Files/System/Modules/MCU/hw_timers.o
                0x0000000020000b38                cpu_load_isr
 .bss.cpu_load_events
                0x0000000020000b39        0x1 ./src/Project_Files/System/Modules/MCU/hw_timers.o
                0x0000000020000b39                cpu_load_events
 .bss.cpu_load  0x0000000020000b3a        0x1 ./src/Project_Files/System/Modules/MCU/hw_timers.o
                0x0000000020000b3a                cpu_load
 .bss.cpu_load_max
                0x0000000020000b3b        0x1 ./src/Project_Files/System/Modules/MCU/hw_timers.o
                0x0000000020000b3b                cpu_load_max
 .bss.USART_TxBuffer
                0x0000000020000b3c        0xf ./src/Project_Files/System/Modules/MCU/hw_usart.o
                0x0000000020000b3c                USART_TxBuffer
 .bss.queue_next
                0x0000000020000b4b        0x1 ./src/Project_Files/Event_Manager/event_manager.o
                0x0000000020000b4b                queue_next
 .bss.tel_endianness_ext3
                0x0000000020000b4c        0x4 ./src/Project_Files/Application/State_Machines/Telemetry/telemetry_sm.o
                0x0000000020000b4c                tel_endianness_ext3
 .bss.__malloc_sbrk_start
                0x0000000020000b50        0x4 /Users/arigita/Development/gcc-arm-none-eabi-4_9-2015q3/bin/../lib/gcc/arm-none-eabi/4.9.3/../../../../arm-none-eabi/lib/armv7-m/libg_nano.a(lib_a-nano-mallocr.o)
                0x0000000020000b50                __malloc_sbrk_start
 .bss.__malloc_free_list
                0x0000000020000b54        0x4 /Users/arigita/Development/gcc-arm-none-eabi-4_9-2015q3/bin/../lib/gcc/arm-none-eabi/4.9.3/../../../../arm-none-eabi/lib/armv7-m/libg_nano.a(lib_a-nano-mallocr.o)
                0x0000000020000b54                __malloc_free_list
 *(COMMON)
 COMMON         0x0000000020000b58        0x4 ./system/src/newlib/_syscalls.o
                0x0000000020000b58                errno
 COMMON         0x0000000020000b5c       0x64 ./src/Project_Files/System/Modules/RF/hw_commonrf.o
                0x0000000020000b5c                channels_used
 COMMON         0x0000000020000bc0       0x22 ./src/Project_Files/System/Modules/RF/hw_hoperf.o
                0x0000000020000bc0                errorhandler_llsm
                0x0000000020000bdf                hoperf_temperature
                0x0000000020000be0                hoperf_Rssi
                0x0000000020000be1                current_address
 *fill*         0x0000000020000be2        0x2 
 COMMON         0x0000000020000be4       0x44 ./src/Project_Files/System/Modules/MCU/hw_ADC.o
                0x0000000020000be4                ADC_InitStructure
                0x0000000020000bf8                ADC1ConvertedValue
                0x0000000020000bfc                DMA_InitStructure
 COMMON         0x0000000020000c28      0x5c4 ./src/Project_Files/System/Modules/MCU/hw_timers.o
                0x0000000020000c28                event_times_max
                0x0000000020000cf8                event_times_min
                0x0000000020000dc8                queue_Time
                0x0000000020000de8                queue_pinINT
                0x0000000020000e18                entry_ev
                0x0000000020000e1c                event_times_act
                0x0000000020000eec                event_times_acc
                0x0000000020000fbc                rfhandler_llsm
                0x0000000020001064                isr_time
                0x000000002000106c                PrescalerValue
                0x0000000020001070                slhandler_llsm
                0x00000000200010a4                queue_signalSM
                0x00000000200011e4                INT_events
 COMMON         0x00000000200011ec        0x5 ./src/Project_Files/System/Modules/MCU/hw_usart.o
                0x00000000200011ec                USART_RxBuffer
 *fill*         0x00000000200011f1        0x3 
 COMMON         0x00000000200011f4       0x10 ./src/Project_Files/System/Low_Level_State_Machines/SafeLink_Handler/SafeLink_Handler_LLSM.o
                0x00000000200011f4                slhandler_states
 COMMON         0x0000000020001204       0x1c ./src/Project_Files/System/Low_Level_State_Machines/RF_Handler/RF_Handler_LLSM.o
                0x0000000020001204                rfhandler_states
 COMMON         0x0000000020001220       0x14 ./src/Project_Files/System/Low_Level_State_Machines/Error_Handler/Error_Handler_LLSM.o
                0x0000000020001220                errorhandler_states
 COMMON         0x0000000020001234      0x198 ./src/Project_Files/Event_Manager/event_manager.o
                0x0000000020001234                EventTimeQueueCtr1
                0x0000000020001238                Tracks
                0x0000000020001274                display_sm
                0x0000000020001278                control_sm
                0x00000000200012b4                SignalSMQueueCtr1
                0x00000000200012b8                communications_sm
                0x0000000020001314                telemetry_sm
                0x00000000200013bc                EventINTQueueCtr1
                0x00000000200013c0                controlbuzzer_sm
                0x00000000200013c8                cmdInput_sm
 *(.bss_end .bss_end.*)
 .bss_end       0x00000000200013cc        0x4 ./system/src/newlib/_startup.o
                0x00000000200013d0                . = ALIGN (0x4)
                0x00000000200013d0                __bss_end__ = .
                0x00000000200013d0                _ebss = .

.noinit_CCMRAM
 *(.noinit.CCMRAM .noinit.CCMRAM.*)

.noinit         0x00000000200013d0        0x0
                0x00000000200013d0                _noinit = .
 *(.noinit .noinit.*)
                0x00000000200013d0                . = ALIGN (0x4)
                0x00000000200013d0                _end_noinit = .
                0x00000000200013d0                PROVIDE (end, _end_noinit)
                0x00000000200013d0                PROVIDE (_end, _end_noinit)
                0x00000000200013d0                PROVIDE (__end, _end_noinit)
                0x00000000200013d0                PROVIDE (__end__, _end_noinit)

._check_stack   0x00000000200013d0      0x100
                0x00000000200014d0                . = (. + _Minimum_Stack_Size)
 *fill*         0x00000000200013d0      0x100 

.b1text
 *(.b1text)
 *(.b1rodata)
 *(.b1rodata.*)

.eb0text
 *(.eb0text)
 *(.eb0rodata)
 *(.eb0rodata.*)

.eb1text
 *(.eb1text)
 *(.eb1rodata)
 *(.eb1rodata.*)

.eb2text
 *(.eb2text)
 *(.eb2rodata)
 *(.eb2rodata.*)

.eb3text
 *(.eb3text)
 *(.eb3rodata)
 *(.eb3rodata.*)

.stab
 *(.stab)

.stabstr
 *(.stabstr)

.stab.excl
 *(.stab.excl)

.stab.exclstr
 *(.stab.exclstr)

.stab.index
 *(.stab.index)

.stab.indexstr
 *(.stab.indexstr)

.comment        0x0000000000000000       0x70
 *(.comment)
 .comment       0x0000000000000000       0x70 ./system/src/stm32f1-stdperiph/misc.o
                                         0x71 (size before relaxing)
 .comment       0x0000000000000000       0x71 ./system/src/stm32f1-stdperiph/stm32f10x_adc.o
 .comment       0x0000000000000000       0x71 ./system/src/stm32f1-stdperiph/stm32f10x_dma.o
 .comment       0x0000000000000000       0x71 ./system/src/stm32f1-stdperiph/stm32f10x_flash.o
 .comment       0x0000000000000000       0x71 ./system/src/stm32f1-stdperiph/stm32f10x_gpio.o